pcb_LC_0	347.3732
pcb_LC_1	348.0032
pcb_LC_2	348.0032
pcb_LC_3	347.3732
pcb_LC_4	347.8864
pcb_LC_5	348.9552
pcb_LC_6	348.9552
pcb_LC_7	347.8864
pcb_LC_8	347.8217
pcb_LC_9	348.8398
pcb_LC_10	348.8398
pcb_LC_11	347.8217
pcb_LC_12	347.1935
pcb_LC_13	347.7316
pcb_LC_14	347.7316
pcb_LC_15	347.1935
solder_LC_0	351.5457
solder_LC_1	351.8326
solder_LC_2	351.8326
solder_LC_3	351.5457
solder_LC_4	351.5086
solder_LC_5	351.8897
solder_LC_6	351.8897
solder_LC_7	351.5086
solder_LC_8	351.3248
solder_LC_9	351.5968
solder_LC_10	351.5968
solder_LC_11	351.3248
solder_LC_12	351.0535
solder_LC_13	351.1361
solder_LC_14	351.1361
solder_LC_15	351.0535
sub_LC_0	353.9436
sub_LC_1	354.5786
sub_LC_2	354.5786
sub_LC_3	353.9436
sub_LC_4	353.4634
sub_LC_5	354.1658
sub_LC_6	354.1658
sub_LC_7	353.4634
sub_LC_8	352.7784
sub_LC_9	353.4025
sub_LC_10	353.4025
sub_LC_11	352.7784
sub_LC_12	352.0588
sub_LC_13	352.5235
sub_LC_14	352.5235
sub_LC_15	352.0588
layer_3_LC_0	356.5170
layer_3_LC_1	357.5198
layer_3_LC_2	357.5198
layer_3_LC_3	356.5170
layer_3_LC_4	355.2719
layer_3_LC_5	356.3747
layer_3_LC_6	356.3747
layer_3_LC_7	355.2719
layer_3_LC_8	354.0966
layer_3_LC_9	355.1721
layer_3_LC_10	355.1721
layer_3_LC_11	354.0966
layer_3_LC_12	352.8869
layer_3_LC_13	353.8265
layer_3_LC_14	353.8265
layer_3_LC_15	352.8869
layer_4_TB_0	356.2700
layer_4_TB_1	357.2808
layer_4_TB_2	357.2808
layer_4_TB_3	356.2700
layer_4_TB_4	355.0125
layer_4_TB_5	356.1258
layer_4_TB_6	356.1258
layer_4_TB_7	355.0125
layer_4_TB_8	353.8424
layer_4_TB_9	354.9290
layer_4_TB_10	354.9290
layer_4_TB_11	353.8424
layer_4_TB_12	352.6285
layer_4_TB_13	353.5776
layer_4_TB_14	353.5776
layer_4_TB_15	352.6285
layer_5_B_0	356.0230
layer_5_B_1	357.0420
layer_5_B_2	357.0420
layer_5_B_3	356.0230
layer_5_B_4	354.7530
layer_5_B_5	355.8769
layer_5_B_6	355.8769
layer_5_B_7	354.7530
layer_5_B_8	353.5882
layer_5_B_9	354.6861
layer_5_B_10	354.6861
layer_5_B_11	353.5882
layer_5_B_12	352.3698
layer_5_B_13	353.3287
layer_5_B_14	353.3287
layer_5_B_15	352.3698
layer_6_TB_0	355.5380
layer_6_TB_1	356.5735
layer_6_TB_2	356.5735
layer_6_TB_3	355.5380
layer_6_TB_4	354.2525
layer_6_TB_5	355.3975
layer_6_TB_6	355.3975
layer_6_TB_7	354.2525
layer_6_TB_8	353.1093
layer_6_TB_9	354.2286
layer_6_TB_10	354.2286
layer_6_TB_11	353.1093
layer_6_TB_12	351.8608
layer_6_TB_13	352.8370
layer_6_TB_14	352.8370
layer_6_TB_15	351.8608
layer_7_B_16	355.0531
layer_7_B_17	356.1052
layer_7_B_18	356.1052
layer_7_B_19	355.0531
layer_7_B_20	353.7519
layer_7_B_21	354.9182
layer_7_B_22	354.9182
layer_7_B_23	353.7519
layer_7_B_24	352.6303
layer_7_B_25	353.7713
layer_7_B_26	353.7713
layer_7_B_27	352.6303
layer_7_B_28	351.3515
layer_7_B_29	352.3453
layer_7_B_30	352.3453
layer_7_B_31	351.3515
layer_8_TB_0	354.1755
layer_8_TB_1	355.2527
layer_8_TB_2	355.2527
layer_8_TB_3	354.1755
layer_8_TB_4	353.0013
layer_8_TB_5	354.1997
layer_8_TB_6	354.1997
layer_8_TB_7	353.0013
layer_8_TB_8	351.9152
layer_8_TB_9	353.0884
layer_8_TB_10	353.0884
layer_8_TB_11	351.9152
layer_8_TB_12	350.6250
layer_8_TB_13	351.6440
layer_8_TB_14	351.6440
layer_8_TB_15	350.6250
layer_9_B_32	353.2980
layer_9_B_33	354.4004
layer_9_B_34	354.4004
layer_9_B_35	353.2980
layer_9_B_36	352.2505
layer_9_B_37	353.4813
layer_9_B_38	353.4813
layer_9_B_39	352.2505
layer_9_B_40	351.2001
layer_9_B_41	352.4057
layer_9_B_42	352.4057
layer_9_B_43	351.2001
layer_9_B_44	349.8982
layer_9_B_45	350.9427
layer_9_B_46	350.9427
layer_9_B_47	349.8982
layer_10_TB_0	352.2077
layer_10_TB_1	353.3440
layer_10_TB_2	353.3440
layer_10_TB_3	352.2077
layer_10_TB_4	351.2706
layer_10_TB_5	352.5450
layer_10_TB_6	352.5450
layer_10_TB_7	351.2706
layer_10_TB_8	350.2763
layer_10_TB_9	351.5253
layer_10_TB_10	351.5253
layer_10_TB_11	350.2763
layer_10_TB_12	348.9603
layer_10_TB_13	350.0383
layer_10_TB_14	350.0383
layer_10_TB_15	348.9603
layer_11_B_48	351.1174
layer_11_B_49	352.2878
layer_11_B_50	352.2878
layer_11_B_51	351.1174
layer_11_B_52	350.2906
layer_11_B_53	351.6089
layer_11_B_54	351.6089
layer_11_B_55	350.2906
layer_11_B_56	349.3524
layer_11_B_57	350.6450
layer_11_B_58	350.6450
layer_11_B_59	349.3524
layer_11_B_60	348.0221
layer_11_B_61	349.1338
layer_11_B_62	349.1338
layer_11_B_63	348.0221
layer_12_TB_0	349.7945
layer_12_TB_1	351.0081
layer_12_TB_2	351.0081
layer_12_TB_3	349.7945
layer_12_TB_4	349.1006
layer_12_TB_5	350.4748
layer_12_TB_6	350.4748
layer_12_TB_7	349.1006
layer_12_TB_8	348.2066
layer_12_TB_9	349.5545
layer_12_TB_10	349.5545
layer_12_TB_11	348.2066
layer_12_TB_12	346.8457
layer_12_TB_13	347.9996
layer_12_TB_14	347.9996
layer_12_TB_15	346.8457
layer_13_B_64	348.4716
layer_13_B_65	349.7285
layer_13_B_66	349.7285
layer_13_B_67	348.4716
layer_13_B_68	347.9104
layer_13_B_69	349.3407
layer_13_B_70	349.3407
layer_13_B_71	347.9104
layer_13_B_72	347.0607
layer_13_B_73	348.4642
layer_13_B_74	348.4642
layer_13_B_75	347.0607
layer_13_B_76	345.6691
layer_13_B_77	346.8654
layer_13_B_78	346.8654
layer_13_B_79	345.6691
layer_14_TB_0	346.9246
layer_14_TB_1	348.2343
layer_14_TB_2	348.2343
layer_14_TB_3	346.9246
layer_14_TB_4	346.4967
layer_14_TB_5	347.9960
layer_14_TB_6	347.9960
layer_14_TB_7	346.4967
layer_14_TB_8	345.7070
layer_14_TB_9	347.1787
layer_14_TB_10	347.1787
layer_14_TB_11	345.7070
layer_14_TB_12	344.2565
layer_14_TB_13	345.5039
layer_14_TB_14	345.5039
layer_14_TB_15	344.2565
layer_15_B_80	345.3775
layer_15_B_81	346.7402
layer_15_B_82	346.7402
layer_15_B_83	345.3775
layer_15_B_84	345.0829
layer_15_B_85	346.6515
layer_15_B_86	346.6515
layer_15_B_87	345.0829
layer_15_B_88	344.3532
layer_15_B_89	345.8933
layer_15_B_90	345.8933
layer_15_B_91	344.3532
layer_15_B_92	342.8437
layer_15_B_93	344.1424
layer_15_B_94	344.1424
layer_15_B_95	342.8437
layer_16_TB_0	343.4545
layer_16_TB_1	344.8801
layer_16_TB_2	344.8801
layer_16_TB_3	343.4545
layer_16_TB_4	343.4419
layer_16_TB_5	345.0935
layer_16_TB_6	345.0935
layer_16_TB_7	343.4419
layer_16_TB_8	342.7846
layer_16_TB_9	344.4066
layer_16_TB_10	344.4066
layer_16_TB_11	342.7846
layer_16_TB_12	341.2314
layer_16_TB_13	342.5908
layer_16_TB_14	342.5908
layer_16_TB_15	341.2314
layer_17_B_96	341.5314
layer_17_B_97	343.0202
layer_17_B_98	343.0202
layer_17_B_99	341.5314
layer_17_B_100	341.8007
layer_17_B_101	343.5358
layer_17_B_102	343.5358
layer_17_B_103	341.8007
layer_17_B_104	341.2159
layer_17_B_105	342.9202
layer_17_B_106	342.9202
layer_17_B_107	341.2159
layer_17_B_108	339.6189
layer_17_B_109	341.0392
layer_17_B_110	341.0392
layer_17_B_111	339.6189
layer_18_TB_0	339.4146
layer_18_TB_1	340.9770
layer_18_TB_2	340.9770
layer_18_TB_3	339.4146
layer_18_TB_4	339.9583
layer_18_TB_5	341.7918
layer_18_TB_6	341.7918
layer_18_TB_7	339.9583
layer_18_TB_8	339.4635
layer_18_TB_9	341.2646
layer_18_TB_10	341.2646
layer_18_TB_11	339.4635
layer_18_TB_12	337.8165
layer_18_TB_13	339.3075
layer_18_TB_14	339.3075
layer_18_TB_15	337.8165
layer_19_B_112	337.2976
layer_19_B_113	338.9339
layer_19_B_114	338.9339
layer_19_B_115	337.2976
layer_19_B_116	338.1158
layer_19_B_117	340.0480
layer_19_B_118	340.0480
layer_19_B_119	338.1158
layer_19_B_120	337.7110
layer_19_B_121	339.6093
layer_19_B_122	339.6093
layer_19_B_123	337.7110
layer_19_B_124	336.0139
layer_19_B_125	337.5757
layer_19_B_126	337.5757
layer_19_B_127	336.0139
layer_20_TB_0	334.9693
layer_20_TB_1	336.6903
layer_20_TB_2	336.6903
layer_20_TB_3	334.9693
layer_20_TB_4	336.0961
layer_20_TB_5	338.1432
layer_20_TB_6	338.1432
layer_20_TB_7	336.0961
layer_20_TB_8	335.7653
layer_20_TB_9	337.7766
layer_20_TB_10	337.7766
layer_20_TB_11	335.7653
layer_20_TB_12	333.9975
layer_20_TB_13	335.6404
layer_20_TB_14	335.6404
layer_20_TB_15	333.9975
hsp_TB_0	331.7939
hsp_TB_1	333.6309
hsp_TB_2	333.6309
hsp_TB_3	331.7939
hsp_TB_4	333.3419
hsp_TB_5	335.5461
hsp_TB_6	335.5461
hsp_TB_7	333.3419
hsp_TB_8	333.1119
hsp_TB_9	335.2777
hsp_TB_10	335.2777
hsp_TB_11	333.1119
hsp_TB_12	331.2476
hsp_TB_13	333.0013
hsp_TB_14	333.0013
hsp_TB_15	331.2476
hsink_TB_0	322.5205
hsink_TB_1	322.5605
hsink_TB_2	322.5605
hsink_TB_3	322.5205
hsink_TB_4	322.5465
hsink_TB_5	322.5945
hsink_TB_6	322.5945
hsink_TB_7	322.5465
hsink_TB_8	322.5369
hsink_TB_9	322.5829
hsink_TB_10	322.5829
hsink_TB_11	322.5369
hsink_TB_12	322.4907
hsink_TB_13	322.5259
hsink_TB_14	322.5259
hsink_TB_15	322.4907
inode_0	322.4698
inode_1	322.4698
inode_2	322.4318
inode_3	322.5221
inode_4	322.3581
inode_5	322.3581
inode_6	322.3227
inode_7	322.4066
inode_8	321.6054
inode_9	321.6054
inode_10	321.5763
inode_11	321.6452
inode_12	351.2527
inode_13	351.2527
inode_14	350.9410
inode_15	351.6950
inode_16	351.1491
inode_17	351.1491
inode_18	350.8668
inode_19	351.5341
inode_20	346.2716
inode_21	346.2716
inode_22	346.1490
inode_23	346.4194
inode_24	335.2463
inode_25	335.2463
inode_26	335.1718
inode_27	335.3362
