pcb_LC_0	349.3354
pcb_LC_1	349.9612
pcb_LC_2	349.9612
pcb_LC_3	349.3354
pcb_LC_4	349.9579
pcb_LC_5	351.0827
pcb_LC_6	351.0827
pcb_LC_7	349.9579
pcb_LC_8	349.9560
pcb_LC_9	351.0793
pcb_LC_10	351.0793
pcb_LC_11	349.9560
pcb_LC_12	349.3302
pcb_LC_13	349.9533
pcb_LC_14	349.9533
pcb_LC_15	349.3302
solder_LC_0	353.6149
solder_LC_1	353.8115
solder_LC_2	353.8115
solder_LC_3	353.6149
solder_LC_4	353.8027
solder_LC_5	354.1767
solder_LC_6	354.1767
solder_LC_7	353.8027
solder_LC_8	353.7972
solder_LC_9	354.1681
solder_LC_10	354.1681
solder_LC_11	353.7972
solder_LC_12	353.6006
solder_LC_13	353.7913
solder_LC_14	353.7913
solder_LC_15	353.6006
sub_LC_0	355.2606
sub_LC_1	355.8638
sub_LC_2	355.8638
sub_LC_3	355.2606
sub_LC_4	355.8350
sub_LC_5	356.5883
sub_LC_6	356.5883
sub_LC_7	355.8350
sub_LC_8	355.8143
sub_LC_9	356.5652
sub_LC_10	356.5652
sub_LC_11	355.8143
sub_LC_12	355.2063
sub_LC_13	355.8043
sub_LC_14	355.8043
sub_LC_15	355.2063
layer_3_LC_0	356.7812
layer_3_LC_1	357.8696
layer_3_LC_2	357.8696
layer_3_LC_3	356.7812
layer_3_LC_4	357.8132
layer_3_LC_5	359.0412
layer_3_LC_6	359.0412
layer_3_LC_7	357.8132
layer_3_LC_8	357.7767
layer_3_LC_9	359.0037
layer_3_LC_10	359.0037
layer_3_LC_11	357.7767
layer_3_LC_12	356.6772
layer_3_LC_13	357.7632
layer_3_LC_14	357.7632
layer_3_LC_15	356.6772
layer_4_TB_0	356.5060
layer_4_TB_1	357.6039
layer_4_TB_2	357.6039
layer_4_TB_3	356.5060
layer_4_TB_4	357.5470
layer_4_TB_5	358.7861
layer_4_TB_6	358.7861
layer_4_TB_7	357.5470
layer_4_TB_8	357.5106
layer_4_TB_9	358.7487
layer_4_TB_10	358.7487
layer_4_TB_11	357.5106
layer_4_TB_12	356.4017
layer_4_TB_13	357.4972
layer_4_TB_14	357.4972
layer_4_TB_15	356.4017
layer_5_B_0	356.2306
layer_5_B_1	357.3381
layer_5_B_2	357.3381
layer_5_B_3	356.2306
layer_5_B_4	357.2807
layer_5_B_5	358.5312
layer_5_B_6	358.5312
layer_5_B_7	357.2807
layer_5_B_8	357.2445
layer_5_B_9	358.4940
layer_5_B_10	358.4940
layer_5_B_11	357.2445
layer_5_B_12	356.1261
layer_5_B_13	357.2312
layer_5_B_14	357.2312
layer_5_B_15	356.1261
layer_6_TB_0	355.7316
layer_6_TB_1	356.8575
layer_6_TB_2	356.8575
layer_6_TB_3	355.7316
layer_6_TB_4	356.7994
layer_6_TB_5	358.0728
layer_6_TB_6	358.0728
layer_6_TB_7	356.7994
layer_6_TB_8	356.7634
layer_6_TB_9	358.0358
layer_6_TB_10	358.0358
layer_6_TB_11	356.7634
layer_6_TB_12	355.6267
layer_6_TB_13	356.7503
layer_6_TB_14	356.7503
layer_6_TB_15	355.6267
layer_7_B_16	355.2324
layer_7_B_17	356.3769
layer_7_B_18	356.3769
layer_7_B_19	355.2324
layer_7_B_20	356.3179
layer_7_B_21	357.6146
layer_7_B_22	357.6146
layer_7_B_23	356.3179
layer_7_B_24	356.2822
layer_7_B_25	357.5778
layer_7_B_26	357.5778
layer_7_B_27	356.2822
layer_7_B_28	355.1272
layer_7_B_29	356.2693
layer_7_B_30	356.2693
layer_7_B_31	355.1272
layer_8_TB_0	354.5118
layer_8_TB_1	355.6839
layer_8_TB_2	355.6839
layer_8_TB_3	354.5118
layer_8_TB_4	355.6237
layer_8_TB_5	356.9555
layer_8_TB_6	356.9555
layer_8_TB_7	355.6237
layer_8_TB_8	355.5884
layer_8_TB_9	356.9192
layer_8_TB_10	356.9192
layer_8_TB_11	355.5884
layer_8_TB_12	354.4061
layer_8_TB_13	355.5758
layer_8_TB_14	355.5758
layer_8_TB_15	354.4061
layer_9_B_32	353.7910
layer_9_B_33	354.9909
layer_9_B_34	354.9909
layer_9_B_35	353.7910
layer_9_B_36	354.9295
layer_9_B_37	356.2967
layer_9_B_38	356.2967
layer_9_B_39	354.9295
layer_9_B_40	354.8946
layer_9_B_41	356.2608
layer_9_B_42	356.2608
layer_9_B_43	354.8946
layer_9_B_44	353.6847
layer_9_B_45	354.8823
layer_9_B_46	354.8823
layer_9_B_47	353.6847
layer_10_TB_0	352.8519
layer_10_TB_1	354.0889
layer_10_TB_2	354.0889
layer_10_TB_3	352.8519
layer_10_TB_4	354.0259
layer_10_TB_5	355.4410
layer_10_TB_6	355.4410
layer_10_TB_7	354.0259
layer_10_TB_8	353.9916
layer_10_TB_9	355.4057
layer_10_TB_10	355.4057
layer_10_TB_11	353.9916
layer_10_TB_12	352.7450
layer_10_TB_13	353.9796
layer_10_TB_14	353.9796
layer_10_TB_15	352.7450
layer_11_B_48	351.9126
layer_11_B_49	353.1869
layer_11_B_50	353.1869
layer_11_B_51	351.9126
layer_11_B_52	353.1222
layer_11_B_53	354.5856
layer_11_B_54	354.5856
layer_11_B_55	353.1222
layer_11_B_56	353.0885
layer_11_B_57	354.5508
layer_11_B_58	354.5508
layer_11_B_59	353.0885
layer_11_B_60	351.8051
layer_11_B_61	353.0770
layer_11_B_62	353.0770
layer_11_B_63	351.8051
layer_12_TB_0	350.5515
layer_12_TB_1	351.8728
layer_12_TB_2	351.8728
layer_12_TB_3	350.5515
layer_12_TB_4	351.8125
layer_12_TB_5	353.3373
layer_12_TB_6	353.3373
layer_12_TB_7	351.8125
layer_12_TB_8	351.7805
layer_12_TB_9	353.3042
layer_12_TB_10	353.3042
layer_12_TB_11	351.7805
layer_12_TB_12	350.4506
layer_12_TB_13	351.7694
layer_12_TB_14	351.7694
layer_12_TB_15	350.4506
layer_13_B_64	349.1902
layer_13_B_65	350.5587
layer_13_B_66	350.5587
layer_13_B_67	349.1902
layer_13_B_68	350.5027
layer_13_B_69	352.0892
layer_13_B_70	352.0892
layer_13_B_71	350.5027
layer_13_B_72	350.4725
layer_13_B_73	352.0579
layer_13_B_74	352.0579
layer_13_B_75	350.4725
layer_13_B_76	349.0959
layer_13_B_77	350.4619
layer_13_B_78	350.4619
layer_13_B_79	349.0959
layer_14_TB_0	347.6204
layer_14_TB_1	349.0462
layer_14_TB_2	349.0462
layer_14_TB_3	347.6204
layer_14_TB_4	348.9942
layer_14_TB_5	350.6567
layer_14_TB_6	350.6567
layer_14_TB_7	348.9942
layer_14_TB_8	348.9659
layer_14_TB_9	350.6272
layer_14_TB_10	350.6272
layer_14_TB_11	348.9659
layer_14_TB_12	347.5327
layer_14_TB_13	348.9559
layer_14_TB_14	348.9559
layer_14_TB_15	347.5327
layer_15_B_80	346.0504
layer_15_B_81	347.5338
layer_15_B_82	347.5338
layer_15_B_83	346.0504
layer_15_B_84	347.4857
layer_15_B_85	349.2244
layer_15_B_86	349.2244
layer_15_B_87	347.4857
layer_15_B_88	347.4593
layer_15_B_89	349.1968
layer_15_B_90	349.1968
layer_15_B_91	347.4593
layer_15_B_92	345.9691
layer_15_B_93	347.4499
layer_15_B_94	347.4499
layer_15_B_95	345.9691
layer_16_TB_0	344.2784
layer_16_TB_1	345.8301
layer_16_TB_2	345.8301
layer_16_TB_3	344.2784
layer_16_TB_4	345.7855
layer_16_TB_5	347.6157
layer_16_TB_6	347.6157
layer_16_TB_7	345.7855
layer_16_TB_8	345.7613
layer_16_TB_9	347.5902
layer_16_TB_10	347.5902
layer_16_TB_11	345.7613
layer_16_TB_12	344.2036
layer_16_TB_13	345.7524
layer_16_TB_14	345.7524
layer_16_TB_15	344.2036
layer_17_B_96	342.5062
layer_17_B_97	344.1264
layer_17_B_98	344.1264
layer_17_B_99	342.5062
layer_17_B_100	344.0853
layer_17_B_101	346.0074
layer_17_B_102	346.0074
layer_17_B_103	344.0853
layer_17_B_104	344.0632
layer_17_B_105	345.9839
layer_17_B_106	345.9839
layer_17_B_107	344.0632
layer_17_B_108	342.4377
layer_17_B_109	344.0549
layer_17_B_110	344.0549
layer_17_B_111	342.4377
layer_18_TB_0	340.5394
layer_18_TB_1	342.2392
layer_18_TB_2	342.2392
layer_18_TB_3	340.5394
layer_18_TB_4	342.2013
layer_18_TB_5	344.2318
layer_18_TB_6	344.2318
layer_18_TB_7	342.2013
layer_18_TB_8	342.1814
layer_18_TB_9	344.2104
layer_18_TB_10	344.2104
layer_18_TB_11	342.1814
layer_18_TB_12	340.4771
layer_18_TB_13	342.1738
layer_18_TB_14	342.1738
layer_18_TB_15	340.4771
layer_19_B_112	338.5723
layer_19_B_113	340.3520
layer_19_B_114	340.3520
layer_19_B_115	338.5723
layer_19_B_116	340.3173
layer_19_B_117	342.4565
layer_19_B_118	342.4565
layer_19_B_119	340.3173
layer_19_B_120	340.2996
layer_19_B_121	342.4373
layer_19_B_122	342.4373
layer_19_B_123	340.2996
layer_19_B_124	338.5163
layer_19_B_125	340.2927
layer_19_B_126	340.2927
layer_19_B_127	338.5163
layer_20_TB_0	336.2109
layer_20_TB_1	338.0821
layer_20_TB_2	338.0821
layer_20_TB_3	336.2109
layer_20_TB_4	338.0569
layer_20_TB_5	340.3226
layer_20_TB_6	340.3226
layer_20_TB_7	338.0569
layer_20_TB_8	338.0424
layer_20_TB_9	340.3065
layer_20_TB_10	340.3065
layer_20_TB_11	338.0424
layer_20_TB_12	336.1685
layer_20_TB_13	338.0363
layer_20_TB_14	338.0363
layer_20_TB_15	336.1685
hsp_TB_0	332.9903
hsp_TB_1	334.9867
hsp_TB_2	334.9867
hsp_TB_3	332.9903
hsp_TB_4	334.9744
hsp_TB_5	337.4132
hsp_TB_6	337.4132
hsp_TB_7	334.9744
hsp_TB_8	334.9644
hsp_TB_9	337.4015
hsp_TB_10	337.4015
hsp_TB_11	334.9644
hsp_TB_12	332.9665
hsp_TB_13	334.9593
hsp_TB_14	334.9593
hsp_TB_15	332.9665
hsink_TB_0	322.9875
hsink_TB_1	323.0289
hsink_TB_2	323.0289
hsink_TB_3	322.9875
hsink_TB_4	323.0283
hsink_TB_5	323.0800
hsink_TB_6	323.0800
hsink_TB_7	323.0283
hsink_TB_8	323.0278
hsink_TB_9	323.0795
hsink_TB_10	323.0795
hsink_TB_11	323.0278
hsink_TB_12	322.9862
hsink_TB_13	323.0274
hsink_TB_14	323.0274
hsink_TB_15	322.9862
inode_0	322.9504
inode_1	322.9504
inode_2	322.9487
inode_3	322.9526
inode_4	322.8261
inode_5	322.8261
inode_6	322.8245
inode_7	322.8281
inode_8	321.9896
inode_9	321.9896
inode_10	321.9884
inode_11	321.9913
inode_12	353.5882
inode_13	353.5882
inode_14	353.5788
inode_15	353.6006
inode_16	353.4774
inode_17	353.4774
inode_18	353.4689
inode_19	353.4882
inode_20	348.2554
inode_21	348.2554
inode_22	348.2518
inode_23	348.2596
inode_24	336.4524
inode_25	336.4524
inode_26	336.4502
inode_27	336.4550
