pcb_LC_0	343.1764
pcb_LC_1	343.6738
pcb_LC_2	343.6738
pcb_LC_3	343.1764
pcb_LC_4	343.6813
pcb_LC_5	344.5808
pcb_LC_6	344.5808
pcb_LC_7	343.6813
pcb_LC_8	343.6861
pcb_LC_9	344.5892
pcb_LC_10	344.5892
pcb_LC_11	343.6861
pcb_LC_12	343.1889
pcb_LC_13	343.6928
pcb_LC_14	343.6928
pcb_LC_15	343.1889
solder_LC_0	346.5985
solder_LC_1	346.7437
solder_LC_2	346.7437
solder_LC_3	346.5985
solder_LC_4	346.7625
solder_LC_5	347.0529
solder_LC_6	347.0529
solder_LC_7	346.7625
solder_LC_8	346.7774
solder_LC_9	347.0760
solder_LC_10	347.0760
solder_LC_11	346.7774
solder_LC_12	346.6326
solder_LC_13	346.7923
solder_LC_14	346.7923
solder_LC_15	346.6326
sub_LC_0	347.8668
sub_LC_1	348.3225
sub_LC_2	348.3225
sub_LC_3	347.8668
sub_LC_4	348.3684
sub_LC_5	348.9452
sub_LC_6	348.9452
sub_LC_7	348.3684
sub_LC_8	348.4388
sub_LC_9	349.0220
sub_LC_10	349.0220
sub_LC_11	348.4388
sub_LC_12	347.9924
sub_LC_13	348.4599
sub_LC_14	348.4599
sub_LC_15	347.9924
layer_3_LC_0	349.0288
layer_3_LC_1	349.8522
layer_3_LC_2	349.8522
layer_3_LC_3	349.0288
layer_3_LC_4	349.9255
layer_3_LC_5	350.8568
layer_3_LC_6	350.8568
layer_3_LC_7	349.9255
layer_3_LC_8	350.0719
layer_3_LC_9	351.0052
layer_3_LC_10	351.0052
layer_3_LC_11	350.0719
layer_3_LC_12	349.2610
layer_3_LC_13	350.0888
layer_3_LC_14	350.0888
layer_3_LC_15	349.2610
layer_4_TB_0	348.7962
layer_4_TB_1	349.6282
layer_4_TB_2	349.6282
layer_4_TB_3	348.7962
layer_4_TB_4	349.7012
layer_4_TB_5	350.6426
layer_4_TB_6	350.6426
layer_4_TB_7	349.7012
layer_4_TB_8	349.8492
layer_4_TB_9	350.7926
layer_4_TB_10	350.7926
layer_4_TB_11	349.8492
layer_4_TB_12	349.0287
layer_4_TB_13	349.8650
layer_4_TB_14	349.8650
layer_4_TB_15	349.0287
layer_5_B_0	348.5633
layer_5_B_1	349.4042
layer_5_B_2	349.4042
layer_5_B_3	348.5633
layer_5_B_4	349.4769
layer_5_B_5	350.4286
layer_5_B_6	350.4286
layer_5_B_7	349.4769
layer_5_B_8	349.6265
layer_5_B_9	350.5802
layer_5_B_10	350.5802
layer_5_B_11	349.6265
layer_5_B_12	348.7962
layer_5_B_13	349.6412
layer_5_B_14	349.6412
layer_5_B_15	348.7962
layer_6_TB_0	348.1281
layer_6_TB_1	348.9845
layer_6_TB_2	348.9845
layer_6_TB_3	348.1281
layer_6_TB_4	349.0564
layer_6_TB_5	350.0274
layer_6_TB_6	350.0274
layer_6_TB_7	349.0564
layer_6_TB_8	349.2089
layer_6_TB_9	350.1819
layer_6_TB_10	350.1819
layer_6_TB_11	349.2089
layer_6_TB_12	348.3610
layer_6_TB_13	349.2215
layer_6_TB_14	349.2215
layer_6_TB_15	348.3610
layer_7_B_16	347.6928
layer_7_B_17	348.5647
layer_7_B_18	348.5647
layer_7_B_19	347.6928
layer_7_B_20	348.6359
layer_7_B_21	349.6263
layer_7_B_22	349.6263
layer_7_B_23	348.6359
layer_7_B_24	348.7914
layer_7_B_25	349.7837
layer_7_B_26	349.7837
layer_7_B_27	348.7914
layer_7_B_28	347.9257
layer_7_B_29	348.8017
layer_7_B_30	348.8017
layer_7_B_31	347.9257
layer_8_TB_0	347.0568
layer_8_TB_1	347.9513
layer_8_TB_2	347.9513
layer_8_TB_3	347.0568
layer_8_TB_4	348.0212
layer_8_TB_5	349.0402
layer_8_TB_6	349.0402
layer_8_TB_7	348.0212
layer_8_TB_8	348.1810
layer_8_TB_9	349.2020
layer_8_TB_10	349.2020
layer_8_TB_11	348.1810
layer_8_TB_12	347.2894
layer_8_TB_13	348.1880
layer_8_TB_14	348.1880
layer_8_TB_15	347.2894
layer_9_B_32	346.4206
layer_9_B_33	347.3379
layer_9_B_34	347.3379
layer_9_B_35	346.4206
layer_9_B_36	347.4064
layer_9_B_37	348.4543
layer_9_B_38	348.4543
layer_9_B_39	347.4064
layer_9_B_40	347.5707
layer_9_B_41	348.6205
layer_9_B_42	348.6205
layer_9_B_43	347.5707
layer_9_B_44	346.6530
layer_9_B_45	347.5743
layer_9_B_46	347.5743
layer_9_B_47	346.6530
layer_10_TB_0	345.5743
layer_10_TB_1	346.5214
layer_10_TB_2	346.5214
layer_10_TB_3	345.5743
layer_10_TB_4	346.5927
layer_10_TB_5	347.6790
layer_10_TB_6	347.6790
layer_10_TB_7	346.5927
layer_10_TB_8	346.7413
layer_10_TB_9	347.8296
layer_10_TB_10	347.8296
layer_10_TB_11	346.7413
layer_10_TB_12	345.7889
layer_10_TB_13	346.7402
layer_10_TB_14	346.7402
layer_10_TB_15	345.7889
layer_11_B_48	344.7277
layer_11_B_49	345.7049
layer_11_B_50	345.7049
layer_11_B_51	344.7277
layer_11_B_52	345.7790
layer_11_B_53	346.9039
layer_11_B_54	346.9039
layer_11_B_55	345.7790
layer_11_B_56	345.9120
layer_11_B_57	347.0389
layer_11_B_58	347.0389
layer_11_B_59	345.9120
layer_11_B_60	344.9247
layer_11_B_61	345.9061
layer_11_B_62	345.9061
layer_11_B_63	344.9247
layer_12_TB_0	343.6677
layer_12_TB_1	344.6824
layer_12_TB_2	344.6824
layer_12_TB_3	343.6677
layer_12_TB_4	344.7514
layer_12_TB_5	345.9254
layer_12_TB_6	345.9254
layer_12_TB_7	344.7514
layer_12_TB_8	344.8786
layer_12_TB_9	346.0546
layer_12_TB_10	346.0546
layer_12_TB_11	344.8786
layer_12_TB_12	343.8552
layer_12_TB_13	344.8742
layer_12_TB_14	344.8742
layer_12_TB_15	343.8552
layer_13_B_64	342.6075
layer_13_B_65	343.6599
layer_13_B_66	343.6599
layer_13_B_67	342.6075
layer_13_B_68	343.7239
layer_13_B_69	344.9470
layer_13_B_70	344.9470
layer_13_B_71	343.7239
layer_13_B_72	343.8452
layer_13_B_73	345.0704
layer_13_B_74	345.0704
layer_13_B_75	343.8452
layer_13_B_76	342.7855
layer_13_B_77	343.8423
layer_13_B_78	343.8423
layer_13_B_79	342.7855
layer_14_TB_0	341.3570
layer_14_TB_1	342.4550
layer_14_TB_2	342.4550
layer_14_TB_3	341.3570
layer_14_TB_4	342.5137
layer_14_TB_5	343.7970
layer_14_TB_6	343.7970
layer_14_TB_7	342.5137
layer_14_TB_8	342.6303
layer_14_TB_9	343.9158
layer_14_TB_10	343.9158
layer_14_TB_11	342.6303
layer_14_TB_12	341.5253
layer_14_TB_13	342.6278
layer_14_TB_14	342.6278
layer_14_TB_15	341.5253
layer_15_B_80	340.1064
layer_15_B_81	341.2501
layer_15_B_82	341.2501
layer_15_B_83	340.1064
layer_15_B_84	341.3034
layer_15_B_85	342.6472
layer_15_B_86	342.6472
layer_15_B_87	341.3034
layer_15_B_88	341.4153
layer_15_B_89	342.7614
layer_15_B_90	342.7614
layer_15_B_91	341.4153
layer_15_B_92	340.2649
layer_15_B_93	341.4133
layer_15_B_94	341.4133
layer_15_B_95	340.2649
layer_16_TB_0	338.6705
layer_16_TB_1	339.8683
layer_16_TB_2	339.8683
layer_16_TB_3	338.6705
layer_16_TB_4	339.9160
layer_16_TB_5	341.3322
layer_16_TB_6	341.3322
layer_16_TB_7	339.9160
layer_16_TB_8	340.0243
layer_16_TB_9	341.4429
layer_16_TB_10	341.4429
layer_16_TB_11	340.0243
layer_16_TB_12	338.8191
layer_16_TB_13	340.0217
layer_16_TB_14	340.0217
layer_16_TB_15	338.8191
layer_17_B_96	337.2345
layer_17_B_97	338.4865
layer_17_B_98	338.4865
layer_17_B_99	337.2345
layer_17_B_100	338.5284
layer_17_B_101	340.0173
layer_17_B_102	340.0173
layer_17_B_103	338.5284
layer_17_B_104	338.6333
layer_17_B_105	340.1246
layer_17_B_106	340.1246
layer_17_B_107	338.6333
layer_17_B_108	337.3730
layer_17_B_109	338.6301
layer_17_B_110	338.6301
layer_17_B_111	337.3730
layer_18_TB_0	335.6067
layer_18_TB_1	336.9217
layer_18_TB_2	336.9217
layer_18_TB_3	335.6067
layer_18_TB_4	336.9622
layer_18_TB_5	338.5366
layer_18_TB_6	338.5366
layer_18_TB_7	336.9622
layer_18_TB_8	337.0430
layer_18_TB_9	338.6200
layer_18_TB_10	338.6200
layer_18_TB_11	337.0430
layer_18_TB_12	335.7180
layer_18_TB_13	337.0382
layer_18_TB_14	337.0382
layer_18_TB_15	335.7180
layer_19_B_112	333.9787
layer_19_B_113	335.3568
layer_19_B_114	335.3568
layer_19_B_115	333.9787
layer_19_B_116	335.3959
layer_19_B_117	337.0561
layer_19_B_118	337.0561
layer_19_B_119	335.3959
layer_19_B_120	335.4526
layer_19_B_121	337.1156
layer_19_B_122	337.1156
layer_19_B_123	335.4526
layer_19_B_124	334.0627
layer_19_B_125	335.4462
layer_19_B_126	335.4462
layer_19_B_127	334.0627
layer_20_TB_0	332.1586
layer_20_TB_1	333.6089
layer_20_TB_2	333.6089
layer_20_TB_3	332.1586
layer_20_TB_4	333.6391
layer_20_TB_5	335.3991
layer_20_TB_6	335.3991
layer_20_TB_7	333.6391
layer_20_TB_8	333.6808
layer_20_TB_9	335.4438
layer_20_TB_10	335.4438
layer_20_TB_11	333.6808
layer_20_TB_12	332.2237
layer_20_TB_13	333.6798
layer_20_TB_14	333.6798
layer_20_TB_15	332.2237
hsp_TB_0	329.6763
hsp_TB_1	331.2255
hsp_TB_2	331.2255
hsp_TB_3	329.6763
hsp_TB_4	331.2434
hsp_TB_5	333.1399
hsp_TB_6	333.1399
hsp_TB_7	331.2434
hsp_TB_8	331.2646
hsp_TB_9	333.1643
hsp_TB_10	333.1643
hsp_TB_11	331.2646
hsp_TB_12	329.7156
hsp_TB_13	331.2709
hsp_TB_14	331.2709
hsp_TB_15	329.7156
hsink_TB_0	321.9156
hsink_TB_1	321.9475
hsink_TB_2	321.9475
hsink_TB_3	321.9156
hsink_TB_4	321.9484
hsink_TB_5	321.9886
hsink_TB_6	321.9886
hsink_TB_7	321.9484
hsink_TB_8	321.9491
hsink_TB_9	321.9894
hsink_TB_10	321.9894
hsink_TB_11	321.9491
hsink_TB_12	321.9177
hsink_TB_13	321.9499
hsink_TB_14	321.9499
hsink_TB_15	321.9177
inode_0	321.8885
inode_1	321.8885
inode_2	321.8912
inode_3	321.8849
inode_4	321.7917
inode_5	321.7917
inode_6	321.7942
inode_7	321.7883
inode_8	321.1403
inode_9	321.1403
inode_10	321.1423
inode_11	321.1375
inode_12	346.6017
inode_13	346.6017
inode_14	346.6250
inode_15	346.5745
inode_16	346.5120
inode_17	346.5120
inode_18	346.5331
inode_19	346.4879
inode_20	342.3181
inode_21	342.3181
inode_22	342.3271
inode_23	342.3084
inode_24	332.8428
inode_25	332.8428
inode_26	332.8483
inode_27	332.8369
