pcb_LC_0	349.3382
pcb_LC_1	349.9604
pcb_LC_2	349.9604
pcb_LC_3	349.3382
pcb_LC_4	349.9657
pcb_LC_5	351.0888
pcb_LC_6	351.0888
pcb_LC_7	349.9657
pcb_LC_8	349.9692
pcb_LC_9	351.0950
pcb_LC_10	351.0950
pcb_LC_11	349.9692
pcb_LC_12	349.3477
pcb_LC_13	349.9748
pcb_LC_14	349.9748
pcb_LC_15	349.3477
solder_LC_0	353.6060
solder_LC_1	353.7943
solder_LC_2	353.7943
solder_LC_3	353.6060
solder_LC_4	353.8070
solder_LC_5	354.1768
solder_LC_6	354.1768
solder_LC_7	353.8070
solder_LC_8	353.8169
solder_LC_9	354.1925
solder_LC_10	354.1925
solder_LC_11	353.8169
solder_LC_12	353.6322
solder_LC_13	353.8313
solder_LC_14	353.8313
solder_LC_15	353.6322
sub_LC_0	355.1938
sub_LC_1	355.7898
sub_LC_2	355.7898
sub_LC_3	355.1938
sub_LC_4	355.8206
sub_LC_5	356.5710
sub_LC_6	356.5710
sub_LC_7	355.8206
sub_LC_8	355.8576
sub_LC_9	356.6123
sub_LC_10	356.6123
sub_LC_11	355.8576
sub_LC_12	355.2936
sub_LC_13	355.8991
sub_LC_14	355.8991
sub_LC_15	355.2936
layer_3_LC_0	356.6415
layer_3_LC_1	357.7269
layer_3_LC_2	357.7269
layer_3_LC_3	356.6415
layer_3_LC_4	357.7806
layer_3_LC_5	359.0077
layer_3_LC_6	359.0077
layer_3_LC_7	357.7806
layer_3_LC_8	357.8447
layer_3_LC_9	359.0737
layer_3_LC_10	359.0737
layer_3_LC_11	357.8447
layer_3_LC_12	356.8330
layer_3_LC_13	357.9229
layer_3_LC_14	357.9229
layer_3_LC_15	356.8330
layer_4_TB_0	356.3658
layer_4_TB_1	357.4607
layer_4_TB_2	357.4607
layer_4_TB_3	356.3658
layer_4_TB_4	357.5145
layer_4_TB_5	358.7528
layer_4_TB_6	358.7528
layer_4_TB_7	357.5145
layer_4_TB_8	357.5784
layer_4_TB_9	358.8185
layer_4_TB_10	358.8185
layer_4_TB_11	357.5784
layer_4_TB_12	356.5578
layer_4_TB_13	357.6571
layer_4_TB_14	357.6571
layer_4_TB_15	356.5578
layer_5_B_0	356.0899
layer_5_B_1	357.1945
layer_5_B_2	357.1945
layer_5_B_3	356.0899
layer_5_B_4	357.2485
layer_5_B_5	358.4981
layer_5_B_6	358.4981
layer_5_B_7	357.2485
layer_5_B_8	357.3121
layer_5_B_9	358.5635
layer_5_B_10	358.5635
layer_5_B_11	357.3121
layer_5_B_12	356.2824
layer_5_B_13	357.3912
layer_5_B_14	357.3912
layer_5_B_15	356.2824
layer_6_TB_0	355.5901
layer_6_TB_1	356.7131
layer_6_TB_2	356.7131
layer_6_TB_3	355.5901
layer_6_TB_4	356.7675
layer_6_TB_5	358.0401
layer_6_TB_6	358.0401
layer_6_TB_7	356.7675
layer_6_TB_8	356.8305
layer_6_TB_9	358.1049
layer_6_TB_10	358.1049
layer_6_TB_11	356.8305
layer_6_TB_12	355.7833
layer_6_TB_13	356.9106
layer_6_TB_14	356.9106
layer_6_TB_15	355.7833
layer_7_B_16	355.0901
layer_7_B_17	356.2318
layer_7_B_18	356.2318
layer_7_B_19	355.0901
layer_7_B_20	356.2865
layer_7_B_21	357.5823
layer_7_B_22	357.5823
layer_7_B_23	356.2865
layer_7_B_24	356.3489
layer_7_B_25	357.6465
layer_7_B_26	357.6465
layer_7_B_27	356.3489
layer_7_B_28	355.2841
layer_7_B_29	356.4299
layer_7_B_30	356.4299
layer_7_B_31	355.2841
layer_8_TB_0	354.3685
layer_8_TB_1	355.5377
layer_8_TB_2	355.5377
layer_8_TB_3	354.3685
layer_8_TB_4	355.5930
layer_8_TB_5	356.9240
layer_8_TB_6	356.9240
layer_8_TB_7	355.5930
layer_8_TB_8	355.6544
layer_8_TB_9	356.9872
layer_8_TB_10	356.9872
layer_8_TB_11	355.6544
layer_8_TB_12	354.5634
layer_8_TB_13	355.7369
layer_8_TB_14	355.7369
layer_8_TB_15	354.5634
layer_9_B_32	353.6466
layer_9_B_33	354.8436
layer_9_B_34	354.8436
layer_9_B_35	353.6466
layer_9_B_36	354.8995
layer_9_B_37	356.2659
layer_9_B_38	356.2659
layer_9_B_39	354.8995
layer_9_B_40	354.9599
layer_9_B_41	356.3282
layer_9_B_42	356.3282
layer_9_B_43	354.9599
layer_9_B_44	353.8425
layer_9_B_45	355.0438
layer_9_B_46	355.0438
layer_9_B_47	353.8425
layer_10_TB_0	352.7061
layer_10_TB_1	353.9402
layer_10_TB_2	353.9402
layer_10_TB_3	352.7061
layer_10_TB_4	353.9969
layer_10_TB_5	355.4112
layer_10_TB_6	355.4112
layer_10_TB_7	353.9969
layer_10_TB_8	354.0559
layer_10_TB_9	355.4721
layer_10_TB_10	355.4721
layer_10_TB_11	354.0559
layer_10_TB_12	352.9034
layer_10_TB_13	354.1418
layer_10_TB_14	354.1418
layer_10_TB_15	352.9034
layer_11_B_48	351.7654
layer_11_B_49	353.0367
layer_11_B_50	353.0367
layer_11_B_51	351.7654
layer_11_B_52	353.0943
layer_11_B_53	354.5568
layer_11_B_54	354.5568
layer_11_B_55	353.0943
layer_11_B_56	353.1519
layer_11_B_57	354.6163
layer_11_B_58	354.6163
layer_11_B_59	353.1519
layer_11_B_60	351.9641
layer_11_B_61	353.2398
layer_11_B_62	353.2398
layer_11_B_63	351.9641
layer_12_TB_0	350.4137
layer_12_TB_1	351.7320
layer_12_TB_2	351.7320
layer_12_TB_3	350.4137
layer_12_TB_4	351.7860
layer_12_TB_5	353.3099
layer_12_TB_6	353.3099
layer_12_TB_7	351.7860
layer_12_TB_8	351.8408
layer_12_TB_9	353.3666
layer_12_TB_10	353.3666
layer_12_TB_11	351.8408
layer_12_TB_12	350.6000
layer_12_TB_13	351.9228
layer_12_TB_14	351.9228
layer_12_TB_15	350.6000
layer_13_B_64	349.0618
layer_13_B_65	350.4273
layer_13_B_66	350.4273
layer_13_B_67	349.0618
layer_13_B_68	350.4776
layer_13_B_69	352.0633
layer_13_B_70	352.0633
layer_13_B_71	350.4776
layer_13_B_72	350.5296
layer_13_B_73	352.1172
layer_13_B_74	352.1172
layer_13_B_75	350.5296
layer_13_B_76	349.2358
layer_13_B_77	350.6059
layer_13_B_78	350.6059
layer_13_B_79	349.2358
layer_14_TB_0	347.5012
layer_14_TB_1	348.9239
layer_14_TB_2	348.9239
layer_14_TB_3	347.5012
layer_14_TB_4	348.9709
layer_14_TB_5	350.6324
layer_14_TB_6	350.6324
layer_14_TB_7	348.9709
layer_14_TB_8	349.0195
layer_14_TB_9	350.6832
layer_14_TB_10	350.6832
layer_14_TB_11	349.0195
layer_14_TB_12	347.6631
layer_14_TB_13	349.0906
layer_14_TB_14	349.0906
layer_14_TB_15	347.6631
layer_15_B_80	345.9403
layer_15_B_81	347.4204
layer_15_B_82	347.4204
layer_15_B_83	345.9403
layer_15_B_84	347.4641
layer_15_B_85	349.2019
layer_15_B_86	349.2019
layer_15_B_87	347.4641
layer_15_B_88	347.5095
layer_15_B_89	349.2494
layer_15_B_90	349.2494
layer_15_B_91	347.5095
layer_15_B_92	346.0902
layer_15_B_93	347.5753
layer_15_B_94	347.5753
layer_15_B_95	346.0902
layer_16_TB_0	344.1772
layer_16_TB_1	345.7254
layer_16_TB_2	345.7254
layer_16_TB_3	344.1772
layer_16_TB_4	345.7660
layer_16_TB_5	347.5952
layer_16_TB_6	347.5952
layer_16_TB_7	345.7660
layer_16_TB_8	345.8078
layer_16_TB_9	347.6392
layer_16_TB_10	347.6392
layer_16_TB_11	345.8078
layer_16_TB_12	344.3154
layer_16_TB_13	345.8688
layer_16_TB_14	345.8688
layer_16_TB_15	344.3154
layer_17_B_96	342.4138
layer_17_B_97	344.0304
layer_17_B_98	344.0304
layer_17_B_99	342.4138
layer_17_B_100	344.0679
layer_17_B_101	345.9889
layer_17_B_102	345.9889
layer_17_B_103	344.0679
layer_17_B_104	344.1060
layer_17_B_105	346.0294
layer_17_B_106	346.0294
layer_17_B_107	344.1060
layer_17_B_108	342.5403
layer_17_B_109	344.1622
layer_17_B_110	344.1622
layer_17_B_111	342.5403
layer_18_TB_0	340.4555
layer_18_TB_1	342.1516
layer_18_TB_2	342.1516
layer_18_TB_3	340.4555
layer_18_TB_4	342.1862
layer_18_TB_5	344.2155
layer_18_TB_6	344.2155
layer_18_TB_7	342.1862
layer_18_TB_8	342.2203
layer_18_TB_9	344.2522
layer_18_TB_10	344.2522
layer_18_TB_11	342.2203
layer_18_TB_12	340.5706
layer_18_TB_13	342.2722
layer_18_TB_14	342.2722
layer_18_TB_15	340.5706
layer_19_B_112	338.4970
layer_19_B_113	340.2728
layer_19_B_114	340.2728
layer_19_B_115	338.4970
layer_19_B_116	340.3044
layer_19_B_117	342.4424
layer_19_B_118	342.4424
layer_19_B_119	340.3044
layer_19_B_120	340.3346
layer_19_B_121	342.4753
layer_19_B_122	342.4753
layer_19_B_123	340.3346
layer_19_B_124	338.6006
layer_19_B_125	340.3822
layer_19_B_126	340.3822
layer_19_B_127	338.6006
layer_20_TB_0	336.1552
layer_20_TB_1	338.0223
layer_20_TB_2	338.0223
layer_20_TB_3	336.1552
layer_20_TB_4	338.0465
layer_20_TB_5	340.3110
layer_20_TB_6	340.3110
layer_20_TB_7	338.0465
layer_20_TB_8	338.0715
layer_20_TB_9	340.3388
layer_20_TB_10	340.3388
layer_20_TB_11	338.0715
layer_20_TB_12	336.2334
layer_20_TB_13	338.1067
layer_20_TB_14	338.1067
layer_20_TB_15	336.2334
hsp_TB_0	332.9614
hsp_TB_1	334.9534
hsp_TB_2	334.9534
hsp_TB_3	332.9614
hsp_TB_4	334.9674
hsp_TB_5	337.4049
hsp_TB_6	337.4049
hsp_TB_7	334.9674
hsp_TB_8	334.9854
hsp_TB_9	337.4259
hsp_TB_10	337.4259
hsp_TB_11	334.9854
hsp_TB_12	333.0051
hsp_TB_13	335.0036
hsp_TB_14	335.0036
hsp_TB_15	333.0051
hsink_TB_0	322.9874
hsink_TB_1	323.0284
hsink_TB_2	323.0284
hsink_TB_3	322.9874
hsink_TB_4	323.0294
hsink_TB_5	323.0810
hsink_TB_6	323.0810
hsink_TB_7	323.0294
hsink_TB_8	323.0301
hsink_TB_9	323.0819
hsink_TB_10	323.0819
hsink_TB_11	323.0301
hsink_TB_12	322.9897
hsink_TB_13	323.0312
hsink_TB_14	323.0312
hsink_TB_15	322.9897
inode_0	322.9521
inode_1	322.9521
inode_2	322.9559
inode_3	322.9487
inode_4	322.8277
inode_5	322.8277
inode_6	322.8312
inode_7	322.8245
inode_8	321.9910
inode_9	321.9910
inode_10	321.9939
inode_11	321.9884
inode_12	353.5998
inode_13	353.5998
inode_14	353.6207
inode_15	353.5806
inode_16	353.4890
inode_17	353.4890
inode_18	353.5074
inode_19	353.4719
inode_20	348.2653
inode_21	348.2653
inode_22	348.2727
inode_23	348.2583
inode_24	336.4584
inode_25	336.4584
inode_26	336.4629
inode_27	336.4541
