pcb_LC_0	349.4021
pcb_LC_1	350.0268
pcb_LC_2	350.0268
pcb_LC_3	349.4021
pcb_LC_4	350.0299
pcb_LC_5	351.1563
pcb_LC_6	351.1563
pcb_LC_7	350.0299
pcb_LC_8	350.0315
pcb_LC_9	351.1592
pcb_LC_10	351.1592
pcb_LC_11	350.0315
pcb_LC_12	349.4064
pcb_LC_13	350.0333
pcb_LC_14	350.0333
pcb_LC_15	349.4064
solder_LC_0	353.6817
solder_LC_1	353.8729
solder_LC_2	353.8729
solder_LC_3	353.6817
solder_LC_4	353.8818
solder_LC_5	354.2548
solder_LC_6	354.2548
solder_LC_7	353.8818
solder_LC_8	353.8873
solder_LC_9	354.2634
solder_LC_10	354.2634
solder_LC_11	353.8873
solder_LC_12	353.6932
solder_LC_13	353.8894
solder_LC_14	353.8894
solder_LC_15	353.6932
sub_LC_0	355.2840
sub_LC_1	355.8835
sub_LC_2	355.8835
sub_LC_3	355.2840
sub_LC_4	355.9128
sub_LC_5	356.6669
sub_LC_6	356.6669
sub_LC_7	355.9128
sub_LC_8	355.9422
sub_LC_9	356.6989
sub_LC_10	356.6989
sub_LC_11	355.9422
sub_LC_12	355.3249
sub_LC_13	355.9287
sub_LC_14	355.9287
sub_LC_15	355.3249
layer_3_LC_0	356.7467
layer_3_LC_1	357.8359
layer_3_LC_2	357.8359
layer_3_LC_3	356.7467
layer_3_LC_4	357.8898
layer_3_LC_5	359.1209
layer_3_LC_6	359.1209
layer_3_LC_7	357.8898
layer_3_LC_8	357.9551
layer_3_LC_9	359.1873
layer_3_LC_10	359.1873
layer_3_LC_11	357.9551
layer_3_LC_12	356.8196
layer_3_LC_13	357.9109
layer_3_LC_14	357.9109
layer_3_LC_15	356.8196
layer_4_TB_0	356.4704
layer_4_TB_1	357.5691
layer_4_TB_2	357.5691
layer_4_TB_3	356.4704
layer_4_TB_4	357.6231
layer_4_TB_5	358.8653
layer_4_TB_6	358.8653
layer_4_TB_7	357.6231
layer_4_TB_8	357.6893
layer_4_TB_9	358.9325
layer_4_TB_10	358.9325
layer_4_TB_11	357.6893
layer_4_TB_12	356.5432
layer_4_TB_13	357.6439
layer_4_TB_14	357.6439
layer_4_TB_15	356.5432
layer_5_B_0	356.1940
layer_5_B_1	357.3023
layer_5_B_2	357.3023
layer_5_B_3	356.1940
layer_5_B_4	357.3563
layer_5_B_5	358.6098
layer_5_B_6	358.6098
layer_5_B_7	357.3563
layer_5_B_8	357.4234
layer_5_B_9	358.6780
layer_5_B_10	358.6780
layer_5_B_11	357.4234
layer_5_B_12	356.2665
layer_5_B_13	357.3768
layer_5_B_14	357.3768
layer_5_B_15	356.2665
layer_6_TB_0	355.6933
layer_6_TB_1	356.8202
layer_6_TB_2	356.8202
layer_6_TB_3	355.6933
layer_6_TB_4	356.8742
layer_6_TB_5	358.1507
layer_6_TB_6	358.1507
layer_6_TB_7	356.8742
layer_6_TB_8	356.9430
layer_6_TB_9	358.2205
layer_6_TB_10	358.2205
layer_6_TB_11	356.9430
layer_6_TB_12	355.7654
layer_6_TB_13	356.8942
layer_6_TB_14	356.8942
layer_6_TB_15	355.7654
layer_7_B_16	355.1925
layer_7_B_17	356.3380
layer_7_B_18	356.3380
layer_7_B_19	355.1925
layer_7_B_20	356.3920
layer_7_B_21	357.6918
layer_7_B_22	357.6918
layer_7_B_23	356.3920
layer_7_B_24	356.4626
layer_7_B_25	357.7634
layer_7_B_26	357.7634
layer_7_B_27	356.4626
layer_7_B_28	355.2640
layer_7_B_29	356.4115
layer_7_B_30	356.4115
layer_7_B_31	355.2640
layer_8_TB_0	354.4697
layer_8_TB_1	355.6429
layer_8_TB_2	355.6429
layer_8_TB_3	354.4697
layer_8_TB_4	355.6968
layer_8_TB_5	357.0319
layer_8_TB_6	357.0319
layer_8_TB_7	355.6968
layer_8_TB_8	355.7701
layer_8_TB_9	357.1061
layer_8_TB_10	357.1061
layer_8_TB_11	355.7701
layer_8_TB_12	354.5404
layer_8_TB_13	355.7155
layer_8_TB_14	355.7155
layer_8_TB_15	354.5404
layer_9_B_32	353.7467
layer_9_B_33	354.9477
layer_9_B_34	354.9477
layer_9_B_35	353.7467
layer_9_B_36	355.0016
layer_9_B_37	356.3722
layer_9_B_38	356.3722
layer_9_B_39	355.0016
layer_9_B_40	355.0776
layer_9_B_41	356.4491
layer_9_B_42	356.4491
layer_9_B_43	355.0776
layer_9_B_44	353.8166
layer_9_B_45	355.0195
layer_9_B_46	355.0195
layer_9_B_47	353.8166
layer_10_TB_0	352.8049
layer_10_TB_1	354.0430
layer_10_TB_2	354.0430
layer_10_TB_3	352.8049
layer_10_TB_4	354.0968
layer_10_TB_5	355.5154
layer_10_TB_6	355.5154
layer_10_TB_7	354.0968
layer_10_TB_8	354.1765
layer_10_TB_9	355.5961
layer_10_TB_10	355.5961
layer_10_TB_11	354.1765
layer_10_TB_12	352.8735
layer_10_TB_13	354.1136
layer_10_TB_14	354.1136
layer_10_TB_15	352.8735
layer_11_B_48	351.8628
layer_11_B_49	353.1383
layer_11_B_50	353.1383
layer_11_B_51	351.8628
layer_11_B_52	353.1920
layer_11_B_53	354.6588
layer_11_B_54	354.6588
layer_11_B_55	353.1920
layer_11_B_56	353.2755
layer_11_B_57	354.7434
layer_11_B_58	354.7434
layer_11_B_59	353.2755
layer_11_B_60	351.9302
layer_11_B_61	353.2077
layer_11_B_62	353.2077
layer_11_B_63	351.9302
layer_12_TB_0	350.5068
layer_12_TB_1	351.8293
layer_12_TB_2	351.8293
layer_12_TB_3	350.5068
layer_12_TB_4	351.8798
layer_12_TB_5	353.4082
layer_12_TB_6	353.4082
layer_12_TB_7	351.8798
layer_12_TB_8	351.9572
layer_12_TB_9	353.4867
layer_12_TB_10	353.4867
layer_12_TB_11	351.9572
layer_12_TB_12	350.5706
layer_12_TB_13	351.8952
layer_12_TB_14	351.8952
layer_12_TB_15	350.5706
layer_13_B_64	349.1505
layer_13_B_65	350.5203
layer_13_B_66	350.5203
layer_13_B_67	349.1505
layer_13_B_68	350.5677
layer_13_B_69	352.1580
layer_13_B_70	352.1580
layer_13_B_71	350.5677
layer_13_B_72	350.6388
layer_13_B_73	352.2302
layer_13_B_74	352.2302
layer_13_B_75	350.6388
layer_13_B_76	349.2107
layer_13_B_77	350.5826
layer_13_B_78	350.5826
layer_13_B_79	349.2107
layer_14_TB_0	347.5852
layer_14_TB_1	349.0124
layer_14_TB_2	349.0124
layer_14_TB_3	347.5852
layer_14_TB_4	349.0566
layer_14_TB_5	350.7229
layer_14_TB_6	350.7229
layer_14_TB_7	349.0566
layer_14_TB_8	349.1226
layer_14_TB_9	350.7902
layer_14_TB_10	350.7902
layer_14_TB_11	349.1226
layer_14_TB_12	347.6415
layer_14_TB_13	349.0709
layer_14_TB_14	349.0709
layer_14_TB_15	347.6415
layer_15_B_80	346.0197
layer_15_B_81	347.5045
layer_15_B_82	347.5045
layer_15_B_83	346.0197
layer_15_B_84	347.5454
layer_15_B_85	349.2882
layer_15_B_86	349.2882
layer_15_B_87	347.5454
layer_15_B_88	347.6064
layer_15_B_89	349.3504
layer_15_B_90	349.3504
layer_15_B_91	347.6064
layer_15_B_92	346.0720
layer_15_B_93	347.5591
layer_15_B_94	347.5591
layer_15_B_95	346.0720
layer_16_TB_0	344.2518
layer_16_TB_1	345.8049
layer_16_TB_2	345.8049
layer_16_TB_3	344.2518
layer_16_TB_4	345.8425
layer_16_TB_5	347.6769
layer_16_TB_6	347.6769
layer_16_TB_7	345.8425
layer_16_TB_8	345.8993
layer_16_TB_9	347.7350
layer_16_TB_10	347.7350
layer_16_TB_11	345.8993
layer_16_TB_12	344.2999
layer_16_TB_13	345.8553
layer_16_TB_14	345.8553
layer_16_TB_15	344.2999
layer_17_B_96	342.4837
layer_17_B_97	344.1052
layer_17_B_98	344.1052
layer_17_B_99	342.4837
layer_17_B_100	344.1395
layer_17_B_101	346.0660
layer_17_B_102	346.0660
layer_17_B_103	344.1395
layer_17_B_104	344.1922
layer_17_B_105	346.1200
layer_17_B_106	346.1200
layer_17_B_107	344.1922
layer_17_B_108	342.5274
layer_17_B_109	344.1515
layer_17_B_110	344.1515
layer_17_B_111	342.5274
layer_18_TB_0	340.5204
layer_18_TB_1	342.2216
layer_18_TB_2	342.2216
layer_18_TB_3	340.5204
layer_18_TB_4	342.2525
layer_18_TB_5	344.2876
layer_18_TB_6	344.2876
layer_18_TB_7	342.2525
layer_18_TB_8	342.3019
layer_18_TB_9	344.3384
layer_18_TB_10	344.3384
layer_18_TB_11	342.3019
layer_18_TB_12	340.5596
layer_18_TB_13	342.2635
layer_18_TB_14	342.2635
layer_18_TB_15	340.5596
layer_19_B_112	338.5569
layer_19_B_113	340.3381
layer_19_B_114	340.3381
layer_19_B_115	338.5569
layer_19_B_116	340.3655
layer_19_B_117	342.5096
layer_19_B_118	342.5096
layer_19_B_119	340.3655
layer_19_B_120	340.4116
layer_19_B_121	342.5572
layer_19_B_122	342.5572
layer_19_B_123	340.4116
layer_19_B_124	338.5916
layer_19_B_125	340.3754
layer_19_B_126	340.3754
layer_19_B_127	338.5916
layer_20_TB_0	336.2072
layer_20_TB_1	338.0799
layer_20_TB_2	338.0799
layer_20_TB_3	336.2072
layer_20_TB_4	338.1010
layer_20_TB_5	340.3718
layer_20_TB_6	340.3718
layer_20_TB_7	338.1010
layer_20_TB_8	338.1332
layer_20_TB_9	340.4057
layer_20_TB_10	340.4057
layer_20_TB_11	338.1332
layer_20_TB_12	336.2351
layer_20_TB_13	338.1107
layer_20_TB_14	338.1107
layer_20_TB_15	336.2351
hsp_TB_0	333.0026
hsp_TB_1	335.0005
hsp_TB_2	335.0005
hsp_TB_3	333.0026
hsp_TB_4	335.0129
hsp_TB_5	337.4572
hsp_TB_6	337.4572
hsp_TB_7	335.0129
hsp_TB_8	335.0262
hsp_TB_9	337.4723
hsp_TB_10	337.4723
hsp_TB_11	335.0262
hsp_TB_12	333.0214
hsp_TB_13	335.0223
hsp_TB_14	335.0223
hsp_TB_15	333.0214
hsink_TB_0	322.9981
hsink_TB_1	323.0393
hsink_TB_2	323.0393
hsink_TB_3	322.9981
hsink_TB_4	323.0399
hsink_TB_5	323.0916
hsink_TB_6	323.0916
hsink_TB_7	323.0399
hsink_TB_8	323.0402
hsink_TB_9	323.0920
hsink_TB_10	323.0920
hsink_TB_11	323.0402
hsink_TB_12	322.9991
hsink_TB_13	323.0405
hsink_TB_14	323.0405
hsink_TB_15	322.9991
inode_0	322.9625
inode_1	322.9625
inode_2	322.9633
inode_3	322.9604
inode_4	322.8378
inode_5	322.8378
inode_6	322.8385
inode_7	322.8358
inode_8	321.9993
inode_9	321.9993
inode_10	321.9999
inode_11	321.9977
inode_12	353.6700
inode_13	353.6700
inode_14	353.6750
inode_15	353.6585
inode_16	353.5589
inode_17	353.5589
inode_18	353.5638
inode_19	353.5489
inode_20	348.3248
inode_21	348.3248
inode_22	348.3273
inode_23	348.3210
inode_24	336.4946
inode_25	336.4946
inode_26	336.4961
inode_27	336.4923
