pcb_LC_0	345.9899
pcb_LC_1	346.5843
pcb_LC_2	346.5843
pcb_LC_3	345.9899
pcb_LC_4	346.4924
pcb_LC_5	347.5112
pcb_LC_6	347.5112
pcb_LC_7	346.4924
pcb_LC_8	346.4380
pcb_LC_9	347.4143
pcb_LC_10	347.4143
pcb_LC_11	346.4380
pcb_LC_12	345.8397
pcb_LC_13	346.3573
pcb_LC_14	346.3573
pcb_LC_15	345.8397
solder_LC_0	349.9365
solder_LC_1	350.1948
solder_LC_2	350.1948
solder_LC_3	349.9365
solder_LC_4	349.9537
solder_LC_5	350.3204
solder_LC_6	350.3204
solder_LC_7	349.9537
solder_LC_8	349.7977
solder_LC_9	350.0724
solder_LC_10	350.0724
solder_LC_11	349.7977
solder_LC_12	349.5255
solder_LC_13	349.6129
solder_LC_14	349.6129
solder_LC_15	349.5255
sub_LC_0	352.0425
sub_LC_1	352.6360
sub_LC_2	352.6360
sub_LC_3	352.0425
sub_LC_4	351.9024
sub_LC_5	352.5793
sub_LC_6	352.5793
sub_LC_7	351.9024
sub_LC_8	351.3028
sub_LC_9	351.9125
sub_LC_10	351.9125
sub_LC_11	351.3028
sub_LC_12	350.4761
sub_LC_13	350.9261
sub_LC_14	350.9261
sub_LC_15	350.4761
layer_3_LC_0	354.2263
layer_3_LC_1	355.1847
layer_3_LC_2	355.1847
layer_3_LC_3	354.2263
layer_3_LC_4	353.7756
layer_3_LC_5	354.8348
layer_3_LC_6	354.8348
layer_3_LC_7	353.7756
layer_3_LC_8	352.7156
layer_3_LC_9	353.7502
layer_3_LC_10	353.7502
layer_3_LC_11	352.7156
layer_3_LC_12	351.2230
layer_3_LC_13	352.1251
layer_3_LC_14	352.1251
layer_3_LC_15	351.2230
layer_4_TB_0	353.9842
layer_4_TB_1	354.9510
layer_4_TB_2	354.9510
layer_4_TB_3	353.9842
layer_4_TB_4	353.5313
layer_4_TB_5	354.6010
layer_4_TB_6	354.6010
layer_4_TB_7	353.5313
layer_4_TB_8	352.4731
layer_4_TB_9	353.5187
layer_4_TB_10	353.5187
layer_4_TB_11	352.4731
layer_4_TB_12	350.9710
layer_4_TB_13	351.8826
layer_4_TB_14	351.8826
layer_4_TB_15	350.9710
layer_5_B_0	353.7421
layer_5_B_1	354.7174
layer_5_B_2	354.7174
layer_5_B_3	353.7421
layer_5_B_4	353.2870
layer_5_B_5	354.3673
layer_5_B_6	354.3673
layer_5_B_7	353.2870
layer_5_B_8	352.2306
layer_5_B_9	353.2872
layer_5_B_10	353.2872
layer_5_B_11	352.2306
layer_5_B_12	350.7188
layer_5_B_13	351.6401
layer_5_B_14	351.6401
layer_5_B_15	350.7188
layer_6_TB_0	353.2925
layer_6_TB_1	354.2842
layer_6_TB_2	354.2842
layer_6_TB_3	353.2925
layer_6_TB_4	352.8346
layer_6_TB_5	353.9356
layer_6_TB_6	353.9356
layer_6_TB_7	352.8346
layer_6_TB_8	351.7834
layer_6_TB_9	352.8610
layer_6_TB_10	352.8610
layer_6_TB_11	351.7834
layer_6_TB_12	350.2553
layer_6_TB_13	351.1935
layer_6_TB_14	351.1935
layer_6_TB_15	350.2553
layer_7_B_16	352.8428
layer_7_B_17	353.8511
layer_7_B_18	353.8511
layer_7_B_19	352.8428
layer_7_B_20	352.3822
layer_7_B_21	353.5041
layer_7_B_22	353.5041
layer_7_B_23	352.3822
layer_7_B_24	351.3362
layer_7_B_25	352.4350
layer_7_B_26	352.4350
layer_7_B_27	351.3362
layer_7_B_28	349.7915
layer_7_B_29	350.7468
layer_7_B_30	350.7468
layer_7_B_31	349.7915
layer_8_TB_0	352.1570
layer_8_TB_1	353.1899
layer_8_TB_2	353.1899
layer_8_TB_3	352.1570
layer_8_TB_4	351.6856
layer_8_TB_5	352.8388
layer_8_TB_6	352.8388
layer_8_TB_7	351.6856
layer_8_TB_8	350.6867
layer_8_TB_9	351.8167
layer_8_TB_10	351.8167
layer_8_TB_11	350.6867
layer_8_TB_12	349.1182
layer_8_TB_13	350.0982
layer_8_TB_14	350.0982
layer_8_TB_15	349.1182
layer_9_B_32	351.4711
layer_9_B_33	352.5288
layer_9_B_34	352.5288
layer_9_B_35	351.4711
layer_9_B_36	350.9889
layer_9_B_37	352.1737
layer_9_B_38	352.1737
layer_9_B_39	350.9889
layer_9_B_40	350.0371
layer_9_B_41	351.1986
layer_9_B_42	351.1986
layer_9_B_43	350.0371
layer_9_B_44	348.4448
layer_9_B_45	349.4494
layer_9_B_46	349.4494
layer_9_B_47	348.4448
layer_10_TB_0	350.4329
layer_10_TB_1	351.5237
layer_10_TB_2	351.5237
layer_10_TB_3	350.4329
layer_10_TB_4	350.0707
layer_10_TB_5	351.2979
layer_10_TB_6	351.2979
layer_10_TB_7	350.0707
layer_10_TB_8	349.1531
layer_10_TB_9	350.3568
layer_10_TB_10	350.3568
layer_10_TB_11	349.1531
layer_10_TB_12	347.5542
layer_10_TB_13	348.5914
layer_10_TB_14	348.5914
layer_10_TB_15	347.5542
layer_11_B_48	349.3946
layer_11_B_49	350.5188
layer_11_B_50	350.5188
layer_11_B_51	349.3946
layer_11_B_52	349.1523
layer_11_B_53	350.4223
layer_11_B_54	350.4223
layer_11_B_55	349.1523
layer_11_B_56	348.2691
layer_11_B_57	349.5151
layer_11_B_58	349.5151
layer_11_B_59	348.2691
layer_11_B_60	346.6633
layer_11_B_61	347.7332
layer_11_B_62	347.7332
layer_11_B_63	346.6633
layer_12_TB_0	348.1271
layer_12_TB_1	349.2933
layer_12_TB_2	349.2933
layer_12_TB_3	348.1271
layer_12_TB_4	348.0008
layer_12_TB_5	349.3250
layer_12_TB_6	349.3250
layer_12_TB_7	348.0008
layer_12_TB_8	347.1578
layer_12_TB_9	348.4574
layer_12_TB_10	348.4574
layer_12_TB_11	347.1578
layer_12_TB_12	345.5386
layer_12_TB_13	346.6493
layer_12_TB_14	346.6493
layer_12_TB_15	345.5386
layer_13_B_64	346.8595
layer_13_B_65	348.0679
layer_13_B_66	348.0679
layer_13_B_67	346.8595
layer_13_B_68	346.8492
layer_13_B_69	348.2279
layer_13_B_70	348.2279
layer_13_B_71	346.8492
layer_13_B_72	346.0464
layer_13_B_73	347.3999
layer_13_B_74	347.3999
layer_13_B_75	346.0464
layer_13_B_76	344.4136
layer_13_B_77	345.5653
layer_13_B_78	345.5653
layer_13_B_79	344.4136
layer_14_TB_0	345.3982
layer_14_TB_1	346.6579
layer_14_TB_2	346.6579
layer_14_TB_3	345.3982
layer_14_TB_4	345.5044
layer_14_TB_5	346.9500
layer_14_TB_6	346.9500
layer_14_TB_7	345.5044
layer_14_TB_8	344.7458
layer_14_TB_9	346.1654
layer_14_TB_10	346.1654
layer_14_TB_11	344.7458
layer_14_TB_12	343.0907
layer_14_TB_13	344.2920
layer_14_TB_14	344.2920
layer_14_TB_15	343.0907
layer_15_B_80	343.9368
layer_15_B_81	345.2479
layer_15_B_82	345.2479
layer_15_B_83	343.9368
layer_15_B_84	344.1595
layer_15_B_85	345.6723
layer_15_B_86	345.6723
layer_15_B_87	344.1595
layer_15_B_88	343.4452
layer_15_B_89	344.9311
layer_15_B_90	344.9311
layer_15_B_91	343.4452
layer_15_B_92	341.7677
layer_15_B_93	343.0186
layer_15_B_94	343.0186
layer_15_B_95	341.7677
layer_16_TB_0	342.2558
layer_16_TB_1	343.6280
layer_16_TB_2	343.6280
layer_16_TB_3	342.2558
layer_16_TB_4	342.5901
layer_16_TB_5	344.1836
layer_16_TB_6	344.1836
layer_16_TB_7	342.5901
layer_16_TB_8	341.9615
layer_16_TB_9	343.5268
layer_16_TB_10	343.5268
layer_16_TB_11	341.9615
layer_16_TB_12	340.2524
layer_16_TB_13	341.5620
layer_16_TB_14	341.5620
layer_16_TB_15	340.2524
layer_17_B_96	340.5747
layer_17_B_97	342.0082
layer_17_B_98	342.0082
layer_17_B_99	340.5747
layer_17_B_100	341.0207
layer_17_B_101	342.6951
layer_17_B_102	342.6951
layer_17_B_103	341.0207
layer_17_B_104	340.4777
layer_17_B_105	342.1227
layer_17_B_106	342.1227
layer_17_B_107	340.4777
layer_17_B_108	338.7368
layer_17_B_109	340.1053
layer_17_B_110	340.1053
layer_17_B_111	338.7368
layer_18_TB_0	338.5608
layer_18_TB_1	340.0656
layer_18_TB_2	340.0656
layer_18_TB_3	338.5608
layer_18_TB_4	339.2539
layer_18_TB_5	341.0237
layer_18_TB_6	341.0237
layer_18_TB_7	339.2539
layer_18_TB_8	338.7824
layer_18_TB_9	340.5212
layer_18_TB_10	340.5212
layer_18_TB_11	338.7824
layer_18_TB_12	337.0248
layer_18_TB_13	338.4616
layer_18_TB_14	338.4616
layer_18_TB_15	337.0248
layer_19_B_112	336.5466
layer_19_B_113	338.1230
layer_19_B_114	338.1230
layer_19_B_115	336.5466
layer_19_B_116	337.4871
layer_19_B_117	339.3525
layer_19_B_118	339.3525
layer_19_B_119	337.4871
layer_19_B_120	337.0870
layer_19_B_121	338.9199
layer_19_B_122	338.9199
layer_19_B_123	337.0870
layer_19_B_124	335.3126
layer_19_B_125	336.8179
layer_19_B_126	336.8179
layer_19_B_127	335.3126
layer_20_TB_0	334.3250
layer_20_TB_1	335.9835
layer_20_TB_2	335.9835
layer_20_TB_3	334.3250
layer_20_TB_4	335.5155
layer_20_TB_5	337.4922
layer_20_TB_6	337.4922
layer_20_TB_7	335.5155
layer_20_TB_8	335.1903
layer_20_TB_9	337.1326
layer_20_TB_10	337.1326
layer_20_TB_11	335.1903
layer_20_TB_12	333.3907
layer_20_TB_13	334.9743
layer_20_TB_14	334.9743
layer_20_TB_15	333.3907
hsp_TB_0	331.2953
hsp_TB_1	333.0659
hsp_TB_2	333.0659
hsp_TB_3	331.2953
hsp_TB_4	332.8270
hsp_TB_5	334.9559
hsp_TB_6	334.9559
hsp_TB_7	332.8270
hsp_TB_8	332.6038
hsp_TB_9	334.6958
hsp_TB_10	334.6958
hsp_TB_11	332.6038
hsp_TB_12	330.7695
hsp_TB_13	332.4601
hsp_TB_14	332.4601
hsp_TB_15	330.7695
hsink_TB_0	322.3633
hsink_TB_1	322.4017
hsink_TB_2	322.4017
hsink_TB_3	322.3633
hsink_TB_4	322.3889
hsink_TB_5	322.4349
hsink_TB_6	322.4349
hsink_TB_7	322.3889
hsink_TB_8	322.3796
hsink_TB_9	322.4238
hsink_TB_10	322.4238
hsink_TB_11	322.3796
hsink_TB_12	322.3347
hsink_TB_13	322.3684
hsink_TB_14	322.3684
hsink_TB_15	322.3347
inode_0	322.3158
inode_1	322.3158
inode_2	322.2763
inode_3	322.3630
inode_4	322.2080
inode_5	322.2080
inode_6	322.1712
inode_7	322.2518
inode_8	321.4821
inode_9	321.4821
inode_10	321.4519
inode_11	321.5181
inode_12	349.7021
inode_13	349.7021
inode_14	349.4156
inode_15	350.0432
inode_16	349.6032
inode_17	349.6032
inode_18	349.3466
inode_19	349.9026
inode_20	344.9534
inode_21	344.9534
inode_22	344.8458
inode_23	345.0715
inode_24	334.4450
inode_25	334.4450
inode_26	334.3795
inode_27	334.5168
