pcb_LC_0	345.0594
pcb_LC_1	345.5803
pcb_LC_2	345.5803
pcb_LC_3	345.0594
pcb_LC_4	345.6245
pcb_LC_5	346.5871
pcb_LC_6	346.5871
pcb_LC_7	345.6245
pcb_LC_8	345.6509
pcb_LC_9	346.6338
pcb_LC_10	346.6338
pcb_LC_11	345.6509
pcb_LC_12	345.1275
pcb_LC_13	345.6838
pcb_LC_14	345.6838
pcb_LC_15	345.1275
solder_LC_0	348.6875
solder_LC_1	348.8106
solder_LC_2	348.8106
solder_LC_3	348.6875
solder_LC_4	348.9278
solder_LC_5	349.2297
solder_LC_6	349.2297
solder_LC_7	348.9278
solder_LC_8	349.0133
solder_LC_9	349.3624
solder_LC_10	349.3624
solder_LC_11	349.0133
solder_LC_12	348.8717
solder_LC_13	349.0737
solder_LC_14	349.0737
solder_LC_15	348.8717
sub_LC_0	349.7898
sub_LC_1	350.2574
sub_LC_2	350.2574
sub_LC_3	349.7898
sub_LC_4	350.5838
sub_LC_5	351.2044
sub_LC_6	351.2044
sub_LC_7	350.5838
sub_LC_8	351.0223
sub_LC_9	351.6818
sub_LC_10	351.6818
sub_LC_11	351.0223
sub_LC_12	350.4535
sub_LC_13	350.9885
sub_LC_14	350.9885
sub_LC_15	350.4535
layer_3_LC_0	350.7107
layer_3_LC_1	351.6009
layer_3_LC_2	351.6009
layer_3_LC_3	350.7107
layer_3_LC_4	352.1522
layer_3_LC_5	353.1708
layer_3_LC_6	353.1708
layer_3_LC_7	352.1522
layer_3_LC_8	353.1057
layer_3_LC_9	354.1405
layer_3_LC_10	354.1405
layer_3_LC_11	353.1057
layer_3_LC_12	351.9100
layer_3_LC_13	352.8322
layer_3_LC_14	352.8322
layer_3_LC_15	351.9100
layer_4_TB_0	350.4639
layer_4_TB_1	351.3633
layer_4_TB_2	351.3633
layer_4_TB_3	350.4639
layer_4_TB_4	351.9133
layer_4_TB_5	352.9425
layer_4_TB_6	352.9425
layer_4_TB_7	351.9133
layer_4_TB_8	352.8796
layer_4_TB_9	353.9248
layer_4_TB_10	353.9248
layer_4_TB_11	352.8796
layer_4_TB_12	351.6623
layer_4_TB_13	352.5934
layer_4_TB_14	352.5934
layer_4_TB_15	351.6623
layer_5_B_0	350.2169
layer_5_B_1	351.1257
layer_5_B_2	351.1257
layer_5_B_3	350.2169
layer_5_B_4	351.6742
layer_5_B_5	352.7143
layer_5_B_6	352.7143
layer_5_B_7	351.6742
layer_5_B_8	352.6536
layer_5_B_9	353.7095
layer_5_B_10	353.7095
layer_5_B_11	352.6536
layer_5_B_12	351.4145
layer_5_B_13	352.3546
layer_5_B_14	352.3546
layer_5_B_15	351.4145
layer_6_TB_0	349.7605
layer_6_TB_1	350.6859
layer_6_TB_2	350.6859
layer_6_TB_3	349.7605
layer_6_TB_4	351.2304
layer_6_TB_5	352.2910
layer_6_TB_6	352.2910
layer_6_TB_7	351.2304
layer_6_TB_8	352.2338
layer_6_TB_9	353.3102
layer_6_TB_10	353.3102
layer_6_TB_11	352.2338
layer_6_TB_12	350.9537
layer_6_TB_13	351.9103
layer_6_TB_14	351.9103
layer_6_TB_15	350.9537
layer_7_B_16	349.3039
layer_7_B_17	350.2460
layer_7_B_18	350.2460
layer_7_B_19	349.3039
layer_7_B_20	350.7864
layer_7_B_21	351.8679
layer_7_B_22	351.8679
layer_7_B_23	350.7864
layer_7_B_24	351.8141
layer_7_B_25	352.9112
layer_7_B_26	352.9112
layer_7_B_27	351.8141
layer_7_B_28	350.4926
layer_7_B_29	351.4659
layer_7_B_30	351.4659
layer_7_B_31	350.4926
layer_8_TB_0	348.6397
layer_8_TB_1	349.6060
layer_8_TB_2	349.6060
layer_8_TB_3	348.6397
layer_8_TB_4	350.1393
layer_8_TB_5	351.2515
layer_8_TB_6	351.2515
layer_8_TB_7	350.1393
layer_8_TB_8	351.2034
layer_8_TB_9	352.3315
layer_8_TB_10	352.3315
layer_8_TB_11	351.2034
layer_8_TB_12	349.8200
layer_8_TB_13	350.8178
layer_8_TB_14	350.8178
layer_8_TB_15	349.8200
layer_9_B_32	347.9754
layer_9_B_33	348.9660
layer_9_B_34	348.9660
layer_9_B_35	347.9754
layer_9_B_36	349.4921
layer_9_B_37	350.6353
layer_9_B_38	350.6353
layer_9_B_39	349.4921
layer_9_B_40	350.5930
layer_9_B_41	351.7522
layer_9_B_42	351.7522
layer_9_B_43	350.5930
layer_9_B_44	349.1472
layer_9_B_45	350.1696
layer_9_B_46	350.1696
layer_9_B_47	349.1472
layer_10_TB_0	347.1044
layer_10_TB_1	348.1270
layer_10_TB_2	348.1270
layer_10_TB_3	347.1044
layer_10_TB_4	348.6119
layer_10_TB_5	349.7966
layer_10_TB_6	349.7966
layer_10_TB_7	348.6119
layer_10_TB_8	349.7959
layer_10_TB_9	350.9970
layer_10_TB_10	350.9970
layer_10_TB_11	349.7959
layer_10_TB_12	348.2651
layer_10_TB_13	349.3200
layer_10_TB_14	349.3200
layer_10_TB_15	348.2651
layer_11_B_48	346.2333
layer_11_B_49	347.2880
layer_11_B_50	347.2880
layer_11_B_51	346.2333
layer_11_B_52	347.7315
layer_11_B_53	348.9579
layer_11_B_54	348.9579
layer_11_B_55	347.7315
layer_11_B_56	348.9990
layer_11_B_57	350.2422
layer_11_B_58	350.2422
layer_11_B_59	348.9990
layer_11_B_60	347.3827
layer_11_B_61	348.4704
layer_11_B_62	348.4704
layer_11_B_63	347.3827
layer_12_TB_0	345.1240
layer_12_TB_1	346.2188
layer_12_TB_2	346.2188
layer_12_TB_3	345.1240
layer_12_TB_4	346.6473
layer_12_TB_5	347.9266
layer_12_TB_6	347.9266
layer_12_TB_7	346.6473
layer_12_TB_8	347.8172
layer_12_TB_9	349.1139
layer_12_TB_10	349.1139
layer_12_TB_11	347.8172
layer_12_TB_12	346.2114
layer_12_TB_13	347.3403
layer_12_TB_14	347.3403
layer_12_TB_15	346.2114
layer_13_B_64	344.0144
layer_13_B_65	345.1496
layer_13_B_66	345.1496
layer_13_B_67	344.0144
layer_13_B_68	345.5630
layer_13_B_69	346.8954
layer_13_B_70	346.8954
layer_13_B_71	345.5630
layer_13_B_72	346.6356
layer_13_B_73	347.9860
layer_13_B_74	347.9860
layer_13_B_75	346.6356
layer_13_B_76	345.0399
layer_13_B_77	346.2101
layer_13_B_78	346.2101
layer_13_B_79	345.0399
layer_14_TB_0	342.7089
layer_14_TB_1	343.8929
layer_14_TB_2	343.8929
layer_14_TB_3	342.7089
layer_14_TB_4	344.2861
layer_14_TB_5	345.6836
layer_14_TB_6	345.6836
layer_14_TB_7	344.2861
layer_14_TB_8	345.2768
layer_14_TB_9	346.6931
layer_14_TB_10	346.6931
layer_14_TB_11	345.2768
layer_14_TB_12	343.6675
layer_14_TB_13	344.8878
layer_14_TB_14	344.8878
layer_14_TB_15	343.6675
layer_15_B_80	341.4033
layer_15_B_81	342.6362
layer_15_B_82	342.6362
layer_15_B_83	341.4033
layer_15_B_84	343.0091
layer_15_B_85	344.4719
layer_15_B_86	344.4719
layer_15_B_87	343.0091
layer_15_B_88	343.9182
layer_15_B_89	345.4007
layer_15_B_90	345.4007
layer_15_B_91	343.9182
layer_15_B_92	342.2949
layer_15_B_93	343.5654
layer_15_B_94	343.5654
layer_15_B_95	342.2949
layer_16_TB_0	339.9071
layer_16_TB_1	341.1978
layer_16_TB_2	341.1978
layer_16_TB_3	339.9071
layer_16_TB_4	341.5464
layer_16_TB_5	343.0875
layer_16_TB_6	343.0875
layer_16_TB_7	341.5464
layer_16_TB_8	342.3867
layer_16_TB_9	343.9485
layer_16_TB_10	343.9485
layer_16_TB_11	342.3867
layer_16_TB_12	340.7276
layer_16_TB_13	342.0576
layer_16_TB_14	342.0576
layer_16_TB_15	340.7276
layer_17_B_96	338.4107
layer_17_B_97	339.7594
layer_17_B_98	339.7594
layer_17_B_99	338.4107
layer_17_B_100	340.0837
layer_17_B_101	341.7033
layer_17_B_102	341.7033
layer_17_B_103	340.0837
layer_17_B_104	340.8552
layer_17_B_105	342.4968
layer_17_B_106	342.4968
layer_17_B_107	340.8552
layer_17_B_108	339.1600
layer_17_B_109	340.5497
layer_17_B_110	340.5497
layer_17_B_111	339.1600
layer_18_TB_0	336.7280
layer_18_TB_1	338.1440
layer_18_TB_2	338.1440
layer_18_TB_3	336.7280
layer_18_TB_4	338.4105
layer_18_TB_5	340.1226
layer_18_TB_6	340.1226
layer_18_TB_7	338.4105
layer_18_TB_8	339.1564
layer_18_TB_9	340.8919
layer_18_TB_10	340.8919
layer_18_TB_11	339.1564
layer_18_TB_12	337.4044
layer_18_TB_13	338.8635
layer_18_TB_14	338.8635
layer_18_TB_15	337.4044
layer_19_B_112	335.0450
layer_19_B_113	336.5285
layer_19_B_114	336.5285
layer_19_B_115	335.0450
layer_19_B_116	336.7372
layer_19_B_117	338.5421
layer_19_B_118	338.5421
layer_19_B_119	336.7372
layer_19_B_120	337.4578
layer_19_B_121	339.2875
layer_19_B_122	339.2875
layer_19_B_123	337.4578
layer_19_B_124	335.6486
layer_19_B_125	337.1772
layer_19_B_126	337.1772
layer_19_B_127	335.6486
layer_20_TB_0	333.1472
layer_20_TB_1	334.7078
layer_20_TB_2	334.7078
layer_20_TB_3	333.1472
layer_20_TB_4	334.8874
layer_20_TB_5	336.8002
layer_20_TB_6	336.8002
layer_20_TB_7	334.8874
layer_20_TB_8	335.3940
layer_20_TB_9	337.3334
layer_20_TB_10	337.3334
layer_20_TB_11	335.3940
layer_20_TB_12	333.6298
layer_20_TB_13	335.2381
layer_20_TB_14	335.2381
layer_20_TB_15	333.6298
hsp_TB_0	330.5589
hsp_TB_1	332.2250
hsp_TB_2	332.2250
hsp_TB_3	330.5589
hsp_TB_4	332.3649
hsp_TB_5	334.4253
hsp_TB_6	334.4253
hsp_TB_7	332.3649
hsp_TB_8	332.5799
hsp_TB_9	334.6693
hsp_TB_10	334.6693
hsp_TB_11	332.5799
hsp_TB_12	330.8765
hsp_TB_13	332.5937
hsp_TB_14	332.5937
hsp_TB_15	330.8765
hsink_TB_0	322.2455
hsink_TB_1	322.2788
hsink_TB_2	322.2788
hsink_TB_3	322.2455
hsink_TB_4	322.2867
hsink_TB_5	322.3297
hsink_TB_6	322.3297
hsink_TB_7	322.2867
hsink_TB_8	322.2923
hsink_TB_9	322.3364
hsink_TB_10	322.3364
hsink_TB_11	322.2923
hsink_TB_12	322.2621
hsink_TB_13	322.2981
hsink_TB_14	322.2981
hsink_TB_15	322.2621
inode_0	322.2251
inode_1	322.2251
inode_2	322.2449
inode_3	322.1954
inode_4	322.1194
inode_5	322.1194
inode_6	322.1379
inode_7	322.0919
inode_8	321.4094
inode_9	321.4094
inode_10	321.4245
inode_11	321.3868
inode_12	348.7760
inode_13	348.7760
inode_14	348.8823
inode_15	348.6147
inode_16	348.6795
inode_17	348.6795
inode_18	348.7783
inode_19	348.5375
inode_20	344.1650
inode_21	344.1650
inode_22	344.2101
inode_23	344.1093
inode_24	333.9656
inode_25	333.9656
inode_26	333.9930
inode_27	333.9318
