pcb_LC_0	347.8279
pcb_LC_1	348.4231
pcb_LC_2	348.4231
pcb_LC_3	347.8279
pcb_LC_4	348.4344
pcb_LC_5	349.5127
pcb_LC_6	349.5127
pcb_LC_7	348.4344
pcb_LC_8	348.4304
pcb_LC_9	349.5053
pcb_LC_10	349.5053
pcb_LC_11	348.4304
pcb_LC_12	347.8144
pcb_LC_13	348.4029
pcb_LC_14	348.4029
pcb_LC_15	347.8144
solder_LC_0	351.8793
solder_LC_1	352.0588
solder_LC_2	352.0588
solder_LC_3	351.8793
solder_LC_4	352.1339
solder_LC_5	352.5108
solder_LC_6	352.5108
solder_LC_7	352.1339
solder_LC_8	352.1274
solder_LC_9	352.4986
solder_LC_10	352.4986
solder_LC_11	352.1274
solder_LC_12	351.8414
solder_LC_13	352.0060
solder_LC_14	352.0060
solder_LC_15	351.8414
sub_LC_0	353.2542
sub_LC_1	353.8017
sub_LC_2	353.8017
sub_LC_3	353.2542
sub_LC_4	354.3219
sub_LC_5	355.0401
sub_LC_6	355.0401
sub_LC_7	354.3219
sub_LC_8	354.3529
sub_LC_9	355.0686
sub_LC_10	355.0686
sub_LC_11	354.3529
sub_LC_12	353.0903
sub_LC_13	353.6248
sub_LC_14	353.6248
sub_LC_15	353.0903
layer_3_LC_0	354.3803
layer_3_LC_1	355.3736
layer_3_LC_2	355.3736
layer_3_LC_3	354.3803
layer_3_LC_4	356.5557
layer_3_LC_5	357.6856
layer_3_LC_6	357.6856
layer_3_LC_7	356.5557
layer_3_LC_8	356.7034
layer_3_LC_9	357.8320
layer_3_LC_10	357.8320
layer_3_LC_11	356.7034
layer_3_LC_12	354.0289
layer_3_LC_13	355.0173
layer_3_LC_14	355.0173
layer_3_LC_15	354.0289
layer_4_TB_0	354.1090
layer_4_TB_1	355.1116
layer_4_TB_2	355.1116
layer_4_TB_3	354.1090
layer_4_TB_4	356.3070
layer_4_TB_5	357.4473
layer_4_TB_6	357.4473
layer_4_TB_7	356.3070
layer_4_TB_8	356.4619
layer_4_TB_9	357.6009
layer_4_TB_10	357.6009
layer_4_TB_11	356.4619
layer_4_TB_12	353.7539
layer_4_TB_13	354.7517
layer_4_TB_14	354.7517
layer_4_TB_15	353.7539
layer_5_B_0	353.8375
layer_5_B_1	354.8494
layer_5_B_2	354.8494
layer_5_B_3	353.8375
layer_5_B_4	356.0585
layer_5_B_5	357.2094
layer_5_B_6	357.2094
layer_5_B_7	356.0585
layer_5_B_8	356.2207
layer_5_B_9	357.3703
layer_5_B_10	357.3703
layer_5_B_11	356.2207
layer_5_B_12	353.4786
layer_5_B_13	354.4858
layer_5_B_14	354.4858
layer_5_B_15	353.4786
layer_6_TB_0	353.3167
layer_6_TB_1	354.3460
layer_6_TB_2	354.3460
layer_6_TB_3	353.3167
layer_6_TB_4	355.6043
layer_6_TB_5	356.7765
layer_6_TB_6	356.7765
layer_6_TB_7	355.6043
layer_6_TB_8	355.7807
layer_6_TB_9	356.9516
layer_6_TB_10	356.9516
layer_6_TB_11	355.7807
layer_6_TB_12	352.9622
layer_6_TB_13	353.9869
layer_6_TB_14	353.9869
layer_6_TB_15	352.9622
layer_7_B_16	352.7955
layer_7_B_17	353.8424
layer_7_B_18	353.8424
layer_7_B_19	352.7955
layer_7_B_20	355.1501
layer_7_B_21	356.3440
layer_7_B_22	356.3440
layer_7_B_23	355.1501
layer_7_B_24	355.3410
layer_7_B_25	356.5335
layer_7_B_26	356.5335
layer_7_B_27	355.3410
layer_7_B_28	352.4454
layer_7_B_29	353.4877
layer_7_B_30	353.4877
layer_7_B_31	352.4454
layer_8_TB_0	352.0405
layer_8_TB_1	353.1131
layer_8_TB_2	353.1131
layer_8_TB_3	352.0405
layer_8_TB_4	354.3518
layer_8_TB_5	355.5783
layer_8_TB_6	355.5783
layer_8_TB_7	354.3518
layer_8_TB_8	354.5147
layer_8_TB_9	355.7397
layer_8_TB_10	355.7397
layer_8_TB_11	354.5147
layer_8_TB_12	351.6990
layer_8_TB_13	352.7670
layer_8_TB_14	352.7670
layer_8_TB_15	351.6990
layer_9_B_32	351.2851
layer_9_B_33	352.3836
layer_9_B_34	352.3836
layer_9_B_35	351.2851
layer_9_B_36	353.5535
layer_9_B_37	354.8129
layer_9_B_38	354.8129
layer_9_B_39	353.5535
layer_9_B_40	353.6885
layer_9_B_41	354.9464
layer_9_B_42	354.9464
layer_9_B_43	353.6885
layer_9_B_44	350.9521
layer_9_B_45	352.0461
layer_9_B_46	352.0461
layer_9_B_47	350.9521
layer_10_TB_0	350.2794
layer_10_TB_1	351.4124
layer_10_TB_2	351.4124
layer_10_TB_3	350.2794
layer_10_TB_4	352.5342
layer_10_TB_5	353.8380
layer_10_TB_6	353.8380
layer_10_TB_7	352.5342
layer_10_TB_8	352.6540
layer_10_TB_9	353.9563
layer_10_TB_10	353.9563
layer_10_TB_11	352.6540
layer_10_TB_12	349.9606
layer_10_TB_13	351.0890
layer_10_TB_14	351.0890
layer_10_TB_15	349.9606
layer_11_B_48	349.2734
layer_11_B_49	350.4410
layer_11_B_50	350.4410
layer_11_B_51	349.2734
layer_11_B_52	351.5149
layer_11_B_53	352.8634
layer_11_B_54	352.8634
layer_11_B_55	351.5149
layer_11_B_56	351.6197
layer_11_B_57	352.9667
layer_11_B_58	352.9667
layer_11_B_59	351.6197
layer_11_B_60	348.9688
layer_11_B_61	350.1318
layer_11_B_62	350.1318
layer_11_B_63	348.9688
layer_12_TB_0	348.0418
layer_12_TB_1	349.2529
layer_12_TB_2	349.2529
layer_12_TB_3	348.0418
layer_12_TB_4	350.2754
layer_12_TB_5	351.6809
layer_12_TB_6	351.6809
layer_12_TB_7	350.2754
layer_12_TB_8	350.3844
layer_12_TB_9	351.7883
layer_12_TB_10	351.7883
layer_12_TB_11	350.3844
layer_12_TB_12	347.7491
layer_12_TB_13	348.9555
layer_12_TB_14	348.9555
layer_12_TB_15	347.7491
layer_13_B_64	346.8099
layer_13_B_65	348.0647
layer_13_B_66	348.0647
layer_13_B_67	346.8099
layer_13_B_68	349.0360
layer_13_B_69	350.4987
layer_13_B_70	350.4987
layer_13_B_71	349.0360
layer_13_B_72	349.1493
layer_13_B_73	350.6103
layer_13_B_74	350.6103
layer_13_B_75	349.1493
layer_13_B_76	346.5290
layer_13_B_77	347.7790
layer_13_B_78	347.7790
layer_13_B_79	346.5290
layer_14_TB_0	345.3450
layer_14_TB_1	346.6528
layer_14_TB_2	346.6528
layer_14_TB_3	345.3450
layer_14_TB_4	347.6070
layer_14_TB_5	349.1401
layer_14_TB_6	349.1401
layer_14_TB_7	347.6070
layer_14_TB_8	347.7297
layer_14_TB_9	349.2611
layer_14_TB_10	349.2611
layer_14_TB_11	347.7297
layer_14_TB_12	345.0848
layer_14_TB_13	346.3877
layer_14_TB_14	346.3877
layer_14_TB_15	345.0848
layer_15_B_80	343.8797
layer_15_B_81	345.2407
layer_15_B_82	345.2407
layer_15_B_83	343.8797
layer_15_B_84	346.1781
layer_15_B_85	347.7819
layer_15_B_86	347.7819
layer_15_B_87	346.1781
layer_15_B_88	346.3103
layer_15_B_89	347.9123
layer_15_B_90	347.9123
layer_15_B_91	346.3103
layer_15_B_92	343.6403
layer_15_B_93	344.9963
layer_15_B_94	344.9963
layer_15_B_95	343.6403
layer_16_TB_0	342.2016
layer_16_TB_1	343.6256
layer_16_TB_2	343.6256
layer_16_TB_3	342.2016
layer_16_TB_4	344.4245
layer_16_TB_5	346.1132
layer_16_TB_6	346.1132
layer_16_TB_7	344.4245
layer_16_TB_8	344.5217
layer_16_TB_9	346.2085
layer_16_TB_10	346.2085
layer_16_TB_11	344.5217
layer_16_TB_12	341.9881
layer_16_TB_13	343.4068
layer_16_TB_14	343.4068
layer_16_TB_15	341.9881
layer_17_B_96	340.5232
layer_17_B_97	342.0104
layer_17_B_98	342.0104
layer_17_B_99	340.5232
layer_17_B_100	342.6711
layer_17_B_101	344.4449
layer_17_B_102	344.4449
layer_17_B_103	342.6711
layer_17_B_104	342.7332
layer_17_B_105	344.5050
layer_17_B_106	344.5050
layer_17_B_107	342.7332
layer_17_B_108	340.3355
layer_17_B_109	341.8172
layer_17_B_110	341.8172
layer_17_B_111	340.3355
layer_18_TB_0	338.6200
layer_18_TB_1	340.1806
layer_18_TB_2	340.1806
layer_18_TB_3	338.6200
layer_18_TB_4	340.7195
layer_18_TB_5	342.5938
layer_18_TB_6	342.5938
layer_18_TB_7	340.7195
layer_18_TB_8	340.7563
layer_18_TB_9	342.6286
layer_18_TB_10	342.6286
layer_18_TB_11	340.7563
layer_18_TB_12	338.4652
layer_18_TB_13	340.0201
layer_18_TB_14	340.0201
layer_18_TB_15	338.4652
layer_19_B_112	336.7165
layer_19_B_113	338.3508
layer_19_B_114	338.3508
layer_19_B_115	336.7165
layer_19_B_116	338.7679
layer_19_B_117	340.7431
layer_19_B_118	340.7431
layer_19_B_119	338.7679
layer_19_B_120	338.7796
layer_19_B_121	340.7525
layer_19_B_122	340.7525
layer_19_B_123	338.7796
layer_19_B_124	336.5946
layer_19_B_125	338.2229
layer_19_B_126	338.2229
layer_19_B_127	336.5946
layer_20_TB_0	334.6174
layer_20_TB_1	336.3361
layer_20_TB_2	336.3361
layer_20_TB_3	334.6174
layer_20_TB_4	336.6218
layer_20_TB_5	338.7144
layer_20_TB_6	338.7144
layer_20_TB_7	336.6218
layer_20_TB_8	336.6238
layer_20_TB_9	338.7139
layer_20_TB_10	338.7139
layer_20_TB_11	336.6238
layer_20_TB_12	334.5277
layer_20_TB_13	336.2400
layer_20_TB_14	336.2400
layer_20_TB_15	334.5277
hsp_TB_0	331.7546
hsp_TB_1	333.5886
hsp_TB_2	333.5886
hsp_TB_3	331.7546
hsp_TB_4	333.6954
hsp_TB_5	335.9484
hsp_TB_6	335.9484
hsp_TB_7	333.6954
hsp_TB_8	333.6841
hsp_TB_9	335.9346
hsp_TB_10	335.9346
hsp_TB_11	333.6841
hsp_TB_12	331.7088
hsp_TB_13	333.5360
hsp_TB_14	333.5360
hsp_TB_15	331.7088
hsink_TB_0	322.5902
hsink_TB_1	322.6275
hsink_TB_2	322.6275
hsink_TB_3	322.5902
hsink_TB_4	322.6285
hsink_TB_5	322.6754
hsink_TB_6	322.6754
hsink_TB_7	322.6285
hsink_TB_8	322.6277
hsink_TB_9	322.6744
hsink_TB_10	322.6744
hsink_TB_11	322.6277
hsink_TB_12	322.5876
hsink_TB_13	322.6245
hsink_TB_14	322.6245
hsink_TB_15	322.5876
inode_0	322.5599
inode_1	322.5599
inode_2	322.5457
inode_3	322.5537
inode_4	322.4454
inode_5	322.4454
inode_6	322.4324
inode_7	322.4398
inode_8	321.6771
inode_9	321.6771
inode_10	321.6664
inode_11	321.6725
inode_12	351.8859
inode_13	351.8859
inode_14	351.7588
inode_15	351.8233
inode_16	351.7789
inode_17	351.7789
inode_18	351.6766
inode_19	351.7320
inode_20	346.8041
inode_21	346.8041
inode_22	346.7753
inode_23	346.7963
inode_24	335.5701
inode_25	335.5701
inode_26	335.5526
inode_27	335.5654
