pcb_LC_0	355.3204
pcb_LC_1	356.0671
pcb_LC_2	356.0671
pcb_LC_3	355.3204
pcb_LC_4	356.0606
pcb_LC_5	357.4014
pcb_LC_6	357.4014
pcb_LC_7	356.0606
pcb_LC_8	356.0582
pcb_LC_9	357.3971
pcb_LC_10	357.3971
pcb_LC_11	356.0582
pcb_LC_12	355.3133
pcb_LC_13	356.0564
pcb_LC_14	356.0564
pcb_LC_15	355.3133
solder_LC_0	360.4235
solder_LC_1	360.6616
solder_LC_2	360.6616
solder_LC_3	360.4235
solder_LC_4	360.6386
solder_LC_5	361.0861
solder_LC_6	361.0861
solder_LC_7	360.6386
solder_LC_8	360.6326
solder_LC_9	361.0763
solder_LC_10	361.0763
solder_LC_11	360.6326
solder_LC_12	360.4037
solder_LC_13	360.6337
solder_LC_14	360.6337
solder_LC_15	360.4037
sub_LC_0	362.4029
sub_LC_1	363.1400
sub_LC_2	363.1400
sub_LC_3	362.4029
sub_LC_4	363.0260
sub_LC_5	363.9413
sub_LC_6	363.9413
sub_LC_7	363.0260
sub_LC_8	363.0145
sub_LC_9	363.9272
sub_LC_10	363.9272
sub_LC_11	363.0145
sub_LC_12	362.3236
sub_LC_13	363.0536
sub_LC_14	363.0536
sub_LC_15	362.3236
layer_3_LC_0	364.2455
layer_3_LC_1	365.5821
layer_3_LC_2	365.5821
layer_3_LC_3	364.2455
layer_3_LC_4	365.3262
layer_3_LC_5	366.8332
layer_3_LC_6	366.8332
layer_3_LC_7	365.3262
layer_3_LC_8	365.3243
layer_3_LC_9	366.8303
layer_3_LC_10	366.8303
layer_3_LC_11	365.3243
layer_3_LC_12	364.0860
layer_3_LC_13	365.4196
layer_3_LC_14	365.4196
layer_3_LC_15	364.0860
layer_4_TB_0	363.9142
layer_4_TB_1	365.2594
layer_4_TB_2	365.2594
layer_4_TB_3	363.9142
layer_4_TB_4	365.0008
layer_4_TB_5	366.5178
layer_4_TB_6	366.5178
layer_4_TB_7	365.0008
layer_4_TB_8	365.0004
layer_4_TB_9	366.5164
layer_4_TB_10	366.5164
layer_4_TB_11	365.0004
layer_4_TB_12	363.7543
layer_4_TB_13	365.0964
layer_4_TB_14	365.0964
layer_4_TB_15	363.7543
layer_5_B_0	363.5828
layer_5_B_1	364.9367
layer_5_B_2	364.9367
layer_5_B_3	363.5828
layer_5_B_4	364.6753
layer_5_B_5	366.2028
layer_5_B_6	366.2028
layer_5_B_7	364.6753
layer_5_B_8	364.6765
layer_5_B_9	366.2029
layer_5_B_10	366.2029
layer_5_B_11	364.6765
layer_5_B_12	363.4223
layer_5_B_13	364.7733
layer_5_B_14	364.7733
layer_5_B_15	363.4223
layer_6_TB_0	363.0074
layer_6_TB_1	364.3807
layer_6_TB_2	364.3807
layer_6_TB_3	363.0074
layer_6_TB_4	364.1136
layer_6_TB_5	365.6656
layer_6_TB_6	365.6656
layer_6_TB_7	364.1136
layer_6_TB_8	364.1177
layer_6_TB_9	365.6687
layer_6_TB_10	365.6687
layer_6_TB_11	364.1177
layer_6_TB_12	362.8456
layer_6_TB_13	364.2162
layer_6_TB_14	364.2162
layer_6_TB_15	362.8456
layer_7_B_16	362.4317
layer_7_B_17	363.8248
layer_7_B_18	363.8248
layer_7_B_19	362.4317
layer_7_B_20	363.5518
layer_7_B_21	365.1286
layer_7_B_22	365.1286
layer_7_B_23	363.5518
layer_7_B_24	363.5590
layer_7_B_25	365.1348
layer_7_B_26	365.1348
layer_7_B_27	363.5590
layer_7_B_28	362.2688
layer_7_B_29	363.6590
layer_7_B_30	363.6590
layer_7_B_31	362.2688
layer_8_TB_0	361.6150
layer_8_TB_1	363.0386
layer_8_TB_2	363.0386
layer_8_TB_3	361.6150
layer_8_TB_4	362.7565
layer_8_TB_5	364.3726
layer_8_TB_6	364.3726
layer_8_TB_7	362.7565
layer_8_TB_8	362.7684
layer_8_TB_9	364.3835
layer_8_TB_10	364.3835
layer_8_TB_11	362.7684
layer_8_TB_12	361.4499
layer_8_TB_13	362.8709
layer_8_TB_14	362.8709
layer_8_TB_15	361.4499
layer_9_B_32	360.7980
layer_9_B_33	362.2524
layer_9_B_34	362.2524
layer_9_B_35	360.7980
layer_9_B_36	361.9612
layer_9_B_37	363.6169
layer_9_B_38	363.6169
layer_9_B_39	361.9612
layer_9_B_40	361.9777
layer_9_B_41	363.6324
layer_9_B_42	363.6324
layer_9_B_43	361.9777
layer_9_B_44	360.6309
layer_9_B_45	362.0827
layer_9_B_46	362.0827
layer_9_B_47	360.6309
layer_10_TB_0	359.6013
layer_10_TB_1	361.0978
layer_10_TB_2	361.0978
layer_10_TB_3	359.6013
layer_10_TB_4	360.8248
layer_10_TB_5	362.5351
layer_10_TB_6	362.5351
layer_10_TB_7	360.8248
layer_10_TB_8	360.8376
layer_10_TB_9	362.5469
layer_10_TB_10	362.5469
layer_10_TB_11	360.8376
layer_10_TB_12	359.4454
layer_10_TB_13	360.9392
layer_10_TB_14	360.9392
layer_10_TB_15	359.4454
layer_11_B_48	358.4043
layer_11_B_49	359.9431
layer_11_B_50	359.9431
layer_11_B_51	358.4043
layer_11_B_52	359.6883
layer_11_B_53	361.4535
layer_11_B_54	361.4535
layer_11_B_55	359.6883
layer_11_B_56	359.6974
layer_11_B_57	361.4616
layer_11_B_58	361.4616
layer_11_B_59	359.6974
layer_11_B_60	358.2596
layer_11_B_61	359.7957
layer_11_B_62	359.7957
layer_11_B_63	358.2596
layer_12_TB_0	356.7772
layer_12_TB_1	358.3698
layer_12_TB_2	358.3698
layer_12_TB_3	356.7772
layer_12_TB_4	358.1291
layer_12_TB_5	359.9652
layer_12_TB_6	359.9652
layer_12_TB_7	358.1291
layer_12_TB_8	358.1379
layer_12_TB_9	359.9730
layer_12_TB_10	359.9730
layer_12_TB_11	358.1379
layer_12_TB_12	356.6401
layer_12_TB_13	358.2300
layer_12_TB_14	358.2300
layer_12_TB_15	356.6401
layer_13_B_64	355.1497
layer_13_B_65	356.7965
layer_13_B_66	356.7965
layer_13_B_67	355.1497
layer_13_B_68	356.5698
layer_13_B_69	358.4771
layer_13_B_70	358.4771
layer_13_B_71	356.5698
layer_13_B_72	356.5784
layer_13_B_73	358.4846
layer_13_B_74	358.4846
layer_13_B_75	356.5784
layer_13_B_76	355.0202
layer_13_B_77	356.6642
layer_13_B_78	356.6642
layer_13_B_79	355.0202
layer_14_TB_0	353.2975
layer_14_TB_1	355.0104
layer_14_TB_2	355.0104
layer_14_TB_3	353.2975
layer_14_TB_4	354.7950
layer_14_TB_5	356.7904
layer_14_TB_6	356.7904
layer_14_TB_7	354.7950
layer_14_TB_8	354.8047
layer_14_TB_9	356.7989
layer_14_TB_10	356.7989
layer_14_TB_11	354.8047
layer_14_TB_12	353.1749
layer_14_TB_13	354.8850
layer_14_TB_14	354.8850
layer_14_TB_15	353.1749
layer_15_B_80	351.4449
layer_15_B_81	353.2243
layer_15_B_82	353.2243
layer_15_B_83	351.4449
layer_15_B_84	353.0202
layer_15_B_85	355.1039
layer_15_B_86	355.1039
layer_15_B_87	353.0202
layer_15_B_88	353.0309
layer_15_B_89	355.1136
layer_15_B_90	355.1136
layer_15_B_91	353.0309
layer_15_B_92	351.3292
layer_15_B_93	353.1058
layer_15_B_94	353.1058
layer_15_B_95	351.3292
layer_16_TB_0	349.3755
layer_16_TB_1	351.2341
layer_16_TB_2	351.2341
layer_16_TB_3	349.3755
layer_16_TB_4	351.0385
layer_16_TB_5	353.2289
layer_16_TB_6	353.2289
layer_16_TB_7	351.0385
layer_16_TB_8	351.0517
layer_16_TB_9	353.2410
layer_16_TB_10	353.2410
layer_16_TB_11	351.0517
layer_16_TB_12	349.2661
layer_16_TB_13	351.1218
layer_16_TB_14	351.1218
layer_16_TB_15	349.2661
layer_17_B_96	347.3058
layer_17_B_97	349.2439
layer_17_B_98	349.2439
layer_17_B_99	347.3058
layer_17_B_100	349.0568
layer_17_B_101	351.3542
layer_17_B_102	351.3542
layer_17_B_103	349.0568
layer_17_B_104	349.0725
layer_17_B_105	351.3688
layer_17_B_106	351.3688
layer_17_B_107	349.0725
layer_17_B_108	347.2027
layer_17_B_109	349.1377
layer_17_B_110	349.1377
layer_17_B_111	347.2027
layer_18_TB_0	344.8856
layer_18_TB_1	346.9163
layer_18_TB_2	346.9163
layer_18_TB_3	344.8856
layer_18_TB_4	346.7664
layer_18_TB_5	349.1904
layer_18_TB_6	349.1904
layer_18_TB_7	346.7664
layer_18_TB_8	346.7756
layer_18_TB_9	349.1984
layer_18_TB_10	349.1984
layer_18_TB_11	346.7756
layer_18_TB_12	344.8022
layer_18_TB_13	346.8298
layer_18_TB_14	346.8298
layer_18_TB_15	344.8022
layer_19_B_112	342.4651
layer_19_B_113	344.5888
layer_19_B_114	344.5888
layer_19_B_115	342.4651
layer_19_B_116	344.4759
layer_19_B_117	347.0270
layer_19_B_118	347.0270
layer_19_B_119	344.4759
layer_19_B_120	344.4786
layer_19_B_121	347.0284
layer_19_B_122	347.0284
layer_19_B_123	344.4786
layer_19_B_124	342.4015
layer_19_B_125	344.5220
layer_19_B_126	344.5220
layer_19_B_127	342.4015
layer_20_TB_0	339.6480
layer_20_TB_1	341.8785
layer_20_TB_2	341.8785
layer_20_TB_3	339.6480
layer_20_TB_4	341.8003
layer_20_TB_5	344.4995
layer_20_TB_6	344.4995
layer_20_TB_7	341.8003
layer_20_TB_8	341.7990
layer_20_TB_9	344.4968
layer_20_TB_10	344.4968
layer_20_TB_11	341.7990
layer_20_TB_12	339.6010
layer_20_TB_13	341.8281
layer_20_TB_14	341.8281
layer_20_TB_15	339.6010
hsp_TB_0	335.8061
hsp_TB_1	338.1826
hsp_TB_2	338.1826
hsp_TB_3	335.8061
hsp_TB_4	338.1517
hsp_TB_5	341.0534
hsp_TB_6	341.0534
hsp_TB_7	338.1517
hsp_TB_8	338.1450
hsp_TB_9	341.0452
hsp_TB_10	341.0452
hsp_TB_11	338.1450
hsp_TB_12	335.7817
hsp_TB_13	338.1546
hsp_TB_14	338.1546
hsp_TB_15	335.7817
hsink_TB_0	323.9051
hsink_TB_1	323.9544
hsink_TB_2	323.9544
hsink_TB_3	323.9051
hsink_TB_4	323.9535
hsink_TB_5	324.0151
hsink_TB_6	324.0151
hsink_TB_7	323.9535
hsink_TB_8	323.9530
hsink_TB_9	324.0146
hsink_TB_10	324.0146
hsink_TB_11	323.9530
hsink_TB_12	323.9037
hsink_TB_13	323.9528
hsink_TB_14	323.9528
hsink_TB_15	323.9037
inode_0	323.8605
inode_1	323.8605
inode_2	323.8600
inode_3	323.8642
inode_4	323.7126
inode_5	323.7126
inode_6	323.7121
inode_7	323.7160
inode_8	322.7176
inode_9	322.7176
inode_10	322.7172
inode_11	322.7204
inode_12	360.3856
inode_13	360.3856
inode_14	360.3814
inode_15	360.4130
inode_16	360.2541
inode_17	360.2541
inode_18	360.2494
inode_19	360.2771
inode_20	354.0318
inode_21	354.0318
inode_22	354.0286
inode_23	354.0395
inode_24	339.9641
inode_25	339.9641
inode_26	339.9622
inode_27	339.9688
