pcb_LC_0	345.6426
pcb_LC_1	346.2392
pcb_LC_2	346.2392
pcb_LC_3	345.6426
pcb_LC_4	346.1323
pcb_LC_5	347.1465
pcb_LC_6	347.1465
pcb_LC_7	346.1323
pcb_LC_8	346.0626
pcb_LC_9	347.0224
pcb_LC_10	347.0224
pcb_LC_11	346.0626
pcb_LC_12	345.4555
pcb_LC_13	345.9556
pcb_LC_14	345.9556
pcb_LC_15	345.4555
solder_LC_0	349.5608
solder_LC_1	349.8366
solder_LC_2	349.8366
solder_LC_3	349.5608
solder_LC_4	349.5808
solder_LC_5	349.9660
solder_LC_6	349.9660
solder_LC_7	349.5808
solder_LC_8	349.3687
solder_LC_9	349.6325
solder_LC_10	349.6325
solder_LC_11	349.3687
solder_LC_12	349.0513
solder_LC_13	349.1122
solder_LC_14	349.1122
solder_LC_15	349.0513
sub_LC_0	351.6874
sub_LC_1	352.2949
sub_LC_2	352.2949
sub_LC_3	351.6874
sub_LC_4	351.7317
sub_LC_5	352.4257
sub_LC_6	352.4257
sub_LC_7	351.7317
sub_LC_8	350.7846
sub_LC_9	351.3834
sub_LC_10	351.3834
sub_LC_11	350.7846
sub_LC_12	349.7935
sub_LC_13	350.2167
sub_LC_14	350.2167
sub_LC_15	349.7935
layer_3_LC_0	353.8350
layer_3_LC_1	354.8041
layer_3_LC_2	354.8041
layer_3_LC_3	353.8350
layer_3_LC_4	353.9410
layer_3_LC_5	355.0070
layer_3_LC_6	355.0070
layer_3_LC_7	353.9410
layer_3_LC_8	352.0523
layer_3_LC_9	353.0785
layer_3_LC_10	353.0785
layer_3_LC_11	352.0523
layer_3_LC_12	350.2941
layer_3_LC_13	351.1784
layer_3_LC_14	351.1784
layer_3_LC_15	350.2941
layer_4_TB_0	353.5902
layer_4_TB_1	354.5677
layer_4_TB_2	354.5677
layer_4_TB_3	353.5902
layer_4_TB_4	353.7098
layer_4_TB_5	354.7862
layer_4_TB_6	354.7862
layer_4_TB_7	353.7098
layer_4_TB_8	351.8069
layer_4_TB_9	352.8441
layer_4_TB_10	352.8441
layer_4_TB_11	351.8069
layer_4_TB_12	350.0435
layer_4_TB_13	350.9375
layer_4_TB_14	350.9375
layer_4_TB_15	350.0435
layer_5_B_0	353.3452
layer_5_B_1	354.3315
layer_5_B_2	354.3315
layer_5_B_3	353.3452
layer_5_B_4	353.4788
layer_5_B_5	354.5657
layer_5_B_6	354.5657
layer_5_B_7	353.4788
layer_5_B_8	351.5614
layer_5_B_9	352.6098
layer_5_B_10	352.6098
layer_5_B_11	351.5614
layer_5_B_12	349.7927
layer_5_B_13	350.6965
layer_5_B_14	350.6965
layer_5_B_15	349.7927
layer_6_TB_0	352.8889
layer_6_TB_1	353.8917
layer_6_TB_2	353.8917
layer_6_TB_3	352.8889
layer_6_TB_4	353.0501
layer_6_TB_5	354.1578
layer_6_TB_6	354.1578
layer_6_TB_7	353.0501
layer_6_TB_8	351.1076
layer_6_TB_9	352.1770
layer_6_TB_10	352.1770
layer_6_TB_11	351.1076
layer_6_TB_12	349.3322
layer_6_TB_13	350.2529
layer_6_TB_14	350.2529
layer_6_TB_15	349.3322
layer_7_B_16	352.4324
layer_7_B_17	353.4520
layer_7_B_18	353.4520
layer_7_B_19	352.4324
layer_7_B_20	352.6215
layer_7_B_21	353.7503
layer_7_B_22	353.7503
layer_7_B_23	352.6215
layer_7_B_24	350.6536
layer_7_B_25	351.7441
layer_7_B_26	351.7441
layer_7_B_27	350.6536
layer_7_B_28	348.8715
layer_7_B_29	349.8092
layer_7_B_30	349.8092
layer_7_B_31	348.8715
layer_8_TB_0	351.7662
layer_8_TB_1	352.8109
layer_8_TB_2	352.8109
layer_8_TB_3	351.7662
layer_8_TB_4	351.9981
layer_8_TB_5	353.1584
layer_8_TB_6	353.1584
layer_8_TB_7	351.9981
layer_8_TB_8	349.9929
layer_8_TB_9	351.1146
layer_8_TB_10	351.1146
layer_8_TB_11	349.9929
layer_8_TB_12	348.2031
layer_8_TB_13	349.1651
layer_8_TB_14	349.1651
layer_8_TB_15	348.2031
layer_9_B_32	351.1000
layer_9_B_33	352.1698
layer_9_B_34	352.1698
layer_9_B_35	351.1000
layer_9_B_36	351.3748
layer_9_B_37	352.5668
layer_9_B_38	352.5668
layer_9_B_39	351.3748
layer_9_B_40	349.3320
layer_9_B_41	350.4851
layer_9_B_42	350.4851
layer_9_B_43	349.3320
layer_9_B_44	347.5344
layer_9_B_45	348.5210
layer_9_B_46	348.5210
layer_9_B_47	347.5344
layer_10_TB_0	350.2267
layer_10_TB_1	351.3301
layer_10_TB_2	351.3301
layer_10_TB_3	350.2267
layer_10_TB_4	350.5607
layer_10_TB_5	351.7955
layer_10_TB_6	351.7955
layer_10_TB_7	350.5607
layer_10_TB_8	348.4664
layer_10_TB_9	349.6614
layer_10_TB_10	349.6614
layer_10_TB_11	348.4664
layer_10_TB_12	346.6610
layer_10_TB_13	347.6797
layer_10_TB_14	347.6797
layer_10_TB_15	346.6610
layer_11_B_48	349.3533
layer_11_B_49	350.4905
layer_11_B_50	350.4905
layer_11_B_51	349.3533
layer_11_B_52	349.7468
layer_11_B_53	351.0246
layer_11_B_54	351.0246
layer_11_B_55	349.7468
layer_11_B_56	347.6006
layer_11_B_57	348.8378
layer_11_B_58	348.8378
layer_11_B_59	347.6006
layer_11_B_60	345.7874
layer_11_B_61	346.8383
layer_11_B_62	346.8383
layer_11_B_63	345.7874
layer_12_TB_0	348.0686
layer_12_TB_1	349.2484
layer_12_TB_2	349.2484
layer_12_TB_3	348.0686
layer_12_TB_4	348.5371
layer_12_TB_5	349.8696
layer_12_TB_6	349.8696
layer_12_TB_7	348.5371
layer_12_TB_8	346.5326
layer_12_TB_9	347.8231
layer_12_TB_10	347.8231
layer_12_TB_11	346.5326
layer_12_TB_12	344.7129
layer_12_TB_13	345.8040
layer_12_TB_14	345.8040
layer_12_TB_15	344.7129
layer_13_B_64	346.7837
layer_13_B_65	348.0064
layer_13_B_66	348.0064
layer_13_B_67	346.7837
layer_13_B_68	347.3276
layer_13_B_69	348.7150
layer_13_B_70	348.7150
layer_13_B_71	347.3276
layer_13_B_72	345.4644
layer_13_B_73	346.8085
layer_13_B_74	346.8085
layer_13_B_75	345.4644
layer_13_B_76	343.6382
layer_13_B_77	344.7696
layer_13_B_78	344.7696
layer_13_B_79	343.6382
layer_14_TB_0	345.3004
layer_14_TB_1	346.5751
layer_14_TB_2	346.5751
layer_14_TB_3	345.3004
layer_14_TB_4	345.9365
layer_14_TB_5	347.3915
layer_14_TB_6	347.3915
layer_14_TB_7	345.9365
layer_14_TB_8	344.2008
layer_14_TB_9	345.6105
layer_14_TB_10	345.6105
layer_14_TB_11	344.2008
layer_14_TB_12	342.3672
layer_14_TB_13	343.5473
layer_14_TB_14	343.5473
layer_14_TB_15	342.3672
layer_15_B_80	343.8169
layer_15_B_81	345.1438
layer_15_B_82	345.1438
layer_15_B_83	343.8169
layer_15_B_84	344.5456
layer_15_B_85	346.0683
layer_15_B_86	346.0683
layer_15_B_87	344.5456
layer_15_B_88	342.9370
layer_15_B_89	344.4126
layer_15_B_90	344.4126
layer_15_B_91	342.9370
layer_15_B_92	341.0959
layer_15_B_93	342.3249
layer_15_B_94	342.3249
layer_15_B_95	341.0959
layer_16_TB_0	342.1407
layer_16_TB_1	343.5296
layer_16_TB_2	343.5296
layer_16_TB_3	342.1407
layer_16_TB_4	342.9782
layer_16_TB_5	344.5823
layer_16_TB_6	344.5823
layer_16_TB_7	342.9782
layer_16_TB_8	341.4848
layer_16_TB_9	343.0393
layer_16_TB_10	343.0393
layer_16_TB_11	341.4848
layer_16_TB_12	339.6339
layer_16_TB_13	340.9204
layer_16_TB_14	340.9204
layer_16_TB_15	339.6339
layer_17_B_96	340.4643
layer_17_B_97	341.9154
layer_17_B_98	341.9154
layer_17_B_99	340.4643
layer_17_B_100	341.4109
layer_17_B_101	343.0966
layer_17_B_102	343.0966
layer_17_B_103	341.4109
layer_17_B_104	340.0325
layer_17_B_105	341.6661
layer_17_B_106	341.6661
layer_17_B_107	340.0325
layer_17_B_108	338.1716
layer_17_B_109	339.5159
layer_17_B_110	339.5159
layer_17_B_111	338.1716
layer_18_TB_0	338.6016
layer_18_TB_1	340.1251
layer_18_TB_2	340.1251
layer_18_TB_3	338.6016
layer_18_TB_4	339.6733
layer_18_TB_5	341.4552
layer_18_TB_6	341.4552
layer_18_TB_7	339.6733
layer_18_TB_8	338.3991
layer_18_TB_9	340.1259
layer_18_TB_10	340.1259
layer_18_TB_11	338.3991
layer_18_TB_12	336.5246
layer_18_TB_13	337.9359
layer_18_TB_14	337.9359
layer_18_TB_15	336.5246
layer_19_B_112	336.7387
layer_19_B_113	338.3348
layer_19_B_114	338.3348
layer_19_B_115	336.7387
layer_19_B_116	337.9357
layer_19_B_117	339.8143
layer_19_B_118	339.8143
layer_19_B_119	337.9357
layer_19_B_120	336.7657
layer_19_B_121	338.5859
layer_19_B_122	338.5859
layer_19_B_123	336.7657
layer_19_B_124	334.8775
layer_19_B_125	336.3559
layer_19_B_126	336.3559
layer_19_B_127	334.8775
layer_20_TB_0	334.4888
layer_20_TB_1	336.1682
layer_20_TB_2	336.1682
layer_20_TB_3	334.4888
layer_20_TB_4	335.8244
layer_20_TB_5	337.8154
layer_20_TB_6	337.8154
layer_20_TB_7	335.8244
layer_20_TB_8	334.9589
layer_20_TB_9	336.8877
layer_20_TB_10	336.8877
layer_20_TB_11	334.9589
layer_20_TB_12	333.0525
layer_20_TB_13	334.6077
layer_20_TB_14	334.6077
layer_20_TB_15	333.0525
hsp_TB_0	331.4205
hsp_TB_1	333.2138
hsp_TB_2	333.2138
hsp_TB_3	331.4205
hsp_TB_4	332.9454
hsp_TB_5	335.0901
hsp_TB_6	335.0901
hsp_TB_7	332.9454
hsp_TB_8	332.4949
hsp_TB_9	334.5722
hsp_TB_10	334.5722
hsp_TB_11	332.4949
hsp_TB_12	330.5635
hsp_TB_13	332.2237
hsp_TB_14	332.2237
hsp_TB_15	330.5635
hsink_TB_0	322.3620
hsink_TB_1	322.4015
hsink_TB_2	322.4015
hsink_TB_3	322.3620
hsink_TB_4	322.3824
hsink_TB_5	322.4287
hsink_TB_6	322.4287
hsink_TB_7	322.3824
hsink_TB_8	322.3673
hsink_TB_9	322.4105
hsink_TB_10	322.4105
hsink_TB_11	322.3673
hsink_TB_12	322.3162
hsink_TB_13	322.3482
hsink_TB_14	322.3482
hsink_TB_15	322.3162
inode_0	322.3077
inode_1	322.3077
inode_2	322.2386
inode_3	322.3766
inode_4	322.2000
inode_5	322.2000
inode_6	322.1358
inode_7	322.2640
inode_8	321.4756
inode_9	321.4756
inode_10	321.4228
inode_11	321.5281
inode_12	349.2898
inode_13	349.2898
inode_14	348.9086
inode_15	349.6703
inode_16	349.1920
inode_17	349.1920
inode_18	348.8521
inode_19	349.5314
inode_20	344.6026
inode_21	344.6026
inode_22	344.4629
inode_23	344.7422
inode_24	334.2317
inode_25	334.2317
inode_26	334.1467
inode_27	334.3166
