pcb_LC_0	345.5996
pcb_LC_1	346.2192
pcb_LC_2	346.2192
pcb_LC_3	345.5996
pcb_LC_4	346.0385
pcb_LC_5	347.0532
pcb_LC_6	347.0532
pcb_LC_7	346.0385
pcb_LC_8	345.9382
pcb_LC_9	346.8742
pcb_LC_10	346.8742
pcb_LC_11	345.9382
pcb_LC_12	345.3202
pcb_LC_13	345.7969
pcb_LC_14	345.7969
pcb_LC_15	345.3202
solder_LC_0	349.6182
solder_LC_1	349.9542
solder_LC_2	349.9542
solder_LC_3	349.6182
solder_LC_4	349.4543
solder_LC_5	349.8366
solder_LC_6	349.8366
solder_LC_7	349.4543
solder_LC_8	349.1713
solder_LC_9	349.3847
solder_LC_10	349.3847
solder_LC_11	349.1713
solder_LC_12	348.8528
solder_LC_13	348.8710
solder_LC_14	348.8710
solder_LC_15	348.8528
sub_LC_0	352.3851
sub_LC_1	353.0435
sub_LC_2	353.0435
sub_LC_3	352.3851
sub_LC_4	351.3259
sub_LC_5	352.0035
sub_LC_6	352.0035
sub_LC_7	351.3259
sub_LC_8	350.2924
sub_LC_9	350.8464
sub_LC_10	350.8464
sub_LC_11	350.2924
sub_LC_12	349.4521
sub_LC_13	349.8391
sub_LC_14	349.8391
sub_LC_15	349.4521
layer_3_LC_0	355.4854
layer_3_LC_1	356.4602
layer_3_LC_2	356.4602
layer_3_LC_3	355.4854
layer_3_LC_4	352.9954
layer_3_LC_5	354.0430
layer_3_LC_6	354.0430
layer_3_LC_7	352.9954
layer_3_LC_8	351.2570
layer_3_LC_9	352.2553
layer_3_LC_10	352.2553
layer_3_LC_11	351.2570
layer_3_LC_12	349.8300
layer_3_LC_13	350.6897
layer_3_LC_14	350.6897
layer_3_LC_15	349.8300
layer_4_TB_0	355.2584
layer_4_TB_1	356.2410
layer_4_TB_2	356.2410
layer_4_TB_3	355.2584
layer_4_TB_4	352.7432
layer_4_TB_5	353.8012
layer_4_TB_6	353.8012
layer_4_TB_7	352.7432
layer_4_TB_8	351.0144
layer_4_TB_9	352.0238
layer_4_TB_10	352.0238
layer_4_TB_11	351.0144
layer_4_TB_12	349.5821
layer_4_TB_13	350.4515
layer_4_TB_14	350.4515
layer_4_TB_15	349.5821
layer_5_B_0	355.0316
layer_5_B_1	356.0222
layer_5_B_2	356.0222
layer_5_B_3	355.0316
layer_5_B_4	352.4908
layer_5_B_5	353.5593
layer_5_B_6	353.5593
layer_5_B_7	352.4908
layer_5_B_8	350.7716
layer_5_B_9	351.7924
layer_5_B_10	351.7924
layer_5_B_11	350.7716
layer_5_B_12	349.3340
layer_5_B_13	350.2133
layer_5_B_14	350.2133
layer_5_B_15	349.3340
layer_6_TB_0	354.6074
layer_6_TB_1	355.6140
layer_6_TB_2	355.6140
layer_6_TB_3	354.6074
layer_6_TB_4	352.0214
layer_6_TB_5	353.1105
layer_6_TB_6	353.1105
layer_6_TB_7	352.0214
layer_6_TB_8	350.3248
layer_6_TB_9	351.3664
layer_6_TB_10	351.3664
layer_6_TB_11	350.3248
layer_6_TB_12	348.8790
layer_6_TB_13	349.7750
layer_6_TB_14	349.7750
layer_6_TB_15	348.8790
layer_7_B_16	354.1833
layer_7_B_17	355.2061
layer_7_B_18	355.2061
layer_7_B_19	354.1833
layer_7_B_20	351.5518
layer_7_B_21	352.6616
layer_7_B_22	352.6616
layer_7_B_23	351.5518
layer_7_B_24	349.8779
layer_7_B_25	350.9405
layer_7_B_26	350.9405
layer_7_B_27	349.8779
layer_7_B_28	348.4238
layer_7_B_29	349.3367
layer_7_B_30	349.3367
layer_7_B_31	348.4238
layer_8_TB_0	353.5649
layer_8_TB_1	354.6123
layer_8_TB_2	354.6123
layer_8_TB_3	353.5649
layer_8_TB_4	350.8659
layer_8_TB_5	352.0068
layer_8_TB_6	352.0068
layer_8_TB_7	350.8659
layer_8_TB_8	349.2293
layer_8_TB_9	350.3225
layer_8_TB_10	350.3225
layer_8_TB_11	349.2293
layer_8_TB_12	347.7636
layer_8_TB_13	348.7006
layer_8_TB_14	348.7006
layer_8_TB_15	347.7636
layer_9_B_32	352.9467
layer_9_B_33	354.0189
layer_9_B_34	354.0189
layer_9_B_35	352.9467
layer_9_B_36	350.1797
layer_9_B_37	351.3519
layer_9_B_38	351.3519
layer_9_B_39	350.1797
layer_9_B_40	348.5805
layer_9_B_41	349.7047
layer_9_B_42	349.7047
layer_9_B_43	348.5805
layer_9_B_44	347.1032
layer_9_B_45	348.0644
layer_9_B_46	348.0644
layer_9_B_47	347.1032
layer_10_TB_0	351.9446
layer_10_TB_1	353.0500
layer_10_TB_2	353.0500
layer_10_TB_3	351.9446
layer_10_TB_4	349.2780
layer_10_TB_5	350.4923
layer_10_TB_6	350.4923
layer_10_TB_7	349.2780
layer_10_TB_8	347.7333
layer_10_TB_9	348.8987
layer_10_TB_10	348.8987
layer_10_TB_11	347.7333
layer_10_TB_12	346.2406
layer_10_TB_13	347.2334
layer_10_TB_14	347.2334
layer_10_TB_15	346.2406
layer_11_B_48	350.9426
layer_11_B_49	352.0815
layer_11_B_50	352.0815
layer_11_B_51	350.9426
layer_11_B_52	348.3761
layer_11_B_53	349.6326
layer_11_B_54	349.6326
layer_11_B_55	348.3761
layer_11_B_56	346.8860
layer_11_B_57	348.0928
layer_11_B_58	348.0928
layer_11_B_59	346.8860
layer_11_B_60	345.3778
layer_11_B_61	346.4024
layer_11_B_62	346.4024
layer_11_B_63	345.3778
layer_12_TB_0	349.5604
layer_12_TB_1	350.7417
layer_12_TB_2	350.7417
layer_12_TB_3	349.5604
layer_12_TB_4	347.2630
layer_12_TB_5	348.5732
layer_12_TB_6	348.5732
layer_12_TB_7	347.2630
layer_12_TB_8	345.8446
layer_12_TB_9	347.1037
layer_12_TB_10	347.1037
layer_12_TB_11	345.8446
layer_12_TB_12	344.3166
layer_12_TB_13	345.3807
layer_12_TB_14	345.3807
layer_12_TB_15	344.3166
layer_13_B_64	348.1783
layer_13_B_65	349.4023
layer_13_B_66	349.4023
layer_13_B_67	348.1783
layer_13_B_68	346.1496
layer_13_B_69	347.5138
layer_13_B_70	347.5138
layer_13_B_71	346.1496
layer_13_B_72	344.8032
layer_13_B_73	346.1147
layer_13_B_74	346.1147
layer_13_B_75	344.8032
layer_13_B_76	343.2551
layer_13_B_77	344.3589
layer_13_B_78	344.3589
layer_13_B_79	343.2551
layer_14_TB_0	346.6131
layer_14_TB_1	347.8890
layer_14_TB_2	347.8890
layer_14_TB_3	346.6131
layer_14_TB_4	344.8328
layer_14_TB_5	346.2634
layer_14_TB_6	346.2634
layer_14_TB_7	344.8328
layer_14_TB_8	343.5729
layer_14_TB_9	344.9486
layer_14_TB_10	344.9486
layer_14_TB_11	343.5729
layer_14_TB_12	341.9997
layer_14_TB_13	343.1512
layer_14_TB_14	343.1512
layer_14_TB_15	341.9997
layer_15_B_80	345.0480
layer_15_B_81	346.3761
layer_15_B_82	346.3761
layer_15_B_83	345.0480
layer_15_B_84	343.5159
layer_15_B_85	345.0129
layer_15_B_86	345.0129
layer_15_B_87	343.5159
layer_15_B_88	342.3425
layer_15_B_89	343.7827
layer_15_B_90	343.7827
layer_15_B_91	342.3425
layer_15_B_92	340.7440
layer_15_B_93	341.9434
layer_15_B_94	341.9434
layer_15_B_95	340.7440
layer_16_TB_0	343.3038
layer_16_TB_1	344.6939
layer_16_TB_2	344.6939
layer_16_TB_3	343.3038
layer_16_TB_4	342.0033
layer_16_TB_5	343.5802
layer_16_TB_6	343.5802
layer_16_TB_7	342.0033
layer_16_TB_8	340.9294
layer_16_TB_9	342.4467
layer_16_TB_10	342.4467
layer_16_TB_11	340.9294
layer_16_TB_12	339.2995
layer_16_TB_13	340.5554
layer_16_TB_14	340.5554
layer_16_TB_15	339.2995
layer_17_B_96	341.5597
layer_17_B_97	343.0121
layer_17_B_98	343.0121
layer_17_B_99	341.5597
layer_17_B_100	340.4905
layer_17_B_101	342.1475
layer_17_B_102	342.1475
layer_17_B_103	340.4905
layer_17_B_104	339.5162
layer_17_B_105	341.1109
layer_17_B_106	341.1109
layer_17_B_107	339.5162
layer_17_B_108	337.8547
layer_17_B_109	339.1674
layer_17_B_110	339.1674
layer_17_B_111	337.8547
layer_18_TB_0	339.4475
layer_18_TB_1	340.9725
layer_18_TB_2	340.9725
layer_18_TB_3	339.4475
layer_18_TB_4	338.7898
layer_18_TB_5	340.5411
layer_18_TB_6	340.5411
layer_18_TB_7	338.7898
layer_18_TB_8	337.9271
layer_18_TB_9	339.6129
layer_18_TB_10	339.6129
layer_18_TB_11	337.9271
layer_18_TB_12	336.2271
layer_18_TB_13	337.6054
layer_18_TB_14	337.6054
layer_18_TB_15	336.2271
layer_19_B_112	337.3354
layer_19_B_113	338.9332
layer_19_B_114	338.9332
layer_19_B_115	337.3354
layer_19_B_116	337.0888
layer_19_B_117	338.9349
layer_19_B_118	338.9349
layer_19_B_119	337.0888
layer_19_B_120	336.3380
layer_19_B_121	338.1151
layer_19_B_122	338.1151
layer_19_B_123	336.3380
layer_19_B_124	334.5992
layer_19_B_125	336.0433
layer_19_B_126	336.0433
layer_19_B_127	334.5992
layer_20_TB_0	334.8591
layer_20_TB_1	336.5407
layer_20_TB_2	336.5407
layer_20_TB_3	334.8591
layer_20_TB_4	335.2111
layer_20_TB_5	337.1674
layer_20_TB_6	337.1674
layer_20_TB_7	335.2111
layer_20_TB_8	334.5806
layer_20_TB_9	336.4637
layer_20_TB_10	336.4637
layer_20_TB_11	334.5806
layer_20_TB_12	332.7949
layer_20_TB_13	334.3143
layer_20_TB_14	334.3143
layer_20_TB_15	332.7949
hsp_TB_0	331.4823
hsp_TB_1	333.2782
hsp_TB_2	333.2782
hsp_TB_3	331.4823
hsp_TB_4	332.6503
hsp_TB_5	334.7573
hsp_TB_6	334.7573
hsp_TB_7	332.6503
hsp_TB_8	332.1841
hsp_TB_9	334.2122
hsp_TB_10	334.2122
hsp_TB_11	332.1841
hsp_TB_12	330.3343
hsp_TB_13	331.9565
hsp_TB_14	331.9565
hsp_TB_15	330.3343
hsink_TB_0	322.3295
hsink_TB_1	322.3711
hsink_TB_2	322.3711
hsink_TB_3	322.3295
hsink_TB_4	322.3414
hsink_TB_5	322.3888
hsink_TB_6	322.3888
hsink_TB_7	322.3414
hsink_TB_8	322.3212
hsink_TB_9	322.3644
hsink_TB_10	322.3644
hsink_TB_11	322.3212
hsink_TB_12	322.2669
hsink_TB_13	322.2983
hsink_TB_14	322.2983
hsink_TB_15	322.2669
inode_0	322.2602
inode_1	322.2602
inode_2	322.1811
inode_3	322.3711
inode_4	322.1541
inode_5	322.1541
inode_6	322.0804
inode_7	322.2569
inode_8	321.4379
inode_9	321.4379
inode_10	321.3773
inode_11	321.5223
inode_12	349.1755
inode_13	349.1755
inode_14	348.6842
inode_15	349.8599
inode_16	349.0788
inode_17	349.0788
inode_18	348.6349
inode_19	349.6746
inode_20	344.5085
inode_21	344.5085
inode_22	344.3167
inode_23	344.7374
inode_24	334.1744
inode_25	334.1744
inode_26	334.0579
inode_27	334.3137
