pcb_LC_0	349.3642
pcb_LC_1	349.9878
pcb_LC_2	349.9878
pcb_LC_3	349.3642
pcb_LC_4	349.9904
pcb_LC_5	351.1146
pcb_LC_6	351.1146
pcb_LC_7	349.9904
pcb_LC_8	349.9927
pcb_LC_9	351.1186
pcb_LC_10	351.1186
pcb_LC_11	349.9927
pcb_LC_12	349.3705
pcb_LC_13	349.9973
pcb_LC_14	349.9973
pcb_LC_15	349.3705
solder_LC_0	353.6396
solder_LC_1	353.8302
solder_LC_2	353.8302
solder_LC_3	353.6396
solder_LC_4	353.8340
solder_LC_5	354.2041
solder_LC_6	354.2041
solder_LC_7	353.8340
solder_LC_8	353.8408
solder_LC_9	354.2149
solder_LC_10	354.2149
solder_LC_11	353.8408
solder_LC_12	353.6565
solder_LC_13	353.8543
solder_LC_14	353.8543
solder_LC_15	353.6565
sub_LC_0	355.2521
sub_LC_1	355.8508
sub_LC_2	355.8508
sub_LC_3	355.2521
sub_LC_4	355.8404
sub_LC_5	356.5911
sub_LC_6	356.5911
sub_LC_7	355.8404
sub_LC_8	355.8694
sub_LC_9	356.6231
sub_LC_10	356.6231
sub_LC_11	355.8694
sub_LC_12	355.3157
sub_LC_13	355.9206
sub_LC_14	355.9206
sub_LC_15	355.3157
layer_3_LC_0	356.7351
layer_3_LC_1	357.8224
layer_3_LC_2	357.8224
layer_3_LC_3	356.7351
layer_3_LC_4	357.7856
layer_3_LC_5	359.0136
layer_3_LC_6	359.0136
layer_3_LC_7	357.7856
layer_3_LC_8	357.8411
layer_3_LC_9	359.0705
layer_3_LC_10	359.0705
layer_3_LC_11	357.8411
layer_3_LC_12	356.8552
layer_3_LC_13	357.9454
layer_3_LC_14	357.9454
layer_3_LC_15	356.8552
layer_4_TB_0	356.4597
layer_4_TB_1	357.5565
layer_4_TB_2	357.5565
layer_4_TB_3	356.4597
layer_4_TB_4	357.5187
layer_4_TB_5	358.7579
layer_4_TB_6	358.7579
layer_4_TB_7	357.5187
layer_4_TB_8	357.5745
layer_4_TB_9	358.8150
layer_4_TB_10	358.8150
layer_4_TB_11	357.5745
layer_4_TB_12	356.5799
layer_4_TB_13	357.6796
layer_4_TB_14	357.6796
layer_4_TB_15	356.5799
layer_5_B_0	356.1842
layer_5_B_1	357.2906
layer_5_B_2	357.2906
layer_5_B_3	356.1842
layer_5_B_4	357.2519
layer_5_B_5	358.5024
layer_5_B_6	358.5024
layer_5_B_7	357.2519
layer_5_B_8	357.3079
layer_5_B_9	358.5597
layer_5_B_10	358.5597
layer_5_B_11	357.3079
layer_5_B_12	356.3045
layer_5_B_13	357.4137
layer_5_B_14	357.4137
layer_5_B_15	356.3045
layer_6_TB_0	355.6851
layer_6_TB_1	356.8099
layer_6_TB_2	356.8099
layer_6_TB_3	355.6851
layer_6_TB_4	356.7695
layer_6_TB_5	358.0430
layer_6_TB_6	358.0430
layer_6_TB_7	356.7695
layer_6_TB_8	356.8258
layer_6_TB_9	358.1006
layer_6_TB_10	358.1006
layer_6_TB_11	356.8258
layer_6_TB_12	355.8056
layer_6_TB_13	356.9332
layer_6_TB_14	356.9332
layer_6_TB_15	355.8056
layer_7_B_16	355.1858
layer_7_B_17	356.3293
layer_7_B_18	356.3293
layer_7_B_19	355.1858
layer_7_B_20	356.2871
layer_7_B_21	357.5838
layer_7_B_22	357.5838
layer_7_B_23	356.2871
layer_7_B_24	356.3438
layer_7_B_25	357.6418
layer_7_B_26	357.6418
layer_7_B_27	356.3438
layer_7_B_28	355.3065
layer_7_B_29	356.4527
layer_7_B_30	356.4527
layer_7_B_31	355.3065
layer_8_TB_0	354.4652
layer_8_TB_1	355.6363
layer_8_TB_2	355.6363
layer_8_TB_3	354.4652
layer_8_TB_4	355.5915
layer_8_TB_5	356.9234
layer_8_TB_6	356.9234
layer_8_TB_7	355.5915
layer_8_TB_8	355.6487
layer_8_TB_9	356.9819
layer_8_TB_10	356.9819
layer_8_TB_11	355.6487
layer_8_TB_12	354.5861
layer_8_TB_13	355.7599
layer_8_TB_14	355.7599
layer_8_TB_15	354.5861
layer_9_B_32	353.7445
layer_9_B_33	354.9433
layer_9_B_34	354.9433
layer_9_B_35	353.7445
layer_9_B_36	354.8959
layer_9_B_37	356.2632
layer_9_B_38	356.2632
layer_9_B_39	354.8959
layer_9_B_40	354.9536
layer_9_B_41	356.3223
layer_9_B_42	356.3223
layer_9_B_43	354.9536
layer_9_B_44	353.8654
layer_9_B_45	355.0671
layer_9_B_46	355.0671
layer_9_B_47	353.8654
layer_10_TB_0	352.8055
layer_10_TB_1	354.0415
layer_10_TB_2	354.0415
layer_10_TB_3	352.8055
layer_10_TB_4	353.9904
layer_10_TB_5	355.4057
layer_10_TB_6	355.4057
layer_10_TB_7	353.9904
layer_10_TB_8	354.0489
layer_10_TB_9	355.4655
layer_10_TB_10	355.4655
layer_10_TB_11	354.0489
layer_10_TB_12	352.9267
layer_10_TB_13	354.1655
layer_10_TB_14	354.1655
layer_10_TB_15	352.9267
layer_11_B_48	351.8664
layer_11_B_49	353.1397
layer_11_B_50	353.1397
layer_11_B_51	351.8664
layer_11_B_52	353.0849
layer_11_B_53	354.5484
layer_11_B_54	354.5484
layer_11_B_55	353.0849
layer_11_B_56	353.1442
layer_11_B_57	354.6090
layer_11_B_58	354.6090
layer_11_B_59	353.1442
layer_11_B_60	351.9878
layer_11_B_61	353.2639
layer_11_B_62	353.2639
layer_11_B_63	351.9878
layer_12_TB_0	350.5083
layer_12_TB_1	351.8286
layer_12_TB_2	351.8286
layer_12_TB_3	350.5083
layer_12_TB_4	351.7785
layer_12_TB_5	353.3035
layer_12_TB_6	353.3035
layer_12_TB_7	351.7785
layer_12_TB_8	351.8340
layer_12_TB_9	353.3604
layer_12_TB_10	353.3604
layer_12_TB_11	351.8340
layer_12_TB_12	350.6224
layer_12_TB_13	351.9456
layer_12_TB_14	351.9456
layer_12_TB_15	350.6224
layer_13_B_64	349.1501
layer_13_B_65	350.5175
layer_13_B_66	350.5175
layer_13_B_67	349.1501
layer_13_B_68	350.4720
layer_13_B_69	352.0588
layer_13_B_70	352.0588
layer_13_B_71	350.4720
layer_13_B_72	350.5239
layer_13_B_73	352.1121
layer_13_B_74	352.1121
layer_13_B_75	350.5239
layer_13_B_76	349.2568
layer_13_B_77	350.6273
layer_13_B_78	350.6273
layer_13_B_79	349.2568
layer_14_TB_0	347.5835
layer_14_TB_1	349.0083
layer_14_TB_2	349.0083
layer_14_TB_3	347.5835
layer_14_TB_4	348.9664
layer_14_TB_5	350.6291
layer_14_TB_6	350.6291
layer_14_TB_7	348.9664
layer_14_TB_8	349.0148
layer_14_TB_9	350.6790
layer_14_TB_10	350.6790
layer_14_TB_11	349.0148
layer_14_TB_12	347.6829
layer_14_TB_13	349.1109
layer_14_TB_14	349.1109
layer_14_TB_15	347.6829
layer_15_B_80	346.0167
layer_15_B_81	347.4990
layer_15_B_82	347.4990
layer_15_B_83	346.0167
layer_15_B_84	347.4608
layer_15_B_85	349.1998
layer_15_B_86	349.1998
layer_15_B_87	347.4608
layer_15_B_88	347.5057
layer_15_B_89	349.2462
layer_15_B_90	349.2462
layer_15_B_91	347.5057
layer_15_B_92	346.1088
layer_15_B_93	347.5944
layer_15_B_94	347.5944
layer_15_B_95	346.1088
layer_16_TB_0	344.2480
layer_16_TB_1	345.7986
layer_16_TB_2	345.7986
layer_16_TB_3	344.2480
layer_16_TB_4	345.7632
layer_16_TB_5	347.5937
layer_16_TB_6	347.5937
layer_16_TB_7	345.7632
layer_16_TB_8	345.8048
layer_16_TB_9	347.6369
layer_16_TB_10	347.6369
layer_16_TB_11	345.8048
layer_16_TB_12	344.3329
layer_16_TB_13	345.8868
layer_16_TB_14	345.8868
layer_16_TB_15	344.3329
layer_17_B_96	342.4792
layer_17_B_97	344.0981
layer_17_B_98	344.0981
layer_17_B_99	342.4792
layer_17_B_100	344.0656
layer_17_B_101	345.9880
layer_17_B_102	345.9880
layer_17_B_103	344.0656
layer_17_B_104	344.1039
layer_17_B_105	346.0279
layer_17_B_106	346.0279
layer_17_B_107	344.1039
layer_17_B_108	342.5568
layer_17_B_109	344.1792
layer_17_B_110	344.1792
layer_17_B_111	342.5568
layer_18_TB_0	340.5157
layer_18_TB_1	342.2142
layer_18_TB_2	342.2142
layer_18_TB_3	340.5157
layer_18_TB_4	342.1839
layer_18_TB_5	344.2146
layer_18_TB_6	344.2146
layer_18_TB_7	342.1839
layer_18_TB_8	342.2190
layer_18_TB_9	344.2514
layer_18_TB_10	344.2514
layer_18_TB_11	342.2190
layer_18_TB_12	340.5860
layer_18_TB_13	342.2882
layer_18_TB_14	342.2882
layer_18_TB_15	340.5860
layer_19_B_112	338.5520
layer_19_B_113	340.3303
layer_19_B_114	340.3303
layer_19_B_115	338.5520
layer_19_B_116	340.3021
layer_19_B_117	342.4416
layer_19_B_118	342.4416
layer_19_B_119	340.3021
layer_19_B_120	340.3341
layer_19_B_121	342.4753
layer_19_B_122	342.4753
layer_19_B_123	340.3341
layer_19_B_124	338.6151
layer_19_B_125	340.3973
layer_19_B_126	340.3973
layer_19_B_127	338.6151
layer_20_TB_0	336.1968
layer_20_TB_1	338.0666
layer_20_TB_2	338.0666
layer_20_TB_3	336.1968
layer_20_TB_4	338.0493
layer_20_TB_5	340.3153
layer_20_TB_6	340.3153
layer_20_TB_7	338.0493
layer_20_TB_8	338.0735
layer_20_TB_9	340.3415
layer_20_TB_10	340.3415
layer_20_TB_11	338.0735
layer_20_TB_12	336.2451
layer_20_TB_13	338.1189
layer_20_TB_14	338.1189
layer_20_TB_15	336.2451
hsp_TB_0	332.9847
hsp_TB_1	334.9796
hsp_TB_2	334.9796
hsp_TB_3	332.9847
hsp_TB_4	334.9773
hsp_TB_5	337.4163
hsp_TB_6	337.4163
hsp_TB_7	334.9773
hsp_TB_8	334.9910
hsp_TB_9	337.4321
hsp_TB_10	337.4321
hsp_TB_11	334.9910
hsp_TB_12	333.0129
hsp_TB_13	335.0121
hsp_TB_14	335.0121
hsp_TB_15	333.0129
hsink_TB_0	322.9922
hsink_TB_1	323.0334
hsink_TB_2	323.0334
hsink_TB_3	322.9922
hsink_TB_4	323.0339
hsink_TB_5	323.0856
hsink_TB_6	323.0856
hsink_TB_7	323.0339
hsink_TB_8	323.0344
hsink_TB_9	323.0862
hsink_TB_10	323.0862
hsink_TB_11	323.0344
hsink_TB_12	322.9937
hsink_TB_13	323.0352
hsink_TB_14	323.0352
hsink_TB_15	322.9937
inode_0	322.9562
inode_1	322.9562
inode_2	322.9594
inode_3	322.9548
inode_4	322.8317
inode_5	322.8317
inode_6	322.8347
inode_7	322.8304
inode_8	321.9943
inode_9	321.9943
inode_10	321.9967
inode_11	321.9932
inode_12	353.6270
inode_13	353.6270
inode_14	353.6445
inode_15	353.6189
inode_16	353.5161
inode_17	353.5161
inode_18	353.5312
inode_19	353.5084
inode_20	348.2885
inode_21	348.2885
inode_22	348.2941
inode_23	348.2848
inode_24	336.4725
inode_25	336.4725
inode_26	336.4759
inode_27	336.4702
