pcb_LC_0	347.8695
pcb_LC_1	348.4677
pcb_LC_2	348.4771
pcb_LC_3	347.8972
pcb_LC_4	348.4450
pcb_LC_5	349.5136
pcb_LC_6	349.5309
pcb_LC_7	348.4864
pcb_LC_8	348.4595
pcb_LC_9	349.5411
pcb_LC_10	349.5604
pcb_LC_11	348.5031
pcb_LC_12	347.9116
pcb_LC_13	348.5331
pcb_LC_14	348.5456
pcb_LC_15	347.9423
solder_LC_0	351.9304
solder_LC_1	352.1392
solder_LC_2	352.1627
solder_LC_3	352.0053
solder_LC_4	352.0039
solder_LC_5	352.3478
solder_LC_6	352.3874
solder_LC_7	352.1024
solder_LC_8	352.0402
solder_LC_9	352.4144
solder_LC_10	352.4667
solder_LC_11	352.1508
solder_LC_12	352.0351
solder_LC_13	352.3008
solder_LC_14	352.3503
solder_LC_15	352.1316
sub_LC_0	353.5491
sub_LC_1	354.3063
sub_LC_2	354.3630
sub_LC_3	353.8607
sub_LC_4	353.3895
sub_LC_5	354.1604
sub_LC_6	354.2388
sub_LC_7	353.6135
sub_LC_8	353.4993
sub_LC_9	354.3132
sub_LC_10	354.4708
sub_LC_11	353.7850
sub_LC_12	353.8634
sub_LC_13	354.7193
sub_LC_14	355.0514
sub_LC_15	354.3336
layer_3_LC_0	355.1722
layer_3_LC_1	356.6592
layer_3_LC_2	356.6970
layer_3_LC_3	355.8267
layer_3_LC_4	354.5316
layer_3_LC_5	355.8435
layer_3_LC_6	355.9450
layer_3_LC_7	354.8747
layer_3_LC_8	354.7070
layer_3_LC_9	356.0611
layer_3_LC_10	356.3286
layer_3_LC_11	355.1535
layer_3_LC_12	355.7481
layer_3_LC_13	357.3125
layer_3_LC_14	358.1079
layer_3_LC_15	356.6811
layer_4_TB_0	354.9165
layer_4_TB_1	356.4215
layer_4_TB_2	356.4535
layer_4_TB_3	355.5770
layer_4_TB_4	354.2652
layer_4_TB_5	355.5877
layer_4_TB_6	355.6880
layer_4_TB_7	354.6063
layer_4_TB_8	354.4394
layer_4_TB_9	355.8031
layer_4_TB_10	356.0697
layer_4_TB_11	354.8830
layer_4_TB_12	355.4943
layer_4_TB_13	357.0695
layer_4_TB_14	357.8795
layer_4_TB_15	356.4288
layer_5_B_0	354.6607
layer_5_B_1	356.1841
layer_5_B_2	356.2102
layer_5_B_3	355.3273
layer_5_B_4	353.9986
layer_5_B_5	355.3319
layer_5_B_6	355.4311
layer_5_B_7	354.3377
layer_5_B_8	354.1716
layer_5_B_9	355.5451
layer_5_B_10	355.8108
layer_5_B_11	354.6122
layer_5_B_12	355.2406
layer_5_B_13	356.8268
layer_5_B_14	357.6514
layer_5_B_15	356.1766
layer_6_TB_0	354.1935
layer_6_TB_1	355.7516
layer_6_TB_2	355.7660
layer_6_TB_3	354.8711
layer_6_TB_4	353.5125
layer_6_TB_5	354.8661
layer_6_TB_6	354.9631
layer_6_TB_7	353.8473
layer_6_TB_8	353.6828
layer_6_TB_9	355.0749
layer_6_TB_10	355.3384
layer_6_TB_11	354.1174
layer_6_TB_12	354.7768
layer_6_TB_13	356.3833
layer_6_TB_14	357.2366
layer_6_TB_15	355.7142
layer_7_B_16	353.7261
layer_7_B_17	355.3194
layer_7_B_18	355.3219
layer_7_B_19	354.4150
layer_7_B_20	353.0262
layer_7_B_21	354.4003
layer_7_B_22	354.4951
layer_7_B_23	353.3566
layer_7_B_24	353.1937
layer_7_B_25	354.6047
layer_7_B_26	354.8660
layer_7_B_27	353.6223
layer_7_B_28	354.3130
layer_7_B_29	355.9401
layer_7_B_30	356.8222
layer_7_B_31	355.2519
layer_8_TB_0	353.0497
layer_8_TB_1	354.6959
layer_8_TB_2	354.6797
layer_8_TB_3	353.7556
layer_8_TB_4	352.3220
layer_8_TB_5	353.7262
layer_8_TB_6	353.8180
layer_8_TB_7	352.6456
layer_8_TB_8	352.4853
layer_8_TB_9	353.9241
layer_8_TB_10	354.1814
layer_8_TB_11	352.9045
layer_8_TB_12	353.6419
layer_8_TB_13	355.2988
layer_8_TB_14	356.2257
layer_8_TB_15	354.5819
layer_9_B_32	352.3733
layer_9_B_33	354.0727
layer_9_B_34	354.0377
layer_9_B_35	353.0961
layer_9_B_36	351.6176
layer_9_B_37	353.0520
layer_9_B_38	353.1409
layer_9_B_39	351.9344
layer_9_B_40	351.7766
layer_9_B_41	353.2435
layer_9_B_42	353.4966
layer_9_B_43	352.1864
layer_9_B_44	352.9709
layer_9_B_45	354.6578
layer_9_B_46	355.6297
layer_9_B_47	353.9120
layer_10_TB_0	351.4912
layer_10_TB_1	353.2638
layer_10_TB_2	353.2015
layer_10_TB_3	352.2379
layer_10_TB_4	350.6977
layer_10_TB_5	352.1719
layer_10_TB_6	352.2573
layer_10_TB_7	351.0048
layer_10_TB_8	350.8506
layer_10_TB_9	352.3548
layer_10_TB_10	352.6010
layer_10_TB_11	351.2474
layer_10_TB_12	352.0966
layer_10_TB_13	353.8227
layer_10_TB_14	354.8588
layer_10_TB_15	353.0380
layer_11_B_48	350.6090
layer_11_B_49	352.4553
layer_11_B_50	352.3655
layer_11_B_51	351.3797
layer_11_B_52	349.7775
layer_11_B_53	351.2918
layer_11_B_54	351.3737
layer_11_B_55	350.0750
layer_11_B_56	349.9243
layer_11_B_57	351.4660
layer_11_B_58	351.7053
layer_11_B_59	350.3081
layer_11_B_60	351.2224
layer_11_B_61	352.9879
layer_11_B_62	354.0886
layer_11_B_63	352.1640
layer_12_TB_0	349.3076
layer_12_TB_1	351.1269
layer_12_TB_2	351.0519
layer_12_TB_3	350.0211
layer_12_TB_4	348.6449
layer_12_TB_5	350.2084
layer_12_TB_6	350.2869
layer_12_TB_7	348.9290
layer_12_TB_8	348.7832
layer_12_TB_9	350.3720
layer_12_TB_10	350.6001
layer_12_TB_11	349.1500
layer_12_TB_12	349.8654
layer_12_TB_13	351.6102
layer_12_TB_14	352.6060
layer_12_TB_15	350.7594
layer_13_B_64	348.0062
layer_13_B_65	349.7989
layer_13_B_66	349.7385
layer_13_B_67	348.6626
layer_13_B_68	347.5119
layer_13_B_69	349.1250
layer_13_B_70	349.2000
layer_13_B_71	347.7827
layer_13_B_72	347.6418
layer_13_B_73	349.2779
layer_13_B_74	349.4948
layer_13_B_75	347.9917
layer_13_B_76	348.5085
layer_13_B_77	350.2328
layer_13_B_78	351.1240
layer_13_B_79	349.3547
layer_14_TB_0	346.5085
layer_14_TB_1	348.2946
layer_14_TB_2	348.2401
layer_14_TB_3	347.1145
layer_14_TB_4	346.1738
layer_14_TB_5	347.8478
layer_14_TB_6	347.9190
layer_14_TB_7	346.4286
layer_14_TB_8	346.2936
layer_14_TB_9	347.9884
layer_14_TB_10	348.1911
layer_14_TB_11	346.6232
layer_14_TB_12	346.9578
layer_14_TB_13	348.6703
layer_14_TB_14	349.4751
layer_14_TB_15	347.7558
layer_15_B_80	345.0107
layer_15_B_81	346.7905
layer_15_B_82	346.7419
layer_15_B_83	345.5664
layer_15_B_84	344.8356
layer_15_B_85	346.5705
layer_15_B_86	346.6381
layer_15_B_87	345.0742
layer_15_B_88	344.9452
layer_15_B_89	346.6990
layer_15_B_90	346.8874
layer_15_B_91	345.2544
layer_15_B_92	345.4072
layer_15_B_93	347.1080
layer_15_B_94	347.8266
layer_15_B_95	346.1569
layer_16_TB_0	343.3223
layer_16_TB_1	345.1137
layer_16_TB_2	345.0637
layer_16_TB_3	343.8334
layer_16_TB_4	343.3000
layer_16_TB_5	345.1089
layer_16_TB_6	345.1725
layer_16_TB_7	343.5202
layer_16_TB_8	343.3984
layer_16_TB_9	345.2243
layer_16_TB_10	345.3964
layer_16_TB_11	343.6841
layer_16_TB_12	343.6682
layer_16_TB_13	345.3655
layer_16_TB_14	346.0117
layer_16_TB_15	344.3699
layer_17_B_96	341.6337
layer_17_B_97	343.4371
layer_17_B_98	343.3856
layer_17_B_99	342.1003
layer_17_B_100	341.7642
layer_17_B_101	343.6473
layer_17_B_102	343.7071
layer_17_B_103	341.9659
layer_17_B_104	341.8514
layer_17_B_105	343.7496
layer_17_B_106	343.9054
layer_17_B_107	342.1137
layer_17_B_108	341.9292
layer_17_B_109	343.6232
layer_17_B_110	344.1972
layer_17_B_111	342.5829
layer_18_TB_0	339.7614
layer_18_TB_1	341.5929
layer_18_TB_2	341.5335
layer_18_TB_3	340.1884
layer_18_TB_4	340.0392
layer_18_TB_5	342.0110
layer_18_TB_6	342.0670
layer_18_TB_7	340.2205
layer_18_TB_8	340.1146
layer_18_TB_9	342.1003
layer_18_TB_10	342.2380
layer_18_TB_11	340.3506
layer_18_TB_12	340.0086
layer_18_TB_13	341.7065
layer_18_TB_14	342.2187
layer_18_TB_15	340.6152
layer_19_B_112	337.8889
layer_19_B_113	339.7490
layer_19_B_114	339.6815
layer_19_B_115	338.2765
layer_19_B_116	338.3140
layer_19_B_117	340.3749
layer_19_B_118	340.4271
layer_19_B_119	338.4749
layer_19_B_120	338.3775
layer_19_B_121	340.4510
layer_19_B_122	340.5707
layer_19_B_123	338.5872
layer_19_B_124	338.0878
layer_19_B_125	339.7898
layer_19_B_126	340.2405
layer_19_B_127	338.6474
layer_20_TB_0	335.4996
layer_20_TB_1	337.3892
layer_20_TB_2	337.3620
layer_20_TB_3	335.7759
layer_20_TB_4	336.4080
layer_20_TB_5	338.5740
layer_20_TB_6	338.6227
layer_20_TB_7	336.5467
layer_20_TB_8	336.4592
layer_20_TB_9	338.6379
layer_20_TB_10	338.7379
layer_20_TB_11	336.6401
layer_20_TB_12	335.6477
layer_20_TB_13	337.4522
layer_20_TB_14	337.7645
layer_20_TB_15	336.0591
hsp_TB_0	332.2411
hsp_TB_1	334.1714
hsp_TB_2	334.1991
hsp_TB_3	332.3658
hsp_TB_4	333.8087
hsp_TB_5	336.1184
hsp_TB_6	336.1625
hsp_TB_7	333.9170
hsp_TB_8	333.8432
hsp_TB_9	336.1657
hsp_TB_10	336.2388
hsp_TB_11	333.9848
hsp_TB_12	332.3200
hsp_TB_13	334.2647
hsp_TB_14	334.3883
hsp_TB_15	332.5293
hsink_TB_0	322.7536
hsink_TB_1	322.7968
hsink_TB_2	322.7990
hsink_TB_3	322.7607
hsink_TB_4	322.7904
hsink_TB_5	322.8439
hsink_TB_6	322.8467
hsink_TB_7	322.7987
hsink_TB_8	322.7925
hsink_TB_9	322.8465
hsink_TB_10	322.8494
hsink_TB_11	322.8010
hsink_TB_12	322.7600
hsink_TB_13	322.8044
hsink_TB_14	322.8069
hsink_TB_15	322.7676
inode_0	322.7023
inode_1	322.7244
inode_2	322.7525
inode_3	322.7324
inode_4	322.5856
inode_5	322.6061
inode_6	322.6318
inode_7	322.6130
inode_8	321.7922
inode_9	321.8090
inode_10	321.8301
inode_11	321.8147
inode_12	351.8758
inode_13	351.9953
inode_14	352.1863
inode_15	352.0027
inode_16	351.7809
inode_17	351.8866
inode_18	352.0400
inode_19	351.8771
inode_20	346.8423
inode_21	346.8852
inode_22	346.9275
inode_23	346.8613
inode_24	335.5933
inode_25	335.6194
inode_26	335.6451
inode_27	335.6048
