pcb_LC_0	349.3377
pcb_LC_1	349.9641
pcb_LC_2	349.9641
pcb_LC_3	349.3377
pcb_LC_4	349.9594
pcb_LC_5	351.0847
pcb_LC_6	351.0847
pcb_LC_7	349.9594
pcb_LC_8	349.9566
pcb_LC_9	351.0796
pcb_LC_10	351.0796
pcb_LC_11	349.9566
pcb_LC_12	349.3297
pcb_LC_13	349.9521
pcb_LC_14	349.9521
pcb_LC_15	349.3297
solder_LC_0	353.6194
solder_LC_1	353.8175
solder_LC_2	353.8175
solder_LC_3	353.6194
solder_LC_4	353.8053
solder_LC_5	354.1804
solder_LC_6	354.1804
solder_LC_7	353.8053
solder_LC_8	353.7976
solder_LC_9	354.1679
solder_LC_10	354.1679
solder_LC_11	353.7976
solder_LC_12	353.5976
solder_LC_13	353.7867
solder_LC_14	353.7867
solder_LC_15	353.5976
sub_LC_0	355.2741
sub_LC_1	355.8785
sub_LC_2	355.8785
sub_LC_3	355.2741
sub_LC_4	355.8418
sub_LC_5	356.5959
sub_LC_6	356.5959
sub_LC_7	355.8418
sub_LC_8	355.8154
sub_LC_9	356.5660
sub_LC_10	356.5660
sub_LC_11	355.8154
sub_LC_12	355.1901
sub_LC_13	355.7867
sub_LC_14	355.7867
sub_LC_15	355.1901
layer_3_LC_0	356.8059
layer_3_LC_1	357.8950
layer_3_LC_2	357.8950
layer_3_LC_3	356.8059
layer_3_LC_4	357.8230
layer_3_LC_5	359.0514
layer_3_LC_6	359.0514
layer_3_LC_7	357.8230
layer_3_LC_8	357.7819
layer_3_LC_9	359.0088
layer_3_LC_10	359.0088
layer_3_LC_11	357.7819
layer_3_LC_12	356.6429
layer_3_LC_13	357.7283
layer_3_LC_14	357.7283
layer_3_LC_15	356.6429
layer_4_TB_0	356.5308
layer_4_TB_1	357.6293
layer_4_TB_2	357.6293
layer_4_TB_3	356.5308
layer_4_TB_4	357.5566
layer_4_TB_5	358.7961
layer_4_TB_6	358.7961
layer_4_TB_7	357.5566
layer_4_TB_8	357.5161
layer_4_TB_9	358.7541
layer_4_TB_10	358.7541
layer_4_TB_11	357.5161
layer_4_TB_12	356.3672
layer_4_TB_13	357.4621
layer_4_TB_14	357.4621
layer_4_TB_15	356.3672
layer_5_B_0	356.2554
layer_5_B_1	357.3635
layer_5_B_2	357.3635
layer_5_B_3	356.2554
layer_5_B_4	357.2902
layer_5_B_5	358.5410
layer_5_B_6	358.5410
layer_5_B_7	357.2902
layer_5_B_8	357.2503
layer_5_B_9	358.4996
layer_5_B_10	358.4996
layer_5_B_11	357.2503
layer_5_B_12	356.0913
layer_5_B_13	357.1959
layer_5_B_14	357.1959
layer_5_B_15	356.0913
layer_6_TB_0	355.7565
layer_6_TB_1	356.8830
layer_6_TB_2	356.8830
layer_6_TB_3	355.7565
layer_6_TB_4	356.8085
layer_6_TB_5	358.0823
layer_6_TB_6	358.0823
layer_6_TB_7	356.8085
layer_6_TB_8	356.7697
layer_6_TB_9	358.0421
layer_6_TB_10	358.0421
layer_6_TB_11	356.7697
layer_6_TB_12	355.5915
layer_6_TB_13	356.7145
layer_6_TB_14	356.7145
layer_6_TB_15	355.5915
layer_7_B_16	355.2574
layer_7_B_17	356.4025
layer_7_B_18	356.4025
layer_7_B_19	355.2574
layer_7_B_20	356.3268
layer_7_B_21	357.6238
layer_7_B_22	357.6238
layer_7_B_23	356.3268
layer_7_B_24	356.2892
layer_7_B_25	357.5847
layer_7_B_26	357.5847
layer_7_B_27	356.2892
layer_7_B_28	355.0915
layer_7_B_29	356.2332
layer_7_B_30	356.2332
layer_7_B_31	355.0915
layer_8_TB_0	354.5370
layer_8_TB_1	355.7097
layer_8_TB_2	355.7097
layer_8_TB_3	354.5370
layer_8_TB_4	355.6320
layer_8_TB_5	356.9642
layer_8_TB_6	356.9642
layer_8_TB_7	355.6320
layer_8_TB_8	355.5963
layer_8_TB_9	356.9270
layer_8_TB_10	356.9270
layer_8_TB_11	355.5963
layer_8_TB_12	354.3698
layer_8_TB_13	355.5390
layer_8_TB_14	355.5390
layer_8_TB_15	354.3698
layer_9_B_32	353.8163
layer_9_B_33	355.0168
layer_9_B_34	355.0168
layer_9_B_35	353.8163
layer_9_B_36	354.9373
layer_9_B_37	356.3049
layer_9_B_38	356.3049
layer_9_B_39	354.9373
layer_9_B_40	354.9034
layer_9_B_41	356.2695
layer_9_B_42	356.2695
layer_9_B_43	354.9034
layer_9_B_44	353.6479
layer_9_B_45	354.8449
layer_9_B_46	354.8449
layer_9_B_47	353.6479
layer_10_TB_0	352.8775
layer_10_TB_1	354.1151
layer_10_TB_2	354.1151
layer_10_TB_3	352.8775
layer_10_TB_4	354.0329
layer_10_TB_5	355.4485
layer_10_TB_6	355.4485
layer_10_TB_7	354.0329
layer_10_TB_8	354.0016
layer_10_TB_9	355.4157
layer_10_TB_10	355.4157
layer_10_TB_11	354.0016
layer_10_TB_12	352.7073
layer_10_TB_13	353.9414
layer_10_TB_14	353.9414
layer_10_TB_15	352.7073
layer_11_B_48	351.9384
layer_11_B_49	353.2134
layer_11_B_50	353.2134
layer_11_B_51	351.9384
layer_11_B_52	353.1285
layer_11_B_53	354.5923
layer_11_B_54	354.5923
layer_11_B_55	353.1285
layer_11_B_56	353.0999
layer_11_B_57	354.5621
layer_11_B_58	354.5621
layer_11_B_59	353.0999
layer_11_B_60	351.7665
layer_11_B_61	353.0378
layer_11_B_62	353.0378
layer_11_B_63	351.7665
layer_12_TB_0	350.5757
layer_12_TB_1	351.8977
layer_12_TB_2	351.8977
layer_12_TB_3	350.5757
layer_12_TB_4	351.8187
layer_12_TB_5	353.3439
layer_12_TB_6	353.3439
layer_12_TB_7	351.8187
layer_12_TB_8	351.7908
layer_12_TB_9	353.3144
layer_12_TB_10	353.3144
layer_12_TB_11	351.7908
layer_12_TB_12	350.4147
layer_12_TB_13	351.7330
layer_12_TB_14	351.7330
layer_12_TB_15	350.4147
layer_13_B_64	349.2128
layer_13_B_65	350.5819
layer_13_B_66	350.5819
layer_13_B_67	349.2128
layer_13_B_68	350.5089
layer_13_B_69	352.0958
layer_13_B_70	352.0958
layer_13_B_71	350.5089
layer_13_B_72	350.4817
layer_13_B_73	352.0670
layer_13_B_74	352.0670
layer_13_B_75	350.4817
layer_13_B_76	349.0627
layer_13_B_77	350.4281
layer_13_B_78	350.4281
layer_13_B_79	349.0627
layer_14_TB_0	347.6415
layer_14_TB_1	349.0680
layer_14_TB_2	349.0680
layer_14_TB_3	347.6415
layer_14_TB_4	349.0001
layer_14_TB_5	350.6629
layer_14_TB_6	350.6629
layer_14_TB_7	349.0001
layer_14_TB_8	348.9744
layer_14_TB_9	350.6356
layer_14_TB_10	350.6356
layer_14_TB_11	348.9744
layer_14_TB_12	347.5018
layer_14_TB_13	348.9244
layer_14_TB_14	348.9244
layer_14_TB_15	347.5018
layer_15_B_80	346.0699
layer_15_B_81	347.5541
layer_15_B_82	347.5541
layer_15_B_83	346.0699
layer_15_B_84	347.4912
layer_15_B_85	349.2303
layer_15_B_86	349.2303
layer_15_B_87	347.4912
layer_15_B_88	347.4671
layer_15_B_89	349.2045
layer_15_B_90	349.2045
layer_15_B_91	347.4671
layer_15_B_92	345.9407
layer_15_B_93	347.4208
layer_15_B_94	347.4208
layer_15_B_95	345.9407
layer_16_TB_0	344.2965
layer_16_TB_1	345.8489
layer_16_TB_2	345.8489
layer_16_TB_3	344.2965
layer_16_TB_4	345.7906
layer_16_TB_5	347.6212
layer_16_TB_6	347.6212
layer_16_TB_7	345.7906
layer_16_TB_8	345.7686
layer_16_TB_9	347.5975
layer_16_TB_10	347.5975
layer_16_TB_11	345.7686
layer_16_TB_12	344.1774
layer_16_TB_13	345.7255
layer_16_TB_14	345.7255
layer_16_TB_15	344.1774
layer_17_B_96	342.5229
layer_17_B_97	344.1438
layer_17_B_98	344.1438
layer_17_B_99	342.5229
layer_17_B_100	344.0899
layer_17_B_101	346.0124
layer_17_B_102	346.0124
layer_17_B_103	344.0899
layer_17_B_104	344.0701
layer_17_B_105	345.9908
layer_17_B_106	345.9908
layer_17_B_107	344.0701
layer_17_B_108	342.4138
layer_17_B_109	344.0303
layer_17_B_110	344.0303
layer_17_B_111	342.4138
layer_18_TB_0	340.5547
layer_18_TB_1	342.2552
layer_18_TB_2	342.2552
layer_18_TB_3	340.5547
layer_18_TB_4	342.2052
layer_18_TB_5	344.2362
layer_18_TB_6	344.2362
layer_18_TB_7	342.2052
layer_18_TB_8	342.1882
layer_18_TB_9	344.2172
layer_18_TB_10	344.2172
layer_18_TB_11	342.1882
layer_18_TB_12	340.4552
layer_18_TB_13	342.1512
layer_18_TB_14	342.1512
layer_18_TB_15	340.4552
layer_19_B_112	338.5862
layer_19_B_113	340.3667
layer_19_B_114	340.3667
layer_19_B_115	338.5862
layer_19_B_116	340.3205
layer_19_B_117	342.4602
layer_19_B_118	342.4602
layer_19_B_119	340.3205
layer_19_B_120	340.3063
layer_19_B_121	342.4439
layer_19_B_122	342.4439
layer_19_B_123	340.3063
layer_19_B_124	338.4964
layer_19_B_125	340.2721
layer_19_B_126	340.2721
layer_19_B_127	338.4964
layer_20_TB_0	336.2215
layer_20_TB_1	338.0935
layer_20_TB_2	338.0935
layer_20_TB_3	336.2215
layer_20_TB_4	338.0602
layer_20_TB_5	340.3265
layer_20_TB_6	340.3265
layer_20_TB_7	338.0602
layer_20_TB_8	338.0464
layer_20_TB_9	340.3105
layer_20_TB_10	340.3105
layer_20_TB_11	338.0464
layer_20_TB_12	336.1543
layer_20_TB_13	338.0213
layer_20_TB_14	338.0213
layer_20_TB_15	336.1543
hsp_TB_0	332.9965
hsp_TB_1	334.9938
hsp_TB_2	334.9938
hsp_TB_3	332.9965
hsp_TB_4	334.9779
hsp_TB_5	337.4173
hsp_TB_6	337.4173
hsp_TB_7	334.9779
hsp_TB_8	334.9647
hsp_TB_9	337.4017
hsp_TB_10	337.4017
hsp_TB_11	334.9647
hsp_TB_12	332.9601
hsp_TB_13	334.9519
hsp_TB_14	334.9519
hsp_TB_15	332.9601
hsink_TB_0	322.9880
hsink_TB_1	323.0294
hsink_TB_2	323.0294
hsink_TB_3	322.9880
hsink_TB_4	323.0285
hsink_TB_5	323.0802
hsink_TB_6	323.0802
hsink_TB_7	323.0285
hsink_TB_8	323.0278
hsink_TB_9	323.0795
hsink_TB_10	323.0795
hsink_TB_11	323.0278
hsink_TB_12	322.9860
hsink_TB_13	323.0270
hsink_TB_14	323.0270
hsink_TB_15	322.9860
inode_0	322.9506
inode_1	322.9506
inode_2	322.9476
inode_3	322.9537
inode_4	322.8262
inode_5	322.8262
inode_6	322.8235
inode_7	322.8291
inode_8	321.9898
inode_9	321.9898
inode_10	321.9875
inode_11	321.9922
inode_12	353.5893
inode_13	353.5893
inode_14	353.5731
inode_15	353.6068
inode_16	353.4785
inode_17	353.4785
inode_18	353.4641
inode_19	353.4938
inode_20	348.2564
inode_21	348.2564
inode_22	348.2505
inode_23	348.2625
inode_24	336.4530
inode_25	336.4530
inode_26	336.4494
inode_27	336.4567
