pcb_LC_0	343.8363
pcb_LC_1	344.3426
pcb_LC_2	344.3426
pcb_LC_3	343.8363
pcb_LC_4	344.3618
pcb_LC_5	345.2836
pcb_LC_6	345.2836
pcb_LC_7	344.3618
pcb_LC_8	344.3732
pcb_LC_9	345.3039
pcb_LC_10	345.3039
pcb_LC_11	344.3732
pcb_LC_12	343.8655
pcb_LC_13	344.3869
pcb_LC_14	344.3869
pcb_LC_15	343.8655
solder_LC_0	347.3326
solder_LC_1	347.4709
solder_LC_2	347.4709
solder_LC_3	347.3326
solder_LC_4	347.5221
solder_LC_5	347.8167
solder_LC_6	347.8167
solder_LC_7	347.5221
solder_LC_8	347.5601
solder_LC_9	347.8753
solder_LC_10	347.8753
solder_LC_11	347.5601
solder_LC_12	347.4113
solder_LC_13	347.5834
solder_LC_14	347.5834
solder_LC_15	347.4113
sub_LC_0	348.5518
sub_LC_1	349.0095
sub_LC_2	349.0095
sub_LC_3	348.5518
sub_LC_4	349.1496
sub_LC_5	349.7383
sub_LC_6	349.7383
sub_LC_7	349.1496
sub_LC_8	349.3543
sub_LC_9	349.9596
sub_LC_10	349.9596
sub_LC_11	349.3543
sub_LC_12	348.8319
sub_LC_13	349.3172
sub_LC_14	349.3172
sub_LC_15	348.8319
layer_3_LC_0	349.6413
layer_3_LC_1	350.4811
layer_3_LC_2	350.4811
layer_3_LC_3	349.6413
layer_3_LC_4	350.7110
layer_3_LC_5	351.6636
layer_3_LC_6	351.6636
layer_3_LC_7	350.7110
layer_3_LC_8	351.1695
layer_3_LC_9	352.1277
layer_3_LC_10	352.1277
layer_3_LC_11	351.1695
layer_3_LC_12	350.1399
layer_3_LC_13	350.9906
layer_3_LC_14	350.9906
layer_3_LC_15	350.1399
layer_4_TB_0	349.4039
layer_4_TB_1	350.2525
layer_4_TB_2	350.2525
layer_4_TB_3	349.4039
layer_4_TB_4	350.4812
layer_4_TB_5	351.4441
layer_4_TB_6	351.4441
layer_4_TB_7	350.4812
layer_4_TB_8	350.9471
layer_4_TB_9	351.9154
layer_4_TB_10	351.9154
layer_4_TB_11	350.9471
layer_4_TB_12	349.9017
layer_4_TB_13	350.7610
layer_4_TB_14	350.7610
layer_4_TB_15	349.9017
layer_5_B_0	349.1664
layer_5_B_1	350.0239
layer_5_B_2	350.0239
layer_5_B_3	349.1664
layer_5_B_4	350.2514
layer_5_B_5	351.2246
layer_5_B_6	351.2246
layer_5_B_7	350.2514
layer_5_B_8	350.7248
layer_5_B_9	351.7033
layer_5_B_10	351.7033
layer_5_B_11	350.7248
layer_5_B_12	349.6633
layer_5_B_13	350.5313
layer_5_B_14	350.5313
layer_5_B_15	349.6633
layer_6_TB_0	348.7127
layer_6_TB_1	349.5859
layer_6_TB_2	349.5859
layer_6_TB_3	348.7127
layer_6_TB_4	349.8106
layer_6_TB_5	350.8034
layer_6_TB_6	350.8034
layer_6_TB_7	349.8106
layer_6_TB_8	350.2751
layer_6_TB_9	351.2731
layer_6_TB_10	351.2731
layer_6_TB_11	350.2751
layer_6_TB_12	349.2142
layer_6_TB_13	350.0979
layer_6_TB_14	350.0979
layer_6_TB_15	349.2142
layer_7_B_16	348.2588
layer_7_B_17	349.1480
layer_7_B_18	349.1480
layer_7_B_19	348.2588
layer_7_B_20	349.3697
layer_7_B_21	350.3822
layer_7_B_22	350.3822
layer_7_B_23	349.3697
layer_7_B_24	349.8255
layer_7_B_25	350.8431
layer_7_B_26	350.8431
layer_7_B_27	349.8255
layer_7_B_28	348.7650
layer_7_B_29	349.6645
layer_7_B_30	349.6645
layer_7_B_31	348.7650
layer_8_TB_0	347.5993
layer_8_TB_1	348.5114
layer_8_TB_2	348.5114
layer_8_TB_3	347.5993
layer_8_TB_4	348.7287
layer_8_TB_5	349.7702
layer_8_TB_6	349.7702
layer_8_TB_7	348.7287
layer_8_TB_8	349.1588
layer_8_TB_9	350.2055
layer_8_TB_10	350.2055
layer_8_TB_11	349.1588
layer_8_TB_12	348.1016
layer_8_TB_13	349.0241
layer_8_TB_14	349.0241
layer_8_TB_15	348.1016
layer_9_B_32	346.9395
layer_9_B_33	347.8747
layer_9_B_34	347.8747
layer_9_B_35	346.9395
layer_9_B_36	348.0875
layer_9_B_37	349.1583
layer_9_B_38	349.1583
layer_9_B_39	348.0875
layer_9_B_40	348.4922
layer_9_B_41	349.5681
layer_9_B_42	349.5681
layer_9_B_43	348.4922
layer_9_B_44	347.4380
layer_9_B_45	348.3837
layer_9_B_46	348.3837
layer_9_B_47	347.4380
layer_10_TB_0	346.0702
layer_10_TB_1	347.0358
layer_10_TB_2	347.0358
layer_10_TB_3	346.0702
layer_10_TB_4	347.2382
layer_10_TB_5	348.3482
layer_10_TB_6	348.3482
layer_10_TB_7	347.2382
layer_10_TB_8	347.6333
layer_10_TB_9	348.7485
layer_10_TB_10	348.7485
layer_10_TB_11	347.6333
layer_10_TB_12	346.5504
layer_10_TB_13	347.5265
layer_10_TB_14	347.5265
layer_10_TB_15	346.5504
layer_11_B_48	345.2008
layer_11_B_49	346.1968
layer_11_B_50	346.1968
layer_11_B_51	345.2008
layer_11_B_52	346.3889
layer_11_B_53	347.5382
layer_11_B_54	347.5382
layer_11_B_55	346.3889
layer_11_B_56	346.7745
layer_11_B_57	347.9291
layer_11_B_58	347.9291
layer_11_B_59	346.7745
layer_11_B_60	345.6625
layer_11_B_61	346.6693
layer_11_B_62	346.6693
layer_11_B_63	345.6625
layer_12_TB_0	344.1263
layer_12_TB_1	345.1606
layer_12_TB_2	345.1606
layer_12_TB_3	344.1263
layer_12_TB_4	345.3419
layer_12_TB_5	346.5411
layer_12_TB_6	346.5411
layer_12_TB_7	345.3419
layer_12_TB_8	345.7170
layer_12_TB_9	346.9215
layer_12_TB_10	346.9215
layer_12_TB_11	345.7170
layer_12_TB_12	344.5608
layer_12_TB_13	345.6060
layer_12_TB_14	345.6060
layer_12_TB_15	344.5608
layer_13_B_64	343.0517
layer_13_B_65	344.1243
layer_13_B_66	344.1243
layer_13_B_67	343.0517
layer_13_B_68	344.2949
layer_13_B_69	345.5442
layer_13_B_70	345.5442
layer_13_B_71	344.2949
layer_13_B_72	344.6595
layer_13_B_73	345.9143
layer_13_B_74	345.9143
layer_13_B_75	344.6595
layer_13_B_76	343.4589
layer_13_B_77	344.5427
layer_13_B_78	344.5427
layer_13_B_79	343.4589
layer_14_TB_0	341.7738
layer_14_TB_1	342.8927
layer_14_TB_2	342.8927
layer_14_TB_3	341.7738
layer_14_TB_4	343.0513
layer_14_TB_5	344.3619
layer_14_TB_6	344.3619
layer_14_TB_7	343.0513
layer_14_TB_8	343.3875
layer_14_TB_9	344.7038
layer_14_TB_10	344.7038
layer_14_TB_11	343.3875
layer_14_TB_12	342.1598
layer_14_TB_13	343.2903
layer_14_TB_14	343.2903
layer_14_TB_15	342.1598
layer_15_B_80	340.4956
layer_15_B_81	341.6610
layer_15_B_82	341.6610
layer_15_B_83	340.4956
layer_15_B_84	341.8077
layer_15_B_85	343.1798
layer_15_B_86	343.1798
layer_15_B_87	341.8077
layer_15_B_88	342.1155
layer_15_B_89	343.4936
layer_15_B_90	343.4936
layer_15_B_91	342.1155
layer_15_B_92	340.8605
layer_15_B_93	342.0379
layer_15_B_94	342.0379
layer_15_B_95	340.8605
layer_16_TB_0	339.0279
layer_16_TB_1	340.2483
layer_16_TB_2	340.2483
layer_16_TB_3	339.0279
layer_16_TB_4	340.3818
layer_16_TB_5	341.8277
layer_16_TB_6	341.8277
layer_16_TB_7	340.3818
layer_16_TB_8	340.6424
layer_16_TB_9	342.0945
layer_16_TB_10	342.0945
layer_16_TB_11	340.6424
layer_16_TB_12	339.3639
layer_16_TB_13	340.5968
layer_16_TB_14	340.5968
layer_16_TB_15	339.3639
layer_17_B_96	337.5599
layer_17_B_97	338.8354
layer_17_B_98	338.8354
layer_17_B_99	337.5599
layer_17_B_100	338.9559
layer_17_B_101	340.4759
layer_17_B_102	340.4759
layer_17_B_103	338.9559
layer_17_B_104	339.1693
layer_17_B_105	340.6957
layer_17_B_106	340.6957
layer_17_B_107	339.1693
layer_17_B_108	337.8671
layer_17_B_109	339.1557
layer_17_B_110	339.1557
layer_17_B_111	337.8671
layer_18_TB_0	335.9017
layer_18_TB_1	337.2412
layer_18_TB_2	337.2412
layer_18_TB_3	335.9017
layer_18_TB_4	337.3434
layer_18_TB_5	338.9505
layer_18_TB_6	338.9505
layer_18_TB_7	337.3434
layer_18_TB_8	337.5229
layer_18_TB_9	339.1369
layer_18_TB_10	339.1369
layer_18_TB_11	337.5229
layer_18_TB_12	336.1664
layer_18_TB_13	337.5195
layer_18_TB_14	337.5195
layer_18_TB_15	336.1664
layer_19_B_112	334.2432
layer_19_B_113	335.6469
layer_19_B_114	335.6469
layer_19_B_115	334.2432
layer_19_B_116	335.7308
layer_19_B_117	337.4254
layer_19_B_118	337.4254
layer_19_B_119	335.7308
layer_19_B_120	335.8766
layer_19_B_121	337.5783
layer_19_B_122	337.5783
layer_19_B_123	335.8766
layer_19_B_124	334.4654
layer_19_B_125	335.8834
layer_19_B_126	335.8834
layer_19_B_127	334.4654
layer_20_TB_0	332.4020
layer_20_TB_1	333.8792
layer_20_TB_2	333.8792
layer_20_TB_3	332.4020
layer_20_TB_4	333.9455
layer_20_TB_5	335.7418
layer_20_TB_6	335.7418
layer_20_TB_7	333.9455
layer_20_TB_8	334.0530
layer_20_TB_9	335.8569
layer_20_TB_10	335.8569
layer_20_TB_11	334.0530
layer_20_TB_12	332.5739
layer_20_TB_13	334.0661
layer_20_TB_14	334.0661
layer_20_TB_15	332.5739
hsp_TB_0	329.8910
hsp_TB_1	331.4686
hsp_TB_2	331.4686
hsp_TB_3	329.8910
hsp_TB_4	331.5109
hsp_TB_5	333.4462
hsp_TB_6	333.4462
hsp_TB_7	331.5109
hsp_TB_8	331.5663
hsp_TB_9	333.5099
hsp_TB_10	333.5099
hsp_TB_11	331.5663
hsp_TB_12	329.9943
hsp_TB_13	331.5880
hsp_TB_14	331.5880
hsp_TB_15	329.9943
hsink_TB_0	321.9946
hsink_TB_1	322.0269
hsink_TB_2	322.0269
hsink_TB_3	321.9946
hsink_TB_4	322.0294
hsink_TB_5	322.0703
hsink_TB_6	322.0703
hsink_TB_7	322.0294
hsink_TB_8	322.0312
hsink_TB_9	322.0724
hsink_TB_10	322.0724
hsink_TB_11	322.0312
hsink_TB_12	322.0001
hsink_TB_13	322.0333
hsink_TB_14	322.0333
hsink_TB_15	322.0001
inode_0	321.9688
inode_1	321.9688
inode_2	321.9763
inode_3	321.9597
inode_4	321.8699
inode_5	321.8699
inode_6	321.8768
inode_7	321.8615
inode_8	321.2045
inode_9	321.2045
inode_10	321.2102
inode_11	321.1976
inode_12	347.3630
inode_13	347.3630
inode_14	347.4063
inode_15	347.2929
inode_16	347.2707
inode_17	347.2707
inode_18	347.3114
inode_19	347.2091
inode_20	342.9643
inode_21	342.9643
inode_22	342.9832
inode_23	342.9402
inode_24	333.2357
inode_25	333.2357
inode_26	333.2472
inode_27	333.2210
