pcb_LC_0	349.3422
pcb_LC_1	349.9656
pcb_LC_2	349.9656
pcb_LC_3	349.3422
pcb_LC_4	349.9685
pcb_LC_5	351.0924
pcb_LC_6	351.0924
pcb_LC_7	349.9685
pcb_LC_8	349.9705
pcb_LC_9	351.0959
pcb_LC_10	351.0959
pcb_LC_11	349.9705
pcb_LC_12	349.3471
pcb_LC_13	349.9730
pcb_LC_14	349.9730
pcb_LC_15	349.3471
solder_LC_0	353.6139
solder_LC_1	353.8046
solder_LC_2	353.8046
solder_LC_3	353.6139
solder_LC_4	353.8116
solder_LC_5	354.1830
solder_LC_6	354.1830
solder_LC_7	353.8116
solder_LC_8	353.8182
solder_LC_9	354.1932
solder_LC_10	354.1932
solder_LC_11	353.8182
solder_LC_12	353.6271
solder_LC_13	353.8235
solder_LC_14	353.8235
solder_LC_15	353.6271
sub_LC_0	355.2180
sub_LC_1	355.8161
sub_LC_2	355.8161
sub_LC_3	355.2180
sub_LC_4	355.8282
sub_LC_5	356.5797
sub_LC_6	356.5797
sub_LC_7	355.8282
sub_LC_8	355.8656
sub_LC_9	356.6202
sub_LC_10	356.6202
sub_LC_11	355.8656
sub_LC_12	355.2640
sub_LC_13	355.8670
sub_LC_14	355.8670
sub_LC_15	355.2640
layer_3_LC_0	356.6874
layer_3_LC_1	357.7739
layer_3_LC_2	357.7739
layer_3_LC_3	356.6874
layer_3_LC_4	357.7850
layer_3_LC_5	359.0127
layer_3_LC_6	359.0127
layer_3_LC_7	357.7850
layer_3_LC_8	357.8702
layer_3_LC_9	359.0992
layer_3_LC_10	359.0992
layer_3_LC_11	357.8702
layer_3_LC_12	356.7678
layer_3_LC_13	357.8567
layer_3_LC_14	357.8567
layer_3_LC_15	356.7678
layer_4_TB_0	356.4119
layer_4_TB_1	357.5079
layer_4_TB_2	357.5079
layer_4_TB_3	356.4119
layer_4_TB_4	357.5183
layer_4_TB_5	358.7571
layer_4_TB_6	358.7571
layer_4_TB_7	357.5183
layer_4_TB_8	357.6048
layer_4_TB_9	358.8449
layer_4_TB_10	358.8449
layer_4_TB_11	357.6048
layer_4_TB_12	356.4920
layer_4_TB_13	357.5903
layer_4_TB_14	357.5903
layer_4_TB_15	356.4920
layer_5_B_0	356.1363
layer_5_B_1	357.2419
layer_5_B_2	357.2419
layer_5_B_3	356.1363
layer_5_B_4	357.2516
layer_5_B_5	358.5018
layer_5_B_6	358.5018
layer_5_B_7	357.2516
layer_5_B_8	357.3394
layer_5_B_9	358.5908
layer_5_B_10	358.5908
layer_5_B_11	357.3394
layer_5_B_12	356.2160
layer_5_B_13	357.3239
layer_5_B_14	357.3239
layer_5_B_15	356.2160
layer_6_TB_0	355.6370
layer_6_TB_1	356.7610
layer_6_TB_2	356.7610
layer_6_TB_3	355.6370
layer_6_TB_4	356.7693
layer_6_TB_5	358.0424
layer_6_TB_6	358.0424
layer_6_TB_7	356.7693
layer_6_TB_8	356.8596
layer_6_TB_9	358.1341
layer_6_TB_10	358.1341
layer_6_TB_11	356.8596
layer_6_TB_12	355.7158
layer_6_TB_13	356.8422
layer_6_TB_14	356.8422
layer_6_TB_15	355.7158
layer_7_B_16	355.1374
layer_7_B_17	356.2801
layer_7_B_18	356.2801
layer_7_B_19	355.1374
layer_7_B_20	356.2870
layer_7_B_21	357.5833
layer_7_B_22	357.5833
layer_7_B_23	356.2870
layer_7_B_24	356.3799
layer_7_B_25	357.6775
layer_7_B_26	357.6775
layer_7_B_27	356.3799
layer_7_B_28	355.2155
layer_7_B_29	356.3604
layer_7_B_30	356.3604
layer_7_B_31	355.2155
layer_8_TB_0	354.4165
layer_8_TB_1	355.5868
layer_8_TB_2	355.5868
layer_8_TB_3	354.4165
layer_8_TB_4	355.5914
layer_8_TB_5	356.9230
layer_8_TB_6	356.9230
layer_8_TB_7	355.5914
layer_8_TB_8	355.6883
layer_8_TB_9	357.0211
layer_8_TB_10	357.0211
layer_8_TB_11	355.6883
layer_8_TB_12	354.4932
layer_8_TB_13	355.6658
layer_8_TB_14	355.6658
layer_8_TB_15	354.4932
layer_9_B_32	353.6953
layer_9_B_33	354.8934
layer_9_B_34	354.8934
layer_9_B_35	353.6953
layer_9_B_36	354.8958
layer_9_B_37	356.2628
layer_9_B_38	356.2628
layer_9_B_39	354.8958
layer_9_B_40	354.9967
layer_9_B_41	356.3649
layer_9_B_42	356.3649
layer_9_B_43	354.9967
layer_9_B_44	353.7707
layer_9_B_45	354.9711
layer_9_B_46	354.9711
layer_9_B_47	353.7707
layer_10_TB_0	352.7558
layer_10_TB_1	353.9910
layer_10_TB_2	353.9910
layer_10_TB_3	352.7558
layer_10_TB_4	353.9903
layer_10_TB_5	355.4052
layer_10_TB_6	355.4052
layer_10_TB_7	353.9903
layer_10_TB_8	354.0967
layer_10_TB_9	355.5129
layer_10_TB_10	355.5129
layer_10_TB_11	354.0967
layer_10_TB_12	352.8293
layer_10_TB_13	354.0668
layer_10_TB_14	354.0668
layer_10_TB_15	352.8293
layer_11_B_48	351.8161
layer_11_B_49	353.0886
layer_11_B_50	353.0886
layer_11_B_51	351.8161
layer_11_B_52	353.0847
layer_11_B_53	354.5478
layer_11_B_54	354.5478
layer_11_B_55	353.0847
layer_11_B_56	353.1967
layer_11_B_57	354.6611
layer_11_B_58	354.6611
layer_11_B_59	353.1967
layer_11_B_60	351.8877
layer_11_B_61	353.1625
layer_11_B_62	353.1625
layer_11_B_63	351.8877
layer_12_TB_0	350.4611
layer_12_TB_1	351.7805
layer_12_TB_2	351.7805
layer_12_TB_3	350.4611
layer_12_TB_4	351.7780
layer_12_TB_5	353.3026
layer_12_TB_6	353.3026
layer_12_TB_7	351.7780
layer_12_TB_8	351.8816
layer_12_TB_9	353.4075
layer_12_TB_10	353.4075
layer_12_TB_11	351.8816
layer_12_TB_12	350.5291
layer_12_TB_13	351.8510
layer_12_TB_14	351.8510
layer_12_TB_15	350.5291
layer_13_B_64	349.1059
layer_13_B_65	350.4725
layer_13_B_66	350.4725
layer_13_B_67	349.1059
layer_13_B_68	350.4714
layer_13_B_69	352.0577
layer_13_B_70	352.0577
layer_13_B_71	350.4714
layer_13_B_72	350.5664
layer_13_B_73	352.1541
layer_13_B_74	352.1541
layer_13_B_75	350.5664
layer_13_B_76	349.1703
layer_13_B_77	350.5394
layer_13_B_78	350.5394
layer_13_B_79	349.1703
layer_14_TB_0	347.5422
layer_14_TB_1	348.9661
layer_14_TB_2	348.9661
layer_14_TB_3	347.5422
layer_14_TB_4	348.9654
layer_14_TB_5	350.6276
layer_14_TB_6	350.6276
layer_14_TB_7	348.9654
layer_14_TB_8	349.0536
layer_14_TB_9	350.7172
layer_14_TB_10	350.7172
layer_14_TB_11	349.0536
layer_14_TB_12	347.6025
layer_14_TB_13	349.0289
layer_14_TB_14	349.0289
layer_14_TB_15	347.6025
layer_15_B_80	345.9783
layer_15_B_81	347.4597
layer_15_B_82	347.4597
layer_15_B_83	345.9783
layer_15_B_84	347.4594
layer_15_B_85	349.1978
layer_15_B_86	349.1978
layer_15_B_87	347.4594
layer_15_B_88	347.5408
layer_15_B_89	349.2807
layer_15_B_90	349.2807
layer_15_B_91	347.5408
layer_15_B_92	346.0344
layer_15_B_93	347.5184
layer_15_B_94	347.5184
layer_15_B_95	346.0344
layer_16_TB_0	344.2124
layer_16_TB_1	345.7619
layer_16_TB_2	345.7619
layer_16_TB_3	344.2124
layer_16_TB_4	345.7613
layer_16_TB_5	347.5913
layer_16_TB_6	347.5913
layer_16_TB_7	345.7613
layer_16_TB_8	345.8372
layer_16_TB_9	347.6687
layer_16_TB_10	347.6687
layer_16_TB_11	345.8372
layer_16_TB_12	344.2639
layer_16_TB_13	345.8162
layer_16_TB_14	345.8162
layer_16_TB_15	344.2639
layer_17_B_96	342.4463
layer_17_B_97	344.0642
layer_17_B_98	344.0642
layer_17_B_99	342.4463
layer_17_B_100	344.0632
layer_17_B_101	345.9850
layer_17_B_102	345.9850
layer_17_B_103	344.0632
layer_17_B_104	344.1336
layer_17_B_105	346.0571
layer_17_B_106	346.0571
layer_17_B_107	344.1336
layer_17_B_108	342.4931
layer_17_B_109	344.1139
layer_17_B_110	344.1139
layer_17_B_111	342.4931
layer_18_TB_0	340.4855
layer_18_TB_1	342.1829
layer_18_TB_2	342.1829
layer_18_TB_3	340.4855
layer_18_TB_4	342.1808
layer_18_TB_5	344.2110
layer_18_TB_6	344.2110
layer_18_TB_7	342.1808
layer_18_TB_8	342.2470
layer_18_TB_9	344.2789
layer_18_TB_10	344.2789
layer_18_TB_11	342.2470
layer_18_TB_12	340.5272
layer_18_TB_13	342.2276
layer_18_TB_14	342.2276
layer_18_TB_15	340.5272
layer_19_B_112	338.5244
layer_19_B_113	340.3016
layer_19_B_114	340.3016
layer_19_B_115	338.5244
layer_19_B_116	340.2984
layer_19_B_117	342.4373
layer_19_B_118	342.4373
layer_19_B_119	340.2984
layer_19_B_120	340.3604
layer_19_B_121	342.5012
layer_19_B_122	342.5012
layer_19_B_123	340.3604
layer_19_B_124	338.5610
layer_19_B_125	340.3414
layer_19_B_126	340.3414
layer_19_B_127	338.5610
layer_20_TB_0	336.1756
layer_20_TB_1	338.0441
layer_20_TB_2	338.0441
layer_20_TB_3	336.1756
layer_20_TB_4	338.0449
layer_20_TB_5	340.3103
layer_20_TB_6	340.3103
layer_20_TB_7	338.0449
layer_20_TB_8	338.0878
layer_20_TB_9	340.3551
layer_20_TB_10	340.3551
layer_20_TB_11	338.0878
layer_20_TB_12	336.2058
layer_20_TB_13	338.0777
layer_20_TB_14	338.0777
layer_20_TB_15	336.2058
hsp_TB_0	332.9722
hsp_TB_1	334.9657
hsp_TB_2	334.9657
hsp_TB_3	332.9722
hsp_TB_4	334.9719
hsp_TB_5	337.4103
hsp_TB_6	337.4103
hsp_TB_7	334.9719
hsp_TB_8	334.9886
hsp_TB_9	337.4292
hsp_TB_10	337.4292
hsp_TB_11	334.9886
hsp_TB_12	332.9936
hsp_TB_13	334.9907
hsp_TB_14	334.9907
hsp_TB_15	332.9936
hsink_TB_0	322.9882
hsink_TB_1	323.0293
hsink_TB_2	323.0293
hsink_TB_3	322.9882
hsink_TB_4	323.0298
hsink_TB_5	323.0814
hsink_TB_6	323.0814
hsink_TB_7	323.0298
hsink_TB_8	323.0302
hsink_TB_9	323.0819
hsink_TB_10	323.0819
hsink_TB_11	323.0302
hsink_TB_12	322.9893
hsink_TB_13	323.0306
hsink_TB_14	323.0306
hsink_TB_15	322.9893
inode_0	322.9524
inode_1	322.9524
inode_2	322.9539
inode_3	322.9506
inode_4	322.8280
inode_5	322.8280
inode_6	322.8294
inode_7	322.8264
inode_8	321.9912
inode_9	321.9912
inode_10	321.9924
inode_11	321.9899
inode_12	353.6020
inode_13	353.6020
inode_14	353.6105
inode_15	353.5919
inode_16	353.4911
inode_17	353.4911
inode_18	353.4989
inode_19	353.4820
inode_20	348.2671
inode_21	348.2671
inode_22	348.2705
inode_23	348.2633
inode_24	336.4595
inode_25	336.4595
inode_26	336.4616
inode_27	336.4572
