pcb_LC_0	349.1497
pcb_LC_1	349.7363
pcb_LC_2	349.7363
pcb_LC_3	349.1497
pcb_LC_4	349.8164
pcb_LC_5	350.9169
pcb_LC_6	350.9169
pcb_LC_7	349.8164
pcb_LC_8	349.8662
pcb_LC_9	351.0057
pcb_LC_10	351.0057
pcb_LC_11	349.8662
pcb_LC_12	349.2883
pcb_LC_13	349.9457
pcb_LC_14	349.9457
pcb_LC_15	349.2883
solder_LC_0	353.2879
solder_LC_1	353.4013
solder_LC_2	353.4013
solder_LC_3	353.2879
solder_LC_4	353.6014
solder_LC_5	353.9306
solder_LC_6	353.9306
solder_LC_7	353.6014
solder_LC_8	353.7415
solder_LC_9	354.1545
solder_LC_10	354.1545
solder_LC_11	353.7415
solder_LC_12	353.6676
solder_LC_13	353.9387
solder_LC_14	353.9387
solder_LC_15	353.6676
sub_LC_0	354.3648
sub_LC_1	354.8929
sub_LC_2	354.8929
sub_LC_3	354.3648
sub_LC_4	355.4412
sub_LC_5	356.1575
sub_LC_6	356.1575
sub_LC_7	355.4412
sub_LC_8	355.9517
sub_LC_9	356.7288
sub_LC_10	356.7288
sub_LC_11	355.9517
sub_LC_12	355.8214
sub_LC_13	356.4831
sub_LC_14	356.4831
sub_LC_15	355.8214
layer_3_LC_0	355.1712
layer_3_LC_1	356.2197
layer_3_LC_2	356.2197
layer_3_LC_3	355.1712
layer_3_LC_4	357.2424
layer_3_LC_5	358.4468
layer_3_LC_6	358.4468
layer_3_LC_7	357.2424
layer_3_LC_8	358.0983
layer_3_LC_9	359.3262
layer_3_LC_10	359.3262
layer_3_LC_11	358.0983
layer_3_LC_12	357.9821
layer_3_LC_13	359.0852
layer_3_LC_14	359.0852
layer_3_LC_15	357.9821
layer_4_TB_0	354.8925
layer_4_TB_1	355.9510
layer_4_TB_2	355.9510
layer_4_TB_3	354.8925
layer_4_TB_4	356.9804
layer_4_TB_5	358.1961
layer_4_TB_6	358.1961
layer_4_TB_7	356.9804
layer_4_TB_8	357.8301
layer_4_TB_9	359.0688
layer_4_TB_10	359.0688
layer_4_TB_11	357.8301
layer_4_TB_12	357.7112
layer_4_TB_13	358.8231
layer_4_TB_14	358.8231
layer_4_TB_15	357.7112
layer_5_B_0	354.6136
layer_5_B_1	355.6822
layer_5_B_2	355.6822
layer_5_B_3	354.6136
layer_5_B_4	356.7184
layer_5_B_5	357.9456
layer_5_B_6	357.9456
layer_5_B_7	356.7184
layer_5_B_8	357.5619
layer_5_B_9	358.8115
layer_5_B_10	358.8115
layer_5_B_11	357.5619
layer_5_B_12	357.4403
layer_5_B_13	358.5611
layer_5_B_14	358.5611
layer_5_B_15	357.4403
layer_6_TB_0	354.1089
layer_6_TB_1	355.1961
layer_6_TB_2	355.1961
layer_6_TB_3	354.1089
layer_6_TB_4	356.2451
layer_6_TB_5	357.4952
layer_6_TB_6	357.4952
layer_6_TB_7	356.2451
layer_6_TB_8	357.0757
layer_6_TB_9	358.3480
layer_6_TB_10	358.3480
layer_6_TB_11	357.0757
layer_6_TB_12	356.9484
layer_6_TB_13	358.0871
layer_6_TB_14	358.0871
layer_6_TB_15	356.9484
layer_7_B_16	353.6040
layer_7_B_17	354.7099
layer_7_B_18	354.7099
layer_7_B_19	353.6040
layer_7_B_20	355.7718
layer_7_B_21	357.0451
layer_7_B_22	357.0451
layer_7_B_23	355.7718
layer_7_B_24	356.5895
layer_7_B_25	357.8847
layer_7_B_26	357.8847
layer_7_B_27	356.5895
layer_7_B_28	356.4564
layer_7_B_29	357.6131
layer_7_B_30	357.6131
layer_7_B_31	356.4564
layer_8_TB_0	352.8752
layer_8_TB_1	354.0085
layer_8_TB_2	354.0085
layer_8_TB_3	352.8752
layer_8_TB_4	355.0900
layer_8_TB_5	356.3982
layer_8_TB_6	356.3982
layer_8_TB_7	355.0900
layer_8_TB_8	355.8872
layer_8_TB_9	357.2173
layer_8_TB_10	357.2173
layer_8_TB_11	355.8872
layer_8_TB_12	355.7459
layer_8_TB_13	356.9299
layer_8_TB_14	356.9299
layer_8_TB_15	355.7459
layer_9_B_32	352.1461
layer_9_B_33	353.3070
layer_9_B_34	353.3070
layer_9_B_35	352.1461
layer_9_B_36	354.4083
layer_9_B_37	355.7516
layer_9_B_38	355.7516
layer_9_B_39	354.4083
layer_9_B_40	355.1849
layer_9_B_41	356.5501
layer_9_B_42	356.5501
layer_9_B_43	355.1849
layer_9_B_44	355.0354
layer_9_B_45	356.2468
layer_9_B_46	356.2468
layer_9_B_47	355.0354
layer_10_TB_0	351.1959
layer_10_TB_1	352.3933
layer_10_TB_2	352.3933
layer_10_TB_3	351.1959
layer_10_TB_4	353.5221
layer_10_TB_5	354.9128
layer_10_TB_6	354.9128
layer_10_TB_7	353.5221
layer_10_TB_8	354.2692
layer_10_TB_9	355.6821
layer_10_TB_10	355.6821
layer_10_TB_11	354.2692
layer_10_TB_12	353.9137
layer_10_TB_13	355.1620
layer_10_TB_14	355.1620
layer_10_TB_15	353.9137
layer_11_B_48	350.2453
layer_11_B_49	351.4794
layer_11_B_50	351.4794
layer_11_B_51	350.2453
layer_11_B_52	352.6359
layer_11_B_53	354.0743
layer_11_B_54	354.0743
layer_11_B_55	352.6359
layer_11_B_56	353.3536
layer_11_B_57	354.8144
layer_11_B_58	354.8144
layer_11_B_59	353.3536
layer_11_B_60	352.7918
layer_11_B_61	354.0773
layer_11_B_62	354.0773
layer_11_B_63	352.7918
layer_12_TB_0	348.9834
layer_12_TB_1	350.2635
layer_12_TB_2	350.2635
layer_12_TB_3	348.9834
layer_12_TB_4	351.3419
layer_12_TB_5	352.8410
layer_12_TB_6	352.8410
layer_12_TB_7	351.3419
layer_12_TB_8	352.0221
layer_12_TB_9	353.5442
layer_12_TB_10	353.5442
layer_12_TB_11	352.0221
layer_12_TB_12	351.3968
layer_12_TB_13	352.7292
layer_12_TB_14	352.7292
layer_12_TB_15	351.3968
layer_13_B_64	347.7212
layer_13_B_65	349.0474
layer_13_B_66	349.0474
layer_13_B_67	347.7212
layer_13_B_68	350.0480
layer_13_B_69	351.6081
layer_13_B_70	351.6081
layer_13_B_71	350.0480
layer_13_B_72	350.6907
layer_13_B_73	352.2742
layer_13_B_74	352.2742
layer_13_B_75	350.6907
layer_13_B_76	350.0017
layer_13_B_77	351.3812
layer_13_B_78	351.3812
layer_13_B_79	350.0017
layer_14_TB_0	346.2476
layer_14_TB_1	347.6298
layer_14_TB_2	347.6298
layer_14_TB_3	346.2476
layer_14_TB_4	348.5601
layer_14_TB_5	350.1952
layer_14_TB_6	350.1952
layer_14_TB_7	348.5601
layer_14_TB_8	349.1591
layer_14_TB_9	350.8183
layer_14_TB_10	350.8183
layer_14_TB_11	349.1591
layer_14_TB_12	348.3998
layer_14_TB_13	349.8367
layer_14_TB_14	349.8367
layer_14_TB_15	348.3998
layer_15_B_80	344.7737
layer_15_B_81	346.2120
layer_15_B_82	346.2120
layer_15_B_83	344.7737
layer_15_B_84	347.0724
layer_15_B_85	348.7826
layer_15_B_86	348.7826
layer_15_B_87	347.0724
layer_15_B_88	347.6274
layer_15_B_89	349.3626
layer_15_B_90	349.3626
layer_15_B_91	347.6274
layer_15_B_92	346.7977
layer_15_B_93	348.2923
layer_15_B_94	348.2923
layer_15_B_95	346.7977
layer_16_TB_0	343.0955
layer_16_TB_1	344.6001
layer_16_TB_2	344.6001
layer_16_TB_3	343.0955
layer_16_TB_4	345.3971
layer_16_TB_5	347.1976
layer_16_TB_6	347.1976
layer_16_TB_7	345.3971
layer_16_TB_8	345.9023
layer_16_TB_9	347.7288
layer_16_TB_10	347.7288
layer_16_TB_11	345.9023
layer_16_TB_12	344.9957
layer_16_TB_13	346.5588
layer_16_TB_14	346.5588
layer_16_TB_15	344.9957
layer_17_B_96	341.4169
layer_17_B_97	342.9881
layer_17_B_98	342.9881
layer_17_B_99	341.4169
layer_17_B_100	343.7219
layer_17_B_101	345.6130
layer_17_B_102	345.6130
layer_17_B_103	343.7219
layer_17_B_104	344.1771
layer_17_B_105	346.0953
layer_17_B_106	346.0953
layer_17_B_107	344.1771
layer_17_B_108	343.1936
layer_17_B_109	344.8254
layer_17_B_110	344.8254
layer_17_B_111	343.1936
layer_18_TB_0	339.5415
layer_18_TB_1	341.1901
layer_18_TB_2	341.1901
layer_18_TB_3	339.5415
layer_18_TB_4	341.8666
layer_18_TB_5	343.8645
layer_18_TB_6	343.8645
layer_18_TB_7	341.8666
layer_18_TB_8	342.2658
layer_18_TB_9	344.2921
layer_18_TB_10	344.2921
layer_18_TB_11	342.2658
layer_18_TB_12	341.0031
layer_18_TB_13	342.7148
layer_18_TB_14	342.7148
layer_18_TB_15	341.0031
layer_19_B_112	337.6658
layer_19_B_113	339.3920
layer_19_B_114	339.3920
layer_19_B_115	337.6658
layer_19_B_116	340.0113
layer_19_B_117	342.1163
layer_19_B_118	342.1163
layer_19_B_119	340.0113
layer_19_B_120	340.3544
layer_19_B_121	342.4892
layer_19_B_122	342.4892
layer_19_B_123	340.3544
layer_19_B_124	338.8123
layer_19_B_125	340.6043
layer_19_B_126	340.6043
layer_19_B_127	338.8123
layer_20_TB_0	335.5080
layer_20_TB_1	337.3229
layer_20_TB_2	337.3229
layer_20_TB_3	335.5080
layer_20_TB_4	337.7754
layer_20_TB_5	340.0051
layer_20_TB_6	340.0051
layer_20_TB_7	337.7754
layer_20_TB_8	338.0586
layer_20_TB_9	340.3197
layer_20_TB_10	340.3197
layer_20_TB_11	338.0586
layer_20_TB_12	336.3746
layer_20_TB_13	338.2587
layer_20_TB_14	338.2587
layer_20_TB_15	336.3746
hsp_TB_0	332.5651
hsp_TB_1	334.5013
hsp_TB_2	334.5013
hsp_TB_3	332.5651
hsp_TB_4	334.7265
hsp_TB_5	337.1268
hsp_TB_6	337.1268
hsp_TB_7	334.7265
hsp_TB_8	334.9279
hsp_TB_9	337.3619
hsp_TB_10	337.3619
hsp_TB_11	334.9279
hsp_TB_12	333.0502
hsp_TB_13	335.0603
hsp_TB_14	335.0603
hsp_TB_15	333.0502
hsink_TB_0	322.9214
hsink_TB_1	322.9598
hsink_TB_2	322.9598
hsink_TB_3	322.9214
hsink_TB_4	322.9716
hsink_TB_5	323.0217
hsink_TB_6	323.0217
hsink_TB_7	322.9716
hsink_TB_8	322.9802
hsink_TB_9	323.0320
hsink_TB_10	323.0320
hsink_TB_11	322.9802
hsink_TB_12	322.9479
hsink_TB_13	322.9905
hsink_TB_14	322.9905
hsink_TB_15	322.9479
inode_0	322.9002
inode_1	322.9002
inode_2	322.9368
inode_3	322.8565
inode_4	322.7771
inode_5	322.7771
inode_6	322.8111
inode_7	322.7365
inode_8	321.9494
inode_9	321.9494
inode_10	321.9774
inode_11	321.9161
inode_12	353.4596
inode_13	353.4596
inode_14	353.7498
inode_15	353.1665
inode_16	353.3491
inode_17	353.3491
inode_18	353.6058
inode_19	353.0900
inode_20	348.1458
inode_21	348.1458
inode_22	348.2499
inode_23	348.0411
inode_24	336.3857
inode_25	336.3857
inode_26	336.4490
inode_27	336.3221
