pcb_LC_0	349.3396
pcb_LC_1	349.9646
pcb_LC_2	349.9646
pcb_LC_3	349.3396
pcb_LC_4	349.9640
pcb_LC_5	351.0890
pcb_LC_6	351.0890
pcb_LC_7	349.9640
pcb_LC_8	349.9633
pcb_LC_9	351.0877
pcb_LC_10	351.0877
pcb_LC_11	349.9633
pcb_LC_12	349.3372
pcb_LC_13	349.9611
pcb_LC_14	349.9611
pcb_LC_15	349.3372
solder_LC_0	353.6157
solder_LC_1	353.8102
solder_LC_2	353.8102
solder_LC_3	353.6157
solder_LC_4	353.8104
solder_LC_5	354.1849
solder_LC_6	354.1849
solder_LC_7	353.8104
solder_LC_8	353.8088
solder_LC_9	354.1822
solder_LC_10	354.1822
solder_LC_11	353.8088
solder_LC_12	353.6092
solder_LC_13	353.8011
solder_LC_14	353.8011
solder_LC_15	353.6092
sub_LC_0	355.2381
sub_LC_1	355.8393
sub_LC_2	355.8393
sub_LC_3	355.2381
sub_LC_4	355.8500
sub_LC_5	356.6040
sub_LC_6	356.6040
sub_LC_7	355.8500
sub_LC_8	355.8502
sub_LC_9	356.6036
sub_LC_10	356.6036
sub_LC_11	355.8502
sub_LC_12	355.2112
sub_LC_13	355.8101
sub_LC_14	355.8101
sub_LC_15	355.2112
layer_3_LC_0	356.7256
layer_3_LC_1	357.8136
layer_3_LC_2	357.8136
layer_3_LC_3	356.7256
layer_3_LC_4	357.8383
layer_3_LC_5	359.0669
layer_3_LC_6	359.0669
layer_3_LC_7	357.8383
layer_3_LC_8	357.8488
layer_3_LC_9	359.0771
layer_3_LC_10	359.0771
layer_3_LC_11	357.8488
layer_3_LC_12	356.6701
layer_3_LC_13	357.7570
layer_3_LC_14	357.7570
layer_3_LC_15	356.6701
layer_4_TB_0	356.4500
layer_4_TB_1	357.5473
layer_4_TB_2	357.5473
layer_4_TB_3	356.4500
layer_4_TB_4	357.5722
layer_4_TB_5	358.8119
layer_4_TB_6	358.8119
layer_4_TB_7	357.5722
layer_4_TB_8	357.5835
layer_4_TB_9	358.8229
layer_4_TB_10	358.8229
layer_4_TB_11	357.5835
layer_4_TB_12	356.3940
layer_4_TB_13	357.4904
layer_4_TB_14	357.4904
layer_4_TB_15	356.3940
layer_5_B_0	356.1741
layer_5_B_1	357.2811
layer_5_B_2	357.2811
layer_5_B_3	356.1741
layer_5_B_4	357.3060
layer_5_B_5	358.5571
layer_5_B_6	358.5571
layer_5_B_7	357.3060
layer_5_B_8	357.3182
layer_5_B_9	358.5689
layer_5_B_10	358.5689
layer_5_B_11	357.3182
layer_5_B_12	356.1177
layer_5_B_13	357.2237
layer_5_B_14	357.2237
layer_5_B_15	356.1177
layer_6_TB_0	355.6743
layer_6_TB_1	356.7997
layer_6_TB_2	356.7997
layer_6_TB_3	355.6743
layer_6_TB_4	356.8248
layer_6_TB_5	358.0989
layer_6_TB_6	358.0989
layer_6_TB_7	356.8248
layer_6_TB_8	356.8385
layer_6_TB_9	358.1123
layer_6_TB_10	358.1123
layer_6_TB_11	356.8385
layer_6_TB_12	355.6171
layer_6_TB_13	356.7416
layer_6_TB_14	356.7416
layer_6_TB_15	355.6171
layer_7_B_16	355.1742
layer_7_B_17	356.3183
layer_7_B_18	356.3183
layer_7_B_19	355.1742
layer_7_B_20	356.3436
layer_7_B_21	357.6408
layer_7_B_22	357.6408
layer_7_B_23	356.3436
layer_7_B_24	356.3589
layer_7_B_25	357.6558
layer_7_B_26	357.6558
layer_7_B_27	356.3589
layer_7_B_28	355.1163
layer_7_B_29	356.2594
layer_7_B_30	356.2594
layer_7_B_31	355.1163
layer_8_TB_0	354.4525
layer_8_TB_1	355.6241
layer_8_TB_2	355.6241
layer_8_TB_3	354.4525
layer_8_TB_4	355.6496
layer_8_TB_5	356.9821
layer_8_TB_6	356.9821
layer_8_TB_7	355.6496
layer_8_TB_8	355.6674
layer_8_TB_9	356.9995
layer_8_TB_10	356.9995
layer_8_TB_11	355.6674
layer_8_TB_12	354.3934
layer_8_TB_13	355.5640
layer_8_TB_14	355.5640
layer_8_TB_15	354.3934
layer_9_B_32	353.7305
layer_9_B_33	354.9299
layer_9_B_34	354.9299
layer_9_B_35	353.7305
layer_9_B_36	354.9557
layer_9_B_37	356.3235
layer_9_B_38	356.3235
layer_9_B_39	354.9557
layer_9_B_40	354.9759
layer_9_B_41	356.3434
layer_9_B_42	356.3434
layer_9_B_43	354.9759
layer_9_B_44	353.6702
layer_9_B_45	354.8687
layer_9_B_46	354.8687
layer_9_B_47	353.6702
layer_10_TB_0	352.7898
layer_10_TB_1	354.0264
layer_10_TB_2	354.0264
layer_10_TB_3	352.7898
layer_10_TB_4	354.0524
layer_10_TB_5	355.4682
layer_10_TB_6	355.4682
layer_10_TB_7	354.0524
layer_10_TB_8	354.0761
layer_10_TB_9	355.4916
layer_10_TB_10	355.4916
layer_10_TB_11	354.0761
layer_10_TB_12	352.7279
layer_10_TB_13	353.9635
layer_10_TB_14	353.9635
layer_10_TB_15	352.7279
layer_11_B_48	351.8490
layer_11_B_49	353.1229
layer_11_B_50	353.1229
layer_11_B_51	351.8490
layer_11_B_52	353.1491
layer_11_B_53	354.6131
layer_11_B_54	354.6131
layer_11_B_55	353.1491
layer_11_B_56	353.1763
layer_11_B_57	354.6400
layer_11_B_58	354.6400
layer_11_B_59	353.1763
layer_11_B_60	351.7854
layer_11_B_61	353.0583
layer_11_B_62	353.0583
layer_11_B_63	351.7854
layer_12_TB_0	350.4925
layer_12_TB_1	351.8133
layer_12_TB_2	351.8133
layer_12_TB_3	350.4925
layer_12_TB_4	351.8378
layer_12_TB_5	353.3633
layer_12_TB_6	353.3633
layer_12_TB_7	351.8378
layer_12_TB_8	351.8622
layer_12_TB_9	353.3874
layer_12_TB_10	353.3874
layer_12_TB_11	351.8622
layer_12_TB_12	350.4333
layer_12_TB_13	351.7531
layer_12_TB_14	351.7531
layer_12_TB_15	350.4333
layer_13_B_64	349.1357
layer_13_B_65	350.5037
layer_13_B_66	350.5037
layer_13_B_67	349.1357
layer_13_B_68	350.5266
layer_13_B_69	352.1138
layer_13_B_70	352.1138
layer_13_B_71	350.5266
layer_13_B_72	350.5481
layer_13_B_73	352.1351
layer_13_B_74	352.1351
layer_13_B_75	350.5481
layer_13_B_76	349.0809
layer_13_B_77	350.4479
layer_13_B_78	350.4479
layer_13_B_79	349.0809
layer_14_TB_0	347.5701
layer_14_TB_1	348.9955
layer_14_TB_2	348.9955
layer_14_TB_3	347.5701
layer_14_TB_4	349.0166
layer_14_TB_5	350.6798
layer_14_TB_6	350.6798
layer_14_TB_7	349.0166
layer_14_TB_8	349.0364
layer_14_TB_9	350.6993
layer_14_TB_10	350.6993
layer_14_TB_11	349.0364
layer_14_TB_12	347.5193
layer_14_TB_13	348.9436
layer_14_TB_14	348.9436
layer_14_TB_15	347.5193
layer_15_B_80	346.0043
layer_15_B_81	347.4872
layer_15_B_82	347.4872
layer_15_B_83	346.0043
layer_15_B_84	347.5066
layer_15_B_85	349.2461
layer_15_B_86	349.2461
layer_15_B_87	347.5066
layer_15_B_88	347.5246
layer_15_B_89	349.2638
layer_15_B_90	349.2638
layer_15_B_91	347.5246
layer_15_B_92	345.9574
layer_15_B_93	347.4392
layer_15_B_94	347.4392
layer_15_B_95	345.9574
layer_16_TB_0	344.2363
layer_16_TB_1	345.7874
layer_16_TB_2	345.7874
layer_16_TB_3	344.2363
layer_16_TB_4	345.8051
layer_16_TB_5	347.6361
layer_16_TB_6	347.6361
layer_16_TB_7	345.8051
layer_16_TB_8	345.8221
layer_16_TB_9	347.6528
layer_16_TB_10	347.6528
layer_16_TB_11	345.8221
layer_16_TB_12	344.1929
layer_16_TB_13	345.7429
layer_16_TB_14	345.7429
layer_16_TB_15	344.1929
layer_17_B_96	342.4680
layer_17_B_97	344.0876
layer_17_B_98	344.0876
layer_17_B_99	342.4680
layer_17_B_100	344.1035
layer_17_B_101	346.0264
layer_17_B_102	346.0264
layer_17_B_103	344.1035
layer_17_B_104	344.1197
layer_17_B_105	346.0422
layer_17_B_106	346.0422
layer_17_B_107	344.1197
layer_17_B_108	342.4282
layer_17_B_109	344.0465
layer_17_B_110	344.0465
layer_17_B_111	342.4282
layer_18_TB_0	340.5048
layer_18_TB_1	342.2040
layer_18_TB_2	342.2040
layer_18_TB_3	340.5048
layer_18_TB_4	342.2181
layer_18_TB_5	344.2495
layer_18_TB_6	344.2495
layer_18_TB_7	342.2181
layer_18_TB_8	342.2341
layer_18_TB_9	344.2651
layer_18_TB_10	344.2651
layer_18_TB_11	342.2341
layer_18_TB_12	340.4681
layer_18_TB_13	342.1660
layer_18_TB_14	342.1660
layer_18_TB_15	340.4681
layer_19_B_112	338.5413
layer_19_B_113	340.3203
layer_19_B_114	340.3203
layer_19_B_115	338.5413
layer_19_B_116	340.3327
layer_19_B_117	342.4729
layer_19_B_118	342.4729
layer_19_B_119	340.3327
layer_19_B_120	340.3486
layer_19_B_121	342.4884
layer_19_B_122	342.4884
layer_19_B_123	340.3486
layer_19_B_124	338.5078
layer_19_B_125	340.2855
layer_19_B_126	340.2855
layer_19_B_127	338.5078
layer_20_TB_0	336.1898
layer_20_TB_1	338.0603
layer_20_TB_2	338.0603
layer_20_TB_3	336.1898
layer_20_TB_4	338.0690
layer_20_TB_5	340.3358
layer_20_TB_6	340.3358
layer_20_TB_7	338.0690
layer_20_TB_8	338.0779
layer_20_TB_9	340.3443
layer_20_TB_10	340.3443
layer_20_TB_11	338.0779
layer_20_TB_12	336.1658
layer_20_TB_13	338.0349
layer_20_TB_14	338.0349
layer_20_TB_15	336.1658
hsp_TB_0	332.9829
hsp_TB_1	334.9785
hsp_TB_2	334.9785
hsp_TB_3	332.9829
hsp_TB_4	334.9822
hsp_TB_5	337.4221
hsp_TB_6	337.4221
hsp_TB_7	334.9822
hsp_TB_8	334.9815
hsp_TB_9	337.4210
hsp_TB_10	337.4210
hsp_TB_11	334.9815
hsp_TB_12	332.9718
hsp_TB_13	334.9658
hsp_TB_14	334.9658
hsp_TB_15	332.9718
hsink_TB_0	322.9877
hsink_TB_1	323.0290
hsink_TB_2	323.0290
hsink_TB_3	322.9877
hsink_TB_4	323.0289
hsink_TB_5	323.0805
hsink_TB_6	323.0805
hsink_TB_7	323.0289
hsink_TB_8	323.0287
hsink_TB_9	323.0803
hsink_TB_10	323.0803
hsink_TB_11	323.0287
hsink_TB_12	322.9871
hsink_TB_13	323.0282
hsink_TB_14	323.0282
hsink_TB_15	322.9871
inode_0	322.9514
inode_1	322.9514
inode_2	322.9496
inode_3	322.9516
inode_4	322.8270
inode_5	322.8270
inode_6	322.8254
inode_7	322.8272
inode_8	321.9904
inode_9	321.9904
inode_10	321.9891
inode_11	321.9906
inode_12	353.5953
inode_13	353.5953
inode_14	353.5861
inode_15	353.5968
inode_16	353.4844
inode_17	353.4844
inode_18	353.4767
inode_19	353.4860
inode_20	348.2613
inode_21	348.2613
inode_22	348.2587
inode_23	348.2623
inode_24	336.4560
inode_25	336.4560
inode_26	336.4544
inode_27	336.4566
