pcb_LC_0	349.2605
pcb_LC_1	349.8847
pcb_LC_2	349.8847
pcb_LC_3	349.2605
pcb_LC_4	349.8820
pcb_LC_5	351.0041
pcb_LC_6	351.0041
pcb_LC_7	349.8820
pcb_LC_8	349.8803
pcb_LC_9	351.0010
pcb_LC_10	351.0010
pcb_LC_11	349.8803
pcb_LC_12	349.2559
pcb_LC_13	349.8777
pcb_LC_14	349.8777
pcb_LC_15	349.2559
solder_LC_0	353.5289
solder_LC_1	353.7246
solder_LC_2	353.7246
solder_LC_3	353.5289
solder_LC_4	353.7181
solder_LC_5	354.0914
solder_LC_6	354.0914
solder_LC_7	353.7181
solder_LC_8	353.7128
solder_LC_9	354.0831
solder_LC_10	354.0831
solder_LC_11	353.7128
solder_LC_12	353.5163
solder_LC_13	353.7068
solder_LC_14	353.7068
solder_LC_15	353.5163
sub_LC_0	355.1647
sub_LC_1	355.7657
sub_LC_2	355.7657
sub_LC_3	355.1647
sub_LC_4	355.7509
sub_LC_5	356.5024
sub_LC_6	356.5024
sub_LC_7	355.7509
sub_LC_8	355.7269
sub_LC_9	356.4760
sub_LC_10	356.4760
sub_LC_11	355.7269
sub_LC_12	355.1183
sub_LC_13	355.7147
sub_LC_14	355.7147
sub_LC_15	355.1183
layer_3_LC_0	356.6720
layer_3_LC_1	357.7571
layer_3_LC_2	357.7571
layer_3_LC_3	356.6720
layer_3_LC_4	357.7339
layer_3_LC_5	358.9584
layer_3_LC_6	358.9584
layer_3_LC_7	357.7339
layer_3_LC_8	357.6855
layer_3_LC_9	358.9090
layer_3_LC_10	358.9090
layer_3_LC_11	357.6855
layer_3_LC_12	356.5855
layer_3_LC_13	357.6685
layer_3_LC_14	357.6685
layer_3_LC_15	356.5855
layer_4_TB_0	356.3971
layer_4_TB_1	357.4917
layer_4_TB_2	357.4917
layer_4_TB_3	356.3971
layer_4_TB_4	357.4686
layer_4_TB_5	358.7043
layer_4_TB_6	358.7043
layer_4_TB_7	357.4686
layer_4_TB_8	357.4199
layer_4_TB_9	358.6545
layer_4_TB_10	358.6545
layer_4_TB_11	357.4199
layer_4_TB_12	356.3107
layer_4_TB_13	357.4031
layer_4_TB_14	357.4031
layer_4_TB_15	356.3107
layer_5_B_0	356.1221
layer_5_B_1	357.2262
layer_5_B_2	357.2262
layer_5_B_3	356.1221
layer_5_B_4	357.2034
layer_5_B_5	358.4503
layer_5_B_6	358.4503
layer_5_B_7	357.2034
layer_5_B_8	357.1542
layer_5_B_9	358.4002
layer_5_B_10	358.4002
layer_5_B_11	357.1542
layer_5_B_12	356.0356
layer_5_B_13	357.1377
layer_5_B_14	357.1377
layer_5_B_15	356.0356
layer_6_TB_0	355.6236
layer_6_TB_1	356.7461
layer_6_TB_2	356.7461
layer_6_TB_3	355.6236
layer_6_TB_4	356.7235
layer_6_TB_5	357.9934
layer_6_TB_6	357.9934
layer_6_TB_7	356.7235
layer_6_TB_8	356.6737
layer_6_TB_9	357.9426
layer_6_TB_10	357.9426
layer_6_TB_11	356.6737
layer_6_TB_12	355.5371
layer_6_TB_13	356.6576
layer_6_TB_14	356.6576
layer_6_TB_15	355.5371
layer_7_B_16	355.1248
layer_7_B_17	356.2659
layer_7_B_18	356.2659
layer_7_B_19	355.1248
layer_7_B_20	356.2436
layer_7_B_21	357.5367
layer_7_B_22	357.5367
layer_7_B_23	356.2436
layer_7_B_24	356.1931
layer_7_B_25	357.4852
layer_7_B_26	357.4852
layer_7_B_27	356.1931
layer_7_B_28	355.0384
layer_7_B_29	356.1774
layer_7_B_30	356.1774
layer_7_B_31	355.0384
layer_8_TB_0	354.4047
layer_8_TB_1	355.5733
layer_8_TB_2	355.5733
layer_8_TB_3	354.4047
layer_8_TB_4	355.5515
layer_8_TB_5	356.8797
layer_8_TB_6	356.8797
layer_8_TB_7	355.5515
layer_8_TB_8	355.5000
layer_8_TB_9	356.8272
layer_8_TB_10	356.8272
layer_8_TB_11	355.5000
layer_8_TB_12	354.3184
layer_8_TB_13	355.4850
layer_8_TB_14	355.4850
layer_8_TB_15	354.3184
layer_9_B_32	353.6844
layer_9_B_33	354.8808
layer_9_B_34	354.8808
layer_9_B_35	353.6844
layer_9_B_36	354.8594
layer_9_B_37	356.2229
layer_9_B_38	356.2229
layer_9_B_39	354.8594
layer_9_B_40	354.8069
layer_9_B_41	356.1694
layer_9_B_42	356.1694
layer_9_B_43	354.8069
layer_9_B_44	353.5982
layer_9_B_45	354.7925
layer_9_B_46	354.7925
layer_9_B_47	353.5982
layer_10_TB_0	352.7458
layer_10_TB_1	353.9792
layer_10_TB_2	353.9792
layer_10_TB_3	352.7458
layer_10_TB_4	353.9585
layer_10_TB_5	355.3699
layer_10_TB_6	355.3699
layer_10_TB_7	353.9585
layer_10_TB_8	353.9046
layer_10_TB_9	355.3149
layer_10_TB_10	355.3149
layer_10_TB_11	353.9046
layer_10_TB_12	352.6599
layer_10_TB_13	353.8912
layer_10_TB_14	353.8912
layer_10_TB_15	352.6599
layer_11_B_48	351.8070
layer_11_B_49	353.0777
layer_11_B_50	353.0777
layer_11_B_51	351.8070
layer_11_B_52	353.0576
layer_11_B_53	354.5171
layer_11_B_54	354.5171
layer_11_B_55	353.0576
layer_11_B_56	353.0022
layer_11_B_57	354.4606
layer_11_B_58	354.4606
layer_11_B_59	353.0022
layer_11_B_60	351.7213
layer_11_B_61	352.9898
layer_11_B_62	352.9898
layer_11_B_63	351.7213
layer_12_TB_0	350.4511
layer_12_TB_1	351.7686
layer_12_TB_2	351.7686
layer_12_TB_3	350.4511
layer_12_TB_4	351.7495
layer_12_TB_5	353.2702
layer_12_TB_6	353.2702
layer_12_TB_7	351.7495
layer_12_TB_8	351.6978
layer_12_TB_9	353.2175
layer_12_TB_10	353.2175
layer_12_TB_11	351.6978
layer_12_TB_12	350.3704
layer_12_TB_13	351.6857
layer_12_TB_14	351.6857
layer_12_TB_15	350.3704
layer_13_B_64	349.0949
layer_13_B_65	350.4595
layer_13_B_66	350.4595
layer_13_B_67	349.0949
layer_13_B_68	350.4413
layer_13_B_69	352.0236
layer_13_B_70	352.0236
layer_13_B_71	350.4413
layer_13_B_72	350.3933
layer_13_B_73	351.9746
layer_13_B_74	351.9746
layer_13_B_75	350.3933
layer_13_B_76	349.0192
layer_13_B_77	350.3816
layer_13_B_78	350.3816
layer_13_B_79	349.0192
layer_14_TB_0	347.5302
layer_14_TB_1	348.9521
layer_14_TB_2	348.9521
layer_14_TB_3	347.5302
layer_14_TB_4	348.9350
layer_14_TB_5	350.5931
layer_14_TB_6	350.5931
layer_14_TB_7	348.9350
layer_14_TB_8	348.8903
layer_14_TB_9	350.5473
layer_14_TB_10	350.5473
layer_14_TB_11	348.8903
layer_14_TB_12	347.4597
layer_14_TB_13	348.8792
layer_14_TB_14	348.8792
layer_14_TB_15	347.4597
layer_15_B_80	345.9653
layer_15_B_81	347.4446
layer_15_B_82	347.4446
layer_15_B_83	345.9653
layer_15_B_84	347.4286
layer_15_B_85	349.1628
layer_15_B_86	349.1628
layer_15_B_87	347.4286
layer_15_B_88	347.3873
layer_15_B_89	349.1203
layer_15_B_90	349.1203
layer_15_B_91	347.3873
layer_15_B_92	345.9000
layer_15_B_93	347.3768
layer_15_B_94	347.3768
layer_15_B_95	345.9000
layer_16_TB_0	344.1986
layer_16_TB_1	345.7459
layer_16_TB_2	345.7459
layer_16_TB_3	344.1986
layer_16_TB_4	345.7312
layer_16_TB_5	347.5567
layer_16_TB_6	347.5567
layer_16_TB_7	345.7312
layer_16_TB_8	345.6928
layer_16_TB_9	347.5171
layer_16_TB_10	347.5171
layer_16_TB_11	345.6928
layer_16_TB_12	344.1384
layer_16_TB_13	345.6832
layer_16_TB_14	345.6832
layer_16_TB_15	344.1384
layer_17_B_96	342.4315
layer_17_B_97	344.0471
layer_17_B_98	344.0471
layer_17_B_99	342.4315
layer_17_B_100	344.0337
layer_17_B_101	345.9508
layer_17_B_102	345.9508
layer_17_B_103	344.0337
layer_17_B_104	343.9983
layer_17_B_105	345.9141
layer_17_B_106	345.9141
layer_17_B_107	343.9983
layer_17_B_108	342.3765
layer_17_B_109	343.9895
layer_17_B_110	343.9895
layer_17_B_111	342.3765
layer_18_TB_0	340.4698
layer_18_TB_1	342.1649
layer_18_TB_2	342.1649
layer_18_TB_3	340.4698
layer_18_TB_4	342.1529
layer_18_TB_5	344.1781
layer_18_TB_6	344.1781
layer_18_TB_7	342.1529
layer_18_TB_8	342.1201
layer_18_TB_9	344.1440
layer_18_TB_10	344.1440
layer_18_TB_11	342.1201
layer_18_TB_12	340.4201
layer_18_TB_13	342.1124
layer_18_TB_14	342.1124
layer_18_TB_15	340.4201
layer_19_B_112	338.5079
layer_19_B_113	340.2826
layer_19_B_114	340.2826
layer_19_B_115	338.5079
layer_19_B_116	340.2720
layer_19_B_117	342.4058
layer_19_B_118	342.4058
layer_19_B_119	340.2720
layer_19_B_120	340.2419
layer_19_B_121	342.3742
layer_19_B_122	342.3742
layer_19_B_123	340.2419
layer_19_B_124	338.4634
layer_19_B_125	340.2353
layer_19_B_126	340.2353
layer_19_B_127	338.4634
layer_20_TB_0	336.1563
layer_20_TB_1	338.0223
layer_20_TB_2	338.0223
layer_20_TB_3	336.1563
layer_20_TB_4	338.0133
layer_20_TB_5	340.2733
layer_20_TB_6	340.2733
layer_20_TB_7	338.0133
layer_20_TB_8	337.9912
layer_20_TB_9	340.2496
layer_20_TB_10	340.2496
layer_20_TB_11	337.9912
layer_20_TB_12	336.1218
layer_20_TB_13	337.9849
layer_20_TB_14	337.9849
layer_20_TB_15	336.1218
hsp_TB_0	332.9492
hsp_TB_1	334.9401
hsp_TB_2	334.9401
hsp_TB_3	332.9492
hsp_TB_4	334.9332
hsp_TB_5	337.3658
hsp_TB_6	337.3658
hsp_TB_7	334.9332
hsp_TB_8	334.9220
hsp_TB_9	337.3530
hsp_TB_10	337.3530
hsp_TB_11	334.9220
hsp_TB_12	332.9284
hsp_TB_13	334.9161
hsp_TB_14	334.9161
hsp_TB_15	332.9284
hsink_TB_0	322.9747
hsink_TB_1	323.0159
hsink_TB_2	323.0159
hsink_TB_3	322.9747
hsink_TB_4	323.0154
hsink_TB_5	323.0670
hsink_TB_6	323.0670
hsink_TB_7	323.0154
hsink_TB_8	323.0151
hsink_TB_9	323.0666
hsink_TB_10	323.0666
hsink_TB_11	323.0151
hsink_TB_12	322.9736
hsink_TB_13	323.0146
hsink_TB_14	323.0146
hsink_TB_15	322.9736
inode_0	322.9379
inode_1	322.9379
inode_2	322.9363
inode_3	322.9396
inode_4	322.8139
inode_5	322.8139
inode_6	322.8124
inode_7	322.8154
inode_8	321.9796
inode_9	321.9796
inode_10	321.9784
inode_11	321.9809
inode_12	353.5037
inode_13	353.5037
inode_14	353.4945
inode_15	353.5132
inode_16	353.3931
inode_17	353.3931
inode_18	353.3849
inode_19	353.4016
inode_20	348.1836
inode_21	348.1836
inode_22	348.1802
inode_23	348.1870
inode_24	336.4087
inode_25	336.4087
inode_26	336.4066
inode_27	336.4108
