pcb_LC_0	344.9738
pcb_LC_1	345.5133
pcb_LC_2	345.5133
pcb_LC_3	344.9738
pcb_LC_4	345.5084
pcb_LC_5	346.4769
pcb_LC_6	346.4769
pcb_LC_7	345.5084
pcb_LC_8	345.5046
pcb_LC_9	346.4701
pcb_LC_10	346.4701
pcb_LC_11	345.5046
pcb_LC_12	344.9604
pcb_LC_13	345.4935
pcb_LC_14	345.4935
pcb_LC_15	344.9604
solder_LC_0	348.6591
solder_LC_1	348.8289
solder_LC_2	348.8289
solder_LC_3	348.6591
solder_LC_4	348.8206
solder_LC_5	349.1431
solder_LC_6	349.1431
solder_LC_7	348.8206
solder_LC_8	348.8162
solder_LC_9	349.1340
solder_LC_10	349.1340
solder_LC_11	348.8162
solder_LC_12	348.6212
solder_LC_13	348.7767
solder_LC_14	348.7767
solder_LC_15	348.6212
sub_LC_0	350.0946
sub_LC_1	350.5983
sub_LC_2	350.5983
sub_LC_3	350.0946
sub_LC_4	350.5792
sub_LC_5	351.2106
sub_LC_6	351.2106
sub_LC_7	350.5792
sub_LC_8	350.6334
sub_LC_9	351.2640
sub_LC_10	351.2640
sub_LC_11	350.6334
sub_LC_12	349.9254
sub_LC_13	350.4175
sub_LC_14	350.4175
sub_LC_15	349.9254
layer_3_LC_0	351.4356
layer_3_LC_1	352.3324
layer_3_LC_2	352.3324
layer_3_LC_3	351.4356
layer_3_LC_4	352.2646
layer_3_LC_5	353.2784
layer_3_LC_6	353.2784
layer_3_LC_7	352.2646
layer_3_LC_8	352.4761
layer_3_LC_9	353.4904
layer_3_LC_10	353.4904
layer_3_LC_11	352.4761
layer_3_LC_12	351.0640
layer_3_LC_13	351.9591
layer_3_LC_14	351.9591
layer_3_LC_15	351.0640
layer_4_TB_0	351.1931
layer_4_TB_1	352.0988
layer_4_TB_2	352.0988
layer_4_TB_3	351.1931
layer_4_TB_4	352.0271
layer_4_TB_5	353.0514
layer_4_TB_6	353.0514
layer_4_TB_7	352.0271
layer_4_TB_8	352.2476
layer_4_TB_9	353.2724
layer_4_TB_10	353.2724
layer_4_TB_11	352.2476
layer_4_TB_12	350.8167
layer_4_TB_13	351.7209
layer_4_TB_14	351.7209
layer_4_TB_15	350.8167
layer_5_B_0	350.9504
layer_5_B_1	351.8651
layer_5_B_2	351.8651
layer_5_B_3	350.9504
layer_5_B_4	351.7896
layer_5_B_5	352.8245
layer_5_B_6	352.8245
layer_5_B_7	351.7896
layer_5_B_8	352.0192
layer_5_B_9	353.0547
layer_5_B_10	353.0547
layer_5_B_11	352.0192
layer_5_B_12	350.5692
layer_5_B_13	351.4825
layer_5_B_14	351.4825
layer_5_B_15	350.5692
layer_6_TB_0	350.5000
layer_6_TB_1	351.4310
layer_6_TB_2	351.4310
layer_6_TB_3	350.5000
layer_6_TB_4	351.3477
layer_6_TB_5	352.4030
layer_6_TB_6	352.4030
layer_6_TB_7	351.3477
layer_6_TB_8	351.5950
layer_6_TB_9	352.6509
layer_6_TB_10	352.6509
layer_6_TB_11	351.5950
layer_6_TB_12	350.1101
layer_6_TB_13	351.0399
layer_6_TB_14	351.0399
layer_6_TB_15	350.1101
layer_7_B_16	350.0494
layer_7_B_17	350.9969
layer_7_B_18	350.9969
layer_7_B_19	350.0494
layer_7_B_20	350.9058
layer_7_B_21	351.9817
layer_7_B_22	351.9817
layer_7_B_23	350.9058
layer_7_B_24	351.1709
layer_7_B_25	352.2474
layer_7_B_26	352.2474
layer_7_B_27	351.1709
layer_7_B_28	349.6509
layer_7_B_29	350.5973
layer_7_B_30	350.5973
layer_7_B_31	349.6509
layer_8_TB_0	349.3554
layer_8_TB_1	350.3269
layer_8_TB_2	350.3269
layer_8_TB_3	349.3554
layer_8_TB_4	350.2613
layer_8_TB_5	351.3677
layer_8_TB_6	351.3677
layer_8_TB_7	350.2613
layer_8_TB_8	350.5537
layer_8_TB_9	351.6608
layer_8_TB_10	351.6608
layer_8_TB_11	350.5537
layer_8_TB_12	348.9816
layer_8_TB_13	349.9521
layer_8_TB_14	349.9521
layer_8_TB_15	348.9816
layer_9_B_32	348.6613
layer_9_B_33	349.6569
layer_9_B_34	349.6569
layer_9_B_35	348.6613
layer_9_B_36	349.6167
layer_9_B_37	350.7538
layer_9_B_38	350.7538
layer_9_B_39	349.6167
layer_9_B_40	349.9367
layer_9_B_41	351.0745
layer_9_B_42	351.0745
layer_9_B_43	349.9367
layer_9_B_44	348.3121
layer_9_B_45	349.3068
layer_9_B_46	349.3068
layer_9_B_47	348.3121
layer_10_TB_0	347.7375
layer_10_TB_1	348.7650
layer_10_TB_2	348.7650
layer_10_TB_3	347.7375
layer_10_TB_4	348.7452
layer_10_TB_5	349.9235
layer_10_TB_6	349.9235
layer_10_TB_7	348.7452
layer_10_TB_8	349.0994
layer_10_TB_9	350.2785
layer_10_TB_10	350.2785
layer_10_TB_11	349.0994
layer_10_TB_12	347.4112
layer_10_TB_13	348.4380
layer_10_TB_14	348.4380
layer_10_TB_15	347.4112
layer_11_B_48	346.8136
layer_11_B_49	347.8731
layer_11_B_50	347.8731
layer_11_B_51	346.8136
layer_11_B_52	347.8736
layer_11_B_53	349.0933
layer_11_B_54	349.0933
layer_11_B_55	347.8736
layer_11_B_56	348.2622
layer_11_B_57	349.4828
layer_11_B_58	349.4828
layer_11_B_59	348.2622
layer_11_B_60	346.5101
layer_11_B_61	347.5690
layer_11_B_62	347.5690
layer_11_B_63	346.5101
layer_12_TB_0	345.6767
layer_12_TB_1	346.7764
layer_12_TB_2	346.7764
layer_12_TB_3	345.6767
layer_12_TB_4	346.7694
layer_12_TB_5	348.0416
layer_12_TB_6	348.0416
layer_12_TB_7	346.7694
layer_12_TB_8	347.1251
layer_12_TB_9	348.3983
layer_12_TB_10	348.3983
layer_12_TB_11	347.1251
layer_12_TB_12	345.3864
layer_12_TB_13	346.4855
layer_12_TB_14	346.4855
layer_12_TB_15	345.3864
layer_13_B_64	344.5397
layer_13_B_65	345.6797
layer_13_B_66	345.6797
layer_13_B_67	344.5397
layer_13_B_68	345.6651
layer_13_B_69	346.9901
layer_13_B_70	346.9901
layer_13_B_71	345.6651
layer_13_B_72	345.9881
layer_13_B_73	347.3142
layer_13_B_74	347.3142
layer_13_B_75	345.9881
layer_13_B_76	344.2624
layer_13_B_77	345.4019
layer_13_B_78	345.4019
layer_13_B_79	344.2624
layer_14_TB_0	343.2078
layer_14_TB_1	344.3966
layer_14_TB_2	344.3966
layer_14_TB_3	343.2078
layer_14_TB_4	344.3706
layer_14_TB_5	345.7604
layer_14_TB_6	345.7604
layer_14_TB_7	344.3706
layer_14_TB_8	344.6709
layer_14_TB_9	346.0619
layer_14_TB_10	346.0619
layer_14_TB_11	344.6709
layer_14_TB_12	342.9392
layer_14_TB_13	344.1277
layer_14_TB_14	344.1277
layer_14_TB_15	342.9392
layer_15_B_80	341.8757
layer_15_B_81	343.1135
layer_15_B_82	343.1135
layer_15_B_83	341.8757
layer_15_B_84	343.0761
layer_15_B_85	344.5309
layer_15_B_86	344.5309
layer_15_B_87	343.0761
layer_15_B_88	343.3539
layer_15_B_89	344.8100
layer_15_B_90	344.8100
layer_15_B_91	343.3539
layer_15_B_92	341.6158
layer_15_B_93	342.8533
layer_15_B_94	342.8533
layer_15_B_95	341.6158
layer_16_TB_0	340.3165
layer_16_TB_1	341.6123
layer_16_TB_2	341.6123
layer_16_TB_3	340.3165
layer_16_TB_4	341.5975
layer_16_TB_5	343.1302
layer_16_TB_6	343.1302
layer_16_TB_7	341.5975
layer_16_TB_8	341.8617
layer_16_TB_9	343.3958
layer_16_TB_10	343.3958
layer_16_TB_11	341.8617
layer_16_TB_12	340.0991
layer_16_TB_13	341.3948
layer_16_TB_14	341.3948
layer_16_TB_15	340.0991
layer_17_B_96	338.7571
layer_17_B_97	340.1111
layer_17_B_98	340.1111
layer_17_B_99	338.7571
layer_17_B_100	340.1189
layer_17_B_101	341.7297
layer_17_B_102	341.7297
layer_17_B_103	340.1189
layer_17_B_104	340.3695
layer_17_B_105	341.9820
layer_17_B_106	341.9820
layer_17_B_107	340.3695
layer_17_B_108	338.5822
layer_17_B_109	339.9361
layer_17_B_110	339.9361
layer_17_B_111	338.5822
layer_18_TB_0	336.9878
layer_18_TB_1	338.4094
layer_18_TB_2	338.4094
layer_18_TB_3	336.9878
layer_18_TB_4	338.4361
layer_18_TB_5	340.1389
layer_18_TB_6	340.1389
layer_18_TB_7	338.4361
layer_18_TB_8	338.6770
layer_18_TB_9	340.3817
layer_18_TB_10	340.3817
layer_18_TB_11	338.6770
layer_18_TB_12	336.8550
layer_18_TB_13	338.2765
layer_18_TB_14	338.2765
layer_18_TB_15	336.8550
layer_19_B_112	335.2182
layer_19_B_113	336.7076
layer_19_B_114	336.7076
layer_19_B_115	335.2182
layer_19_B_116	336.7532
layer_19_B_117	338.5485
layer_19_B_118	338.5485
layer_19_B_119	336.7532
layer_19_B_120	336.9845
layer_19_B_121	338.7818
layer_19_B_122	338.7818
layer_19_B_123	336.9845
layer_19_B_124	335.1275
layer_19_B_125	336.6169
layer_19_B_126	336.6169
layer_19_B_127	335.1275
layer_20_TB_0	333.2585
layer_20_TB_1	334.8254
layer_20_TB_2	334.8254
layer_20_TB_3	333.2585
layer_20_TB_4	334.8647
layer_20_TB_5	336.7673
layer_20_TB_6	336.7673
layer_20_TB_7	334.8647
layer_20_TB_8	335.0134
layer_20_TB_9	336.9184
layer_20_TB_10	336.9184
layer_20_TB_11	335.0134
layer_20_TB_12	333.2026
layer_20_TB_13	334.7695
layer_20_TB_14	334.7695
layer_20_TB_15	333.2026
hsp_TB_0	330.5859
hsp_TB_1	332.2589
hsp_TB_2	332.2589
hsp_TB_3	330.5859
hsp_TB_4	332.2893
hsp_TB_5	334.3389
hsp_TB_6	334.3389
hsp_TB_7	332.2893
hsp_TB_8	332.3256
hsp_TB_9	334.3779
hsp_TB_10	334.3779
hsp_TB_11	332.3256
hsp_TB_12	330.5773
hsp_TB_13	332.2504
hsp_TB_14	332.2504
hsp_TB_15	330.5773
hsink_TB_0	322.2092
hsink_TB_1	322.2435
hsink_TB_2	322.2435
hsink_TB_3	322.2092
hsink_TB_4	322.2440
hsink_TB_5	322.2871
hsink_TB_6	322.2871
hsink_TB_7	322.2440
hsink_TB_8	322.2438
hsink_TB_9	322.2869
hsink_TB_10	322.2869
hsink_TB_11	322.2438
hsink_TB_12	322.2083
hsink_TB_13	322.2426
hsink_TB_14	322.2426
hsink_TB_15	322.2083
inode_0	322.1801
inode_1	322.1801
inode_2	322.1744
inode_3	322.1773
inode_4	322.0756
inode_5	322.0756
inode_6	322.0704
inode_7	322.0731
inode_8	321.3734
inode_9	321.3734
inode_10	321.3692
inode_11	321.3714
inode_12	348.6311
inode_13	348.6311
inode_14	348.5826
inode_15	348.6492
inode_16	348.5350
inode_17	348.5350
inode_18	348.4948
inode_19	348.5514
inode_20	344.0420
inode_21	344.0420
inode_22	344.0286
inode_23	344.0497
inode_24	333.8909
inode_25	333.8909
inode_26	333.8827
inode_27	333.8955
