pcb_LC_0	344.0473
pcb_LC_1	344.5688
pcb_LC_2	344.5688
pcb_LC_3	344.0473
pcb_LC_4	344.5615
pcb_LC_5	345.4961
pcb_LC_6	345.4961
pcb_LC_7	344.5615
pcb_LC_8	344.5562
pcb_LC_9	345.4867
pcb_LC_10	345.4867
pcb_LC_11	344.5562
pcb_LC_12	344.0324
pcb_LC_13	344.5463
pcb_LC_14	344.5463
pcb_LC_15	344.0324
solder_LC_0	347.6093
solder_LC_1	347.7750
solder_LC_2	347.7750
solder_LC_3	347.6093
solder_LC_4	347.7598
solder_LC_5	348.0699
solder_LC_6	348.0699
solder_LC_7	347.7598
solder_LC_8	347.7456
solder_LC_9	348.0470
solder_LC_10	348.0470
solder_LC_11	347.7456
solder_LC_12	347.5684
solder_LC_13	347.7172
solder_LC_14	347.7172
solder_LC_15	347.5684
sub_LC_0	349.0159
sub_LC_1	349.5000
sub_LC_2	349.5000
sub_LC_3	349.0159
sub_LC_4	349.4777
sub_LC_5	350.0819
sub_LC_6	350.0819
sub_LC_7	349.4777
sub_LC_8	349.4326
sub_LC_9	350.0307
sub_LC_10	350.0307
sub_LC_11	349.4326
sub_LC_12	348.8566
sub_LC_13	349.3266
sub_LC_14	349.3266
sub_LC_15	348.8566
layer_3_LC_0	350.3299
layer_3_LC_1	351.1865
layer_3_LC_2	351.1865
layer_3_LC_3	350.3299
layer_3_LC_4	351.1562
layer_3_LC_5	352.1223
layer_3_LC_6	352.1223
layer_3_LC_7	351.1562
layer_3_LC_8	351.0919
layer_3_LC_9	352.0560
layer_3_LC_10	352.0560
layer_3_LC_11	351.0919
layer_3_LC_12	350.0179
layer_3_LC_13	350.8695
layer_3_LC_14	350.8695
layer_3_LC_15	350.0179
layer_4_TB_0	350.0926
layer_4_TB_1	350.9579
layer_4_TB_2	350.9579
layer_4_TB_3	350.0926
layer_4_TB_4	350.9274
layer_4_TB_5	351.9038
layer_4_TB_6	351.9038
layer_4_TB_7	350.9274
layer_4_TB_8	350.8645
layer_4_TB_9	351.8389
layer_4_TB_10	351.8389
layer_4_TB_11	350.8645
layer_4_TB_12	349.7789
layer_4_TB_13	350.6393
layer_4_TB_14	350.6393
layer_4_TB_15	349.7789
layer_5_B_0	349.8552
layer_5_B_1	350.7293
layer_5_B_2	350.7293
layer_5_B_3	349.8552
layer_5_B_4	350.6987
layer_5_B_5	351.6855
layer_5_B_6	351.6855
layer_5_B_7	350.6987
layer_5_B_8	350.6372
layer_5_B_9	351.6220
layer_5_B_10	351.6220
layer_5_B_11	350.6372
layer_5_B_12	349.5398
layer_5_B_13	350.4091
layer_5_B_14	350.4091
layer_5_B_15	349.5398
layer_6_TB_0	349.4124
layer_6_TB_1	350.3023
layer_6_TB_2	350.3023
layer_6_TB_3	349.4124
layer_6_TB_4	350.2715
layer_6_TB_5	351.2779
layer_6_TB_6	351.2779
layer_6_TB_7	350.2715
layer_6_TB_8	350.2128
layer_6_TB_9	351.2172
layer_6_TB_10	351.2172
layer_6_TB_11	350.2128
layer_6_TB_12	349.0944
layer_6_TB_13	349.9796
layer_6_TB_14	349.9796
layer_6_TB_15	349.0944
layer_7_B_16	348.9695
layer_7_B_17	349.8753
layer_7_B_18	349.8753
layer_7_B_19	348.9695
layer_7_B_20	349.8442
layer_7_B_21	350.8705
layer_7_B_22	350.8705
layer_7_B_23	349.8442
layer_7_B_24	349.7884
layer_7_B_25	350.8127
layer_7_B_26	350.8127
layer_7_B_27	349.7884
layer_7_B_28	348.6489
layer_7_B_29	349.5501
layer_7_B_30	349.5501
layer_7_B_31	348.6489
layer_8_TB_0	348.2862
layer_8_TB_1	349.2152
layer_8_TB_2	349.2152
layer_8_TB_3	348.2862
layer_8_TB_4	349.1884
layer_8_TB_5	350.2440
layer_8_TB_6	350.2440
layer_8_TB_7	349.1884
layer_8_TB_8	349.1323
layer_8_TB_9	350.1860
layer_8_TB_10	350.1860
layer_8_TB_11	349.1323
layer_8_TB_12	347.9819
layer_8_TB_13	348.9062
layer_8_TB_14	348.9062
layer_8_TB_15	347.9819
layer_9_B_32	347.6028
layer_9_B_33	348.5551
layer_9_B_34	348.5551
layer_9_B_35	347.6028
layer_9_B_36	348.5325
layer_9_B_37	349.6177
layer_9_B_38	349.6177
layer_9_B_39	348.5325
layer_9_B_40	348.4763
layer_9_B_41	349.5595
layer_9_B_42	349.5595
layer_9_B_43	348.4763
layer_9_B_44	347.3147
layer_9_B_45	348.2623
layer_9_B_46	348.2623
layer_9_B_47	347.3147
layer_10_TB_0	346.7065
layer_10_TB_1	347.6895
layer_10_TB_2	347.6895
layer_10_TB_3	346.7065
layer_10_TB_4	347.6786
layer_10_TB_5	348.8033
layer_10_TB_6	348.8033
layer_10_TB_7	347.6786
layer_10_TB_8	347.6274
layer_10_TB_9	348.7501
layer_10_TB_10	348.7501
layer_10_TB_11	347.6274
layer_10_TB_12	346.4271
layer_10_TB_13	347.4053
layer_10_TB_14	347.4053
layer_10_TB_15	346.4271
layer_11_B_48	345.8099
layer_11_B_49	346.8238
layer_11_B_50	346.8238
layer_11_B_51	345.8099
layer_11_B_52	346.8247
layer_11_B_53	347.9892
layer_11_B_54	347.9892
layer_11_B_55	346.8247
layer_11_B_56	346.7784
layer_11_B_57	347.9409
layer_11_B_58	347.9409
layer_11_B_59	346.7784
layer_11_B_60	345.5393
layer_11_B_61	346.5484
layer_11_B_62	346.5484
layer_11_B_63	345.5393
layer_12_TB_0	344.7086
layer_12_TB_1	345.7612
layer_12_TB_2	345.7612
layer_12_TB_3	344.7086
layer_12_TB_4	345.7590
layer_12_TB_5	346.9739
layer_12_TB_6	346.9739
layer_12_TB_7	345.7590
layer_12_TB_8	345.7153
layer_12_TB_9	346.9281
layer_12_TB_10	346.9281
layer_12_TB_11	345.7153
layer_12_TB_12	344.4506
layer_12_TB_13	345.4983
layer_12_TB_14	345.4983
layer_12_TB_15	344.4506
layer_13_B_64	343.6072
layer_13_B_65	344.6986
layer_13_B_66	344.6986
layer_13_B_67	343.6072
layer_13_B_68	344.6932
layer_13_B_69	345.9588
layer_13_B_70	345.9588
layer_13_B_71	344.6932
layer_13_B_72	344.6521
layer_13_B_73	345.9156
layer_13_B_74	345.9156
layer_13_B_75	344.6521
layer_13_B_76	343.3617
layer_13_B_77	344.4482
layer_13_B_78	344.4482
layer_13_B_79	343.3617
layer_14_TB_0	342.3130
layer_14_TB_1	343.4514
layer_14_TB_2	343.4514
layer_14_TB_3	342.3130
layer_14_TB_4	343.4431
layer_14_TB_5	344.7707
layer_14_TB_6	344.7707
layer_14_TB_7	343.4431
layer_14_TB_8	343.4060
layer_14_TB_9	344.7314
layer_14_TB_10	344.7314
layer_14_TB_11	343.4060
layer_14_TB_12	342.0794
layer_14_TB_13	343.2127
layer_14_TB_14	343.2127
layer_14_TB_15	342.0794
layer_15_B_80	341.0187
layer_15_B_81	342.2043
layer_15_B_82	342.2043
layer_15_B_83	341.0187
layer_15_B_84	342.1929
layer_15_B_85	343.5829
layer_15_B_86	343.5829
layer_15_B_87	342.1929
layer_15_B_88	342.1598
layer_15_B_89	343.5475
layer_15_B_90	343.5475
layer_15_B_91	342.1598
layer_15_B_92	340.7969
layer_15_B_93	341.9772
layer_15_B_94	341.9772
layer_15_B_95	340.7969
layer_16_TB_0	339.5002
layer_16_TB_1	340.7416
layer_16_TB_2	340.7416
layer_16_TB_3	339.5002
layer_16_TB_4	340.7319
layer_16_TB_5	342.1965
layer_16_TB_6	342.1965
layer_16_TB_7	340.7319
layer_16_TB_8	340.6993
layer_16_TB_9	342.1615
layer_16_TB_10	342.1615
layer_16_TB_11	340.6993
layer_16_TB_12	339.3092
layer_16_TB_13	340.5451
layer_16_TB_14	340.5451
layer_16_TB_15	339.3092
layer_17_B_96	337.9815
layer_17_B_97	339.2789
layer_17_B_98	339.2789
layer_17_B_99	337.9815
layer_17_B_100	339.2708
layer_17_B_101	340.8103
layer_17_B_102	340.8103
layer_17_B_103	339.2708
layer_17_B_104	339.2388
layer_17_B_105	340.7758
layer_17_B_106	340.7758
layer_17_B_107	339.2388
layer_17_B_108	337.8213
layer_17_B_109	339.1130
layer_17_B_110	339.1130
layer_17_B_111	337.8213
layer_18_TB_0	336.2692
layer_18_TB_1	337.6316
layer_18_TB_2	337.6316
layer_18_TB_3	336.2692
layer_18_TB_4	337.6327
layer_18_TB_5	339.2605
layer_18_TB_6	339.2605
layer_18_TB_7	337.6327
layer_18_TB_8	337.6058
layer_18_TB_9	339.2309
layer_18_TB_10	339.2309
layer_18_TB_11	337.6058
layer_18_TB_12	336.1327
layer_18_TB_13	337.4891
layer_18_TB_14	337.4891
layer_18_TB_15	336.1327
layer_19_B_112	334.5566
layer_19_B_113	335.9842
layer_19_B_114	335.9842
layer_19_B_115	334.5566
layer_19_B_116	335.9946
layer_19_B_117	337.7109
layer_19_B_118	337.7109
layer_19_B_119	335.9946
layer_19_B_120	335.9728
layer_19_B_121	337.6863
layer_19_B_122	337.6863
layer_19_B_123	335.9728
layer_19_B_124	334.4439
layer_19_B_125	335.8653
layer_19_B_126	335.8653
layer_19_B_127	334.4439
layer_20_TB_0	332.6617
layer_20_TB_1	334.1639
layer_20_TB_2	334.1639
layer_20_TB_3	332.6617
layer_20_TB_4	334.1687
layer_20_TB_5	335.9880
layer_20_TB_6	335.9880
layer_20_TB_7	334.1687
layer_20_TB_8	334.1488
layer_20_TB_9	335.9652
layer_20_TB_10	335.9652
layer_20_TB_11	334.1488
layer_20_TB_12	332.5771
layer_20_TB_13	334.0727
layer_20_TB_14	334.0727
layer_20_TB_15	332.5771
hsp_TB_0	330.0774
hsp_TB_1	331.6817
hsp_TB_2	331.6817
hsp_TB_3	330.0774
hsp_TB_4	331.6789
hsp_TB_5	333.6389
hsp_TB_6	333.6389
hsp_TB_7	331.6789
hsp_TB_8	331.6615
hsp_TB_9	333.6185
hsp_TB_10	333.6185
hsp_TB_11	331.6615
hsp_TB_12	330.0311
hsp_TB_13	331.6284
hsp_TB_14	331.6284
hsp_TB_15	330.0311
hsink_TB_0	322.0354
hsink_TB_1	322.0686
hsink_TB_2	322.0686
hsink_TB_3	322.0354
hsink_TB_4	322.0678
hsink_TB_5	322.1093
hsink_TB_6	322.1093
hsink_TB_7	322.0678
hsink_TB_8	322.0670
hsink_TB_9	322.1083
hsink_TB_10	322.1083
hsink_TB_11	322.0670
hsink_TB_12	322.0329
hsink_TB_13	322.0657
hsink_TB_14	322.0657
hsink_TB_15	322.0329
inode_0	322.0055
inode_1	322.0055
inode_2	322.0004
inode_3	322.0082
inode_4	321.9056
inode_5	321.9056
inode_6	321.9009
inode_7	321.9081
inode_8	321.2338
inode_9	321.2338
inode_10	321.2299
inode_11	321.2359
inode_12	347.5765
inode_13	347.5765
inode_14	347.5383
inode_15	347.6019
inode_16	347.4837
inode_17	347.4837
inode_18	347.4507
inode_19	347.5067
inode_20	343.1460
inode_21	343.1460
inode_22	343.1336
inode_23	343.1561
inode_24	333.3462
inode_25	333.3462
inode_26	333.3386
inode_27	333.3523
