pcb_LC_0	346.6821
pcb_LC_1	347.2530
pcb_LC_2	347.2530
pcb_LC_3	346.6821
pcb_LC_4	347.2530
pcb_LC_5	348.2806
pcb_LC_6	348.2806
pcb_LC_7	347.2530
pcb_LC_8	347.2530
pcb_LC_9	348.2806
pcb_LC_10	348.2806
pcb_LC_11	347.2530
pcb_LC_12	346.6821
pcb_LC_13	347.2530
pcb_LC_14	347.2530
pcb_LC_15	346.6821
solder_LC_0	350.5949
solder_LC_1	350.7698
solder_LC_2	350.7698
solder_LC_3	350.5949
solder_LC_4	350.7698
solder_LC_5	351.1068
solder_LC_6	351.1068
solder_LC_7	350.7698
solder_LC_8	350.7698
solder_LC_9	351.1068
solder_LC_10	351.1068
solder_LC_11	350.7698
solder_LC_12	350.5949
solder_LC_13	350.7698
solder_LC_14	350.7698
solder_LC_15	350.5949
sub_LC_0	352.0921
sub_LC_1	352.6257
sub_LC_2	352.6257
sub_LC_3	352.0921
sub_LC_4	352.6257
sub_LC_5	353.2951
sub_LC_6	353.2951
sub_LC_7	352.6257
sub_LC_8	352.6257
sub_LC_9	353.2951
sub_LC_10	353.2951
sub_LC_11	352.6257
sub_LC_12	352.0921
sub_LC_13	352.6257
sub_LC_14	352.6257
sub_LC_15	352.0921
layer_3_LC_0	353.4765
layer_3_LC_1	354.4345
layer_3_LC_2	354.4345
layer_3_LC_3	353.4765
layer_3_LC_4	354.4345
layer_3_LC_5	355.5162
layer_3_LC_6	355.5162
layer_3_LC_7	354.4345
layer_3_LC_8	354.4345
layer_3_LC_9	355.5162
layer_3_LC_10	355.5162
layer_3_LC_11	354.4345
layer_3_LC_12	353.4765
layer_3_LC_13	354.4345
layer_3_LC_14	354.4345
layer_3_LC_15	353.4765
layer_4_TB_0	353.2215
layer_4_TB_1	354.1886
layer_4_TB_2	354.1886
layer_4_TB_3	353.2215
layer_4_TB_4	354.1886
layer_4_TB_5	355.2809
layer_4_TB_6	355.2809
layer_4_TB_7	354.1886
layer_4_TB_8	354.1886
layer_4_TB_9	355.2809
layer_4_TB_10	355.2809
layer_4_TB_11	354.1886
layer_4_TB_12	353.2215
layer_4_TB_13	354.1886
layer_4_TB_14	354.1886
layer_4_TB_15	353.2215
layer_5_B_0	352.9663
layer_5_B_1	353.9427
layer_5_B_2	353.9427
layer_5_B_3	352.9663
layer_5_B_4	353.9427
layer_5_B_5	355.0459
layer_5_B_6	355.0459
layer_5_B_7	353.9427
layer_5_B_8	353.9427
layer_5_B_9	355.0459
layer_5_B_10	355.0459
layer_5_B_11	353.9427
layer_5_B_12	352.9663
layer_5_B_13	353.9427
layer_5_B_14	353.9427
layer_5_B_15	352.9663
layer_6_TB_0	352.4969
layer_6_TB_1	353.4902
layer_6_TB_2	353.4902
layer_6_TB_3	352.4969
layer_6_TB_4	353.4902
layer_6_TB_5	354.6146
layer_6_TB_6	354.6146
layer_6_TB_7	353.4902
layer_6_TB_8	353.4902
layer_6_TB_9	354.6146
layer_6_TB_10	354.6146
layer_6_TB_11	353.4902
layer_6_TB_12	352.4969
layer_6_TB_13	353.4902
layer_6_TB_14	353.4902
layer_6_TB_15	352.4969
layer_7_B_16	352.0272
layer_7_B_17	353.0377
layer_7_B_18	353.0377
layer_7_B_19	352.0272
layer_7_B_20	353.0377
layer_7_B_21	354.1835
layer_7_B_22	354.1835
layer_7_B_23	353.0377
layer_7_B_24	353.0377
layer_7_B_25	354.1835
layer_7_B_26	354.1835
layer_7_B_27	353.0377
layer_7_B_28	352.0272
layer_7_B_29	353.0377
layer_7_B_30	353.0377
layer_7_B_31	352.0272
layer_8_TB_0	351.3056
layer_8_TB_1	352.3412
layer_8_TB_2	352.3412
layer_8_TB_3	351.3056
layer_8_TB_4	352.3412
layer_8_TB_5	353.5190
layer_8_TB_6	353.5190
layer_8_TB_7	352.3412
layer_8_TB_8	352.3412
layer_8_TB_9	353.5190
layer_8_TB_10	353.5190
layer_8_TB_11	352.3412
layer_8_TB_12	351.3056
layer_8_TB_13	352.3412
layer_8_TB_14	352.3412
layer_8_TB_15	351.3056
layer_9_B_32	350.5838
layer_9_B_33	351.6448
layer_9_B_34	351.6448
layer_9_B_35	350.5838
layer_9_B_36	351.6448
layer_9_B_37	352.8547
layer_9_B_38	352.8547
layer_9_B_39	351.6448
layer_9_B_40	351.6448
layer_9_B_41	352.8547
layer_9_B_42	352.8547
layer_9_B_43	351.6448
layer_9_B_44	350.5838
layer_9_B_45	351.6448
layer_9_B_46	351.6448
layer_9_B_47	350.5838
layer_10_TB_0	349.6131
layer_10_TB_1	350.7077
layer_10_TB_2	350.7077
layer_10_TB_3	349.6131
layer_10_TB_4	350.7077
layer_10_TB_5	351.9610
layer_10_TB_6	351.9610
layer_10_TB_7	350.7077
layer_10_TB_8	350.7077
layer_10_TB_9	351.9610
layer_10_TB_10	351.9610
layer_10_TB_11	350.7077
layer_10_TB_12	349.6131
layer_10_TB_13	350.7077
layer_10_TB_14	350.7077
layer_10_TB_15	349.6131
layer_11_B_48	348.6422
layer_11_B_49	349.7706
layer_11_B_50	349.7706
layer_11_B_51	348.6422
layer_11_B_52	349.7706
layer_11_B_53	351.0674
layer_11_B_54	351.0674
layer_11_B_55	349.7706
layer_11_B_56	349.7706
layer_11_B_57	351.0674
layer_11_B_58	351.0674
layer_11_B_59	349.7706
layer_11_B_60	348.6422
layer_11_B_61	349.7706
layer_11_B_62	349.7706
layer_11_B_63	348.6422
layer_12_TB_0	347.4266
layer_12_TB_1	348.5973
layer_12_TB_2	348.5973
layer_12_TB_3	347.4266
layer_12_TB_4	348.5973
layer_12_TB_5	349.9495
layer_12_TB_6	349.9495
layer_12_TB_7	348.5973
layer_12_TB_8	348.5973
layer_12_TB_9	349.9495
layer_12_TB_10	349.9495
layer_12_TB_11	348.5973
layer_12_TB_12	347.4266
layer_12_TB_13	348.5973
layer_12_TB_14	348.5973
layer_12_TB_15	347.4266
layer_13_B_64	346.2108
layer_13_B_65	347.4241
layer_13_B_66	347.4241
layer_13_B_67	346.2108
layer_13_B_68	347.4241
layer_13_B_69	348.8319
layer_13_B_70	348.8319
layer_13_B_71	347.4241
layer_13_B_72	347.4241
layer_13_B_73	348.8319
layer_13_B_74	348.8319
layer_13_B_75	347.4241
layer_13_B_76	346.2108
layer_13_B_77	347.4241
layer_13_B_78	347.4241
layer_13_B_79	346.2108
layer_14_TB_0	344.7949
layer_14_TB_1	346.0598
layer_14_TB_2	346.0598
layer_14_TB_3	344.7949
layer_14_TB_4	346.0598
layer_14_TB_5	347.5359
layer_14_TB_6	347.5359
layer_14_TB_7	346.0598
layer_14_TB_8	346.0598
layer_14_TB_9	347.5359
layer_14_TB_10	347.5359
layer_14_TB_11	346.0598
layer_14_TB_12	344.7949
layer_14_TB_13	346.0598
layer_14_TB_14	346.0598
layer_14_TB_15	344.7949
layer_15_B_80	343.3788
layer_15_B_81	344.6955
layer_15_B_82	344.6955
layer_15_B_83	343.3788
layer_15_B_84	344.6955
layer_15_B_85	346.2401
layer_15_B_86	346.2401
layer_15_B_87	344.6955
layer_15_B_88	344.6955
layer_15_B_89	346.2401
layer_15_B_90	346.2401
layer_15_B_91	344.6955
layer_15_B_92	343.3788
layer_15_B_93	344.6955
layer_15_B_94	344.6955
layer_15_B_95	343.3788
layer_16_TB_0	341.7288
layer_16_TB_1	343.1069
layer_16_TB_2	343.1069
layer_16_TB_3	341.7288
layer_16_TB_4	343.1069
layer_16_TB_5	344.7336
layer_16_TB_6	344.7336
layer_16_TB_7	343.1069
layer_16_TB_8	343.1069
layer_16_TB_9	344.7336
layer_16_TB_10	344.7336
layer_16_TB_11	343.1069
layer_16_TB_12	341.7288
layer_16_TB_13	343.1069
layer_16_TB_14	343.1069
layer_16_TB_15	341.7288
layer_17_B_96	340.0786
layer_17_B_97	341.5182
layer_17_B_98	341.5182
layer_17_B_99	340.0786
layer_17_B_100	341.5182
layer_17_B_101	343.2274
layer_17_B_102	343.2274
layer_17_B_103	341.5182
layer_17_B_104	341.5182
layer_17_B_105	343.2274
layer_17_B_106	343.2274
layer_17_B_107	341.5182
layer_17_B_108	340.0786
layer_17_B_109	341.5182
layer_17_B_110	341.5182
layer_17_B_111	340.0786
layer_18_TB_0	338.2013
layer_18_TB_1	339.7123
layer_18_TB_2	339.7123
layer_18_TB_3	338.2013
layer_18_TB_4	339.7123
layer_18_TB_5	341.5187
layer_18_TB_6	341.5187
layer_18_TB_7	339.7123
layer_18_TB_8	339.7123
layer_18_TB_9	341.5187
layer_18_TB_10	341.5187
layer_18_TB_11	339.7123
layer_18_TB_12	338.2013
layer_18_TB_13	339.7123
layer_18_TB_14	339.7123
layer_18_TB_15	338.2013
layer_19_B_112	336.3236
layer_19_B_113	337.9064
layer_19_B_114	337.9064
layer_19_B_115	336.3236
layer_19_B_116	337.9064
layer_19_B_117	339.8103
layer_19_B_118	339.8103
layer_19_B_119	337.9064
layer_19_B_120	337.9064
layer_19_B_121	339.8103
layer_19_B_122	339.8103
layer_19_B_123	337.9064
layer_19_B_124	336.3236
layer_19_B_125	337.9064
layer_19_B_126	337.9064
layer_19_B_127	336.3236
layer_20_TB_0	334.2263
layer_20_TB_1	335.8912
layer_20_TB_2	335.8912
layer_20_TB_3	334.2263
layer_20_TB_4	335.8912
layer_20_TB_5	337.9086
layer_20_TB_6	337.9086
layer_20_TB_7	335.8912
layer_20_TB_8	335.8912
layer_20_TB_9	337.9086
layer_20_TB_10	337.9086
layer_20_TB_11	335.8912
layer_20_TB_12	334.2263
layer_20_TB_13	335.8912
layer_20_TB_14	335.8912
layer_20_TB_15	334.2263
hsp_TB_0	331.3660
hsp_TB_1	333.1431
hsp_TB_2	333.1431
hsp_TB_3	331.3660
hsp_TB_4	333.1431
hsp_TB_5	335.3157
hsp_TB_6	335.3157
hsp_TB_7	333.1431
hsp_TB_8	333.1431
hsp_TB_9	335.3157
hsp_TB_10	335.3157
hsp_TB_11	333.1431
hsp_TB_12	331.3660
hsp_TB_13	333.1431
hsp_TB_14	333.1431
hsp_TB_15	331.3660
hsink_TB_0	322.4610
hsink_TB_1	322.4978
hsink_TB_2	322.4978
hsink_TB_3	322.4610
hsink_TB_4	322.4978
hsink_TB_5	322.5438
hsink_TB_6	322.5438
hsink_TB_7	322.4978
hsink_TB_8	322.4978
hsink_TB_9	322.5438
hsink_TB_10	322.5438
hsink_TB_11	322.4978
hsink_TB_12	322.4610
hsink_TB_13	322.4978
hsink_TB_14	322.4978
hsink_TB_15	322.4610
inode_0	322.4287
inode_1	322.4287
inode_2	322.4287
inode_3	322.4287
inode_4	322.3178
inode_5	322.3178
inode_6	322.3178
inode_7	322.3178
inode_8	321.5723
inode_9	321.5723
inode_10	321.5723
inode_11	321.5723
inode_12	350.5779
inode_13	350.5779
inode_14	350.5779
inode_15	350.5779
inode_16	350.4760
inode_17	350.4760
inode_18	350.4760
inode_19	350.4760
inode_20	345.6965
inode_21	345.6965
inode_22	345.6965
inode_23	345.6965
inode_24	334.8967
inode_25	334.8967
inode_26	334.8967
inode_27	334.8967
