pcb_LC_0	344.1790
pcb_LC_1	344.7001
pcb_LC_2	344.7001
pcb_LC_3	344.1790
pcb_LC_4	344.7000
pcb_LC_5	345.6378
pcb_LC_6	345.6378
pcb_LC_7	344.7000
pcb_LC_8	344.6989
pcb_LC_9	345.6359
pcb_LC_10	345.6359
pcb_LC_11	344.6989
pcb_LC_12	344.1768
pcb_LC_13	344.6967
pcb_LC_14	344.6967
pcb_LC_15	344.1768
solder_LC_0	347.7490
solder_LC_1	347.9087
solder_LC_2	347.9087
solder_LC_3	347.7490
solder_LC_4	347.9123
solder_LC_5	348.2206
solder_LC_6	348.2206
solder_LC_7	347.9123
solder_LC_8	347.9071
solder_LC_9	348.2130
solder_LC_10	348.2130
solder_LC_11	347.9071
solder_LC_12	347.7435
solder_LC_13	347.9004
solder_LC_14	347.9004
solder_LC_15	347.7435
sub_LC_0	349.1107
sub_LC_1	349.5923
sub_LC_2	349.5923
sub_LC_3	349.1107
sub_LC_4	349.6380
sub_LC_5	350.2440
sub_LC_6	350.2440
sub_LC_7	349.6380
sub_LC_8	349.5961
sub_LC_9	350.1997
sub_LC_10	350.1997
sub_LC_11	349.5961
sub_LC_12	349.0971
sub_LC_13	349.5766
sub_LC_14	349.5766
sub_LC_15	349.0971
layer_3_LC_0	350.3587
layer_3_LC_1	351.2198
layer_3_LC_2	351.2198
layer_3_LC_3	350.3587
layer_3_LC_4	351.3442
layer_3_LC_5	352.3163
layer_3_LC_6	352.3163
layer_3_LC_7	351.3442
layer_3_LC_8	351.2340
layer_3_LC_9	352.2054
layer_3_LC_10	352.2054
layer_3_LC_11	351.2340
layer_3_LC_12	350.3471
layer_3_LC_13	351.2072
layer_3_LC_14	351.2072
layer_3_LC_15	350.3471
layer_4_TB_0	350.1193
layer_4_TB_1	350.9891
layer_4_TB_2	350.9891
layer_4_TB_3	350.1193
layer_4_TB_4	351.1166
layer_4_TB_5	352.0990
layer_4_TB_6	352.0990
layer_4_TB_7	351.1166
layer_4_TB_8	351.0036
layer_4_TB_9	351.9853
layer_4_TB_10	351.9853
layer_4_TB_11	351.0036
layer_4_TB_12	350.1087
layer_4_TB_13	350.9776
layer_4_TB_14	350.9776
layer_4_TB_15	350.1087
layer_5_B_0	349.8798
layer_5_B_1	350.7585
layer_5_B_2	350.7585
layer_5_B_3	349.8798
layer_5_B_4	350.8890
layer_5_B_5	351.8819
layer_5_B_6	351.8819
layer_5_B_7	350.8890
layer_5_B_8	350.7732
layer_5_B_9	351.7654
layer_5_B_10	351.7654
layer_5_B_11	350.7732
layer_5_B_12	349.8702
layer_5_B_13	350.7479
layer_5_B_14	350.7479
layer_5_B_15	349.8702
layer_6_TB_0	349.4335
layer_6_TB_1	350.3281
layer_6_TB_2	350.3281
layer_6_TB_3	349.4335
layer_6_TB_4	350.4644
layer_6_TB_5	351.4770
layer_6_TB_6	351.4770
layer_6_TB_7	350.4644
layer_6_TB_8	350.3433
layer_6_TB_9	351.3552
layer_6_TB_10	351.3552
layer_6_TB_11	350.3433
layer_6_TB_12	349.4260
layer_6_TB_13	350.3196
layer_6_TB_14	350.3196
layer_6_TB_15	349.4260
layer_7_B_16	348.9871
layer_7_B_17	349.8978
layer_7_B_18	349.8978
layer_7_B_19	348.9871
layer_7_B_20	350.0399
layer_7_B_21	351.0724
layer_7_B_22	351.0724
layer_7_B_23	350.0399
layer_7_B_24	349.9134
layer_7_B_25	350.9452
layer_7_B_26	350.9452
layer_7_B_27	349.9134
layer_7_B_28	348.9816
layer_7_B_29	349.8913
layer_7_B_30	349.8913
layer_7_B_31	348.9816
layer_8_TB_0	348.3300
layer_8_TB_1	349.2640
layer_8_TB_2	349.2640
layer_8_TB_3	348.3300
layer_8_TB_4	349.3810
layer_8_TB_5	350.4430
layer_8_TB_6	350.4430
layer_8_TB_7	349.3810
layer_8_TB_8	349.2566
layer_8_TB_9	350.3179
layer_8_TB_10	350.3179
layer_8_TB_11	349.2566
layer_8_TB_12	348.3098
layer_8_TB_13	349.2427
layer_8_TB_14	349.2427
layer_8_TB_15	348.3098
layer_9_B_32	347.6727
layer_9_B_33	348.6302
layer_9_B_34	348.6302
layer_9_B_35	347.6727
layer_9_B_36	348.7221
layer_9_B_37	349.8138
layer_9_B_38	349.8138
layer_9_B_39	348.7221
layer_9_B_40	348.5999
layer_9_B_41	349.6909
layer_9_B_42	349.6909
layer_9_B_43	348.5999
layer_9_B_44	347.6378
layer_9_B_45	348.5942
layer_9_B_46	348.5942
layer_9_B_47	347.6378
layer_10_TB_0	346.7835
layer_10_TB_1	347.7718
layer_10_TB_2	347.7718
layer_10_TB_3	346.7835
layer_10_TB_4	347.8551
layer_10_TB_5	348.9866
layer_10_TB_6	348.9866
layer_10_TB_7	347.8551
layer_10_TB_8	347.7334
layer_10_TB_9	348.8642
layer_10_TB_10	348.8642
layer_10_TB_11	347.7334
layer_10_TB_12	346.7630
layer_10_TB_13	347.7503
layer_10_TB_14	347.7503
layer_10_TB_15	346.7630
layer_11_B_48	345.8940
layer_11_B_49	346.9135
layer_11_B_50	346.9135
layer_11_B_51	345.8940
layer_11_B_52	346.9881
layer_11_B_53	348.1596
layer_11_B_54	348.1596
layer_11_B_55	346.9881
layer_11_B_56	346.8669
layer_11_B_57	348.0377
layer_11_B_58	348.0377
layer_11_B_59	346.8669
layer_11_B_60	345.8881
layer_11_B_61	346.9065
layer_11_B_62	346.9065
layer_11_B_63	345.8881
layer_12_TB_0	344.7849
layer_12_TB_1	345.8432
layer_12_TB_2	345.8432
layer_12_TB_3	344.7849
layer_12_TB_4	345.9197
layer_12_TB_5	347.1418
layer_12_TB_6	347.1418
layer_12_TB_7	345.9197
layer_12_TB_8	345.8048
layer_12_TB_9	347.0262
layer_12_TB_10	347.0262
layer_12_TB_11	345.8048
layer_12_TB_12	344.7795
layer_12_TB_13	345.8367
layer_12_TB_14	345.8367
layer_12_TB_15	344.7795
layer_13_B_64	343.6755
layer_13_B_65	344.7730
layer_13_B_66	344.7730
layer_13_B_67	343.6755
layer_13_B_68	344.8513
layer_13_B_69	346.1244
layer_13_B_70	346.1244
layer_13_B_71	344.8513
layer_13_B_72	344.7426
layer_13_B_73	346.0149
layer_13_B_74	346.0149
layer_13_B_75	344.7426
layer_13_B_76	343.6707
layer_13_B_77	344.7669
layer_13_B_78	344.7669
layer_13_B_79	343.6707
layer_14_TB_0	342.3727
layer_14_TB_1	343.5174
layer_14_TB_2	343.5174
layer_14_TB_3	342.3727
layer_14_TB_4	343.5996
layer_14_TB_5	344.9351
layer_14_TB_6	344.9351
layer_14_TB_7	343.5996
layer_14_TB_8	343.4947
layer_14_TB_9	344.8293
layer_14_TB_10	344.8293
layer_14_TB_11	343.4947
layer_14_TB_12	342.3693
layer_14_TB_13	343.5129
layer_14_TB_14	343.5129
layer_14_TB_15	342.3693
layer_15_B_80	341.0696
layer_15_B_81	342.2618
layer_15_B_82	342.2618
layer_15_B_83	341.0696
layer_15_B_84	342.3479
layer_15_B_85	343.7460
layer_15_B_86	343.7460
layer_15_B_87	342.3479
layer_15_B_88	342.2467
layer_15_B_89	343.6440
layer_15_B_90	343.6440
layer_15_B_91	342.2467
layer_15_B_92	341.0678
layer_15_B_93	342.2588
layer_15_B_94	342.2588
layer_15_B_95	341.0678
layer_16_TB_0	339.5725
layer_16_TB_1	340.8208
layer_16_TB_2	340.8208
layer_16_TB_3	339.5725
layer_16_TB_4	340.8789
layer_16_TB_5	342.3521
layer_16_TB_6	342.3521
layer_16_TB_7	340.8789
layer_16_TB_8	340.7895
layer_16_TB_9	342.2618
layer_16_TB_10	342.2618
layer_16_TB_11	340.7895
layer_16_TB_12	339.5553
layer_16_TB_13	340.8023
layer_16_TB_14	340.8023
layer_16_TB_15	339.5553
layer_17_B_96	338.0752
layer_17_B_97	339.3798
layer_17_B_98	339.3798
layer_17_B_99	338.0752
layer_17_B_100	339.4100
layer_17_B_101	340.9585
layer_17_B_102	340.9585
layer_17_B_103	339.4100
layer_17_B_104	339.3323
layer_17_B_105	340.8798
layer_17_B_106	340.8798
layer_17_B_107	339.3323
layer_17_B_108	338.0425
layer_17_B_109	339.3458
layer_17_B_110	339.3458
layer_17_B_111	338.0425
layer_18_TB_0	336.3658
layer_18_TB_1	337.7358
layer_18_TB_2	337.7358
layer_18_TB_3	336.3658
layer_18_TB_4	337.7533
layer_18_TB_5	339.3905
layer_18_TB_6	339.3905
layer_18_TB_7	337.7533
layer_18_TB_8	337.6867
layer_18_TB_9	339.3229
layer_18_TB_10	339.3229
layer_18_TB_11	337.6867
layer_18_TB_12	336.3464
layer_18_TB_13	337.7150
layer_18_TB_14	337.7150
layer_18_TB_15	336.3464
layer_19_B_112	334.6561
layer_19_B_113	336.0917
layer_19_B_114	336.0917
layer_19_B_115	334.6561
layer_19_B_116	336.0965
layer_19_B_117	337.8227
layer_19_B_118	337.8227
layer_19_B_119	336.0965
layer_19_B_120	336.0411
layer_19_B_121	337.7662
layer_19_B_122	337.7662
layer_19_B_123	336.0411
layer_19_B_124	334.6501
layer_19_B_125	336.0842
layer_19_B_126	336.0842
layer_19_B_127	334.6501
layer_20_TB_0	332.7497
layer_20_TB_1	334.2603
layer_20_TB_2	334.2603
layer_20_TB_3	332.7497
layer_20_TB_4	334.2615
layer_20_TB_5	336.0912
layer_20_TB_6	336.0912
layer_20_TB_7	334.2615
layer_20_TB_8	334.2244
layer_20_TB_9	336.0530
layer_20_TB_10	336.0530
layer_20_TB_11	334.2244
layer_20_TB_12	332.7425
layer_20_TB_13	334.2516
layer_20_TB_14	334.2516
layer_20_TB_15	332.7425
hsp_TB_0	330.1497
hsp_TB_1	331.7630
hsp_TB_2	331.7630
hsp_TB_3	330.1497
hsp_TB_4	331.7591
hsp_TB_5	333.7304
hsp_TB_6	333.7304
hsp_TB_7	331.7591
hsp_TB_8	331.7472
hsp_TB_9	333.7171
hsp_TB_10	333.7171
hsp_TB_11	331.7472
hsp_TB_12	330.1409
hsp_TB_13	331.7525
hsp_TB_14	331.7525
hsp_TB_15	330.1409
hsink_TB_0	322.0627
hsink_TB_1	322.0961
hsink_TB_2	322.0961
hsink_TB_3	322.0627
hsink_TB_4	322.0958
hsink_TB_5	322.1377
hsink_TB_6	322.1377
hsink_TB_7	322.0958
hsink_TB_8	322.0957
hsink_TB_9	322.1375
hsink_TB_10	322.1375
hsink_TB_11	322.0957
hsink_TB_12	322.0623
hsink_TB_13	322.0956
hsink_TB_14	322.0956
hsink_TB_15	322.0623
inode_0	322.0329
inode_1	322.0329
inode_2	322.0327
inode_3	322.0338
inode_4	321.9324
inode_5	321.9324
inode_6	321.9322
inode_7	321.9332
inode_8	321.2558
inode_9	321.2558
inode_10	321.2556
inode_11	321.2565
inode_12	347.7331
inode_13	347.7331
inode_14	347.7253
inode_15	347.7312
inode_16	347.6399
inode_17	347.6399
inode_18	347.6331
inode_19	347.6390
inode_20	343.2792
inode_21	343.2792
inode_22	343.2768
inode_23	343.2797
inode_24	333.4271
inode_25	333.4271
inode_26	333.4257
inode_27	333.4275
