pcb_LC_0	350.1728
pcb_LC_1	350.8143
pcb_LC_2	350.8143
pcb_LC_3	350.1728
pcb_LC_4	350.8083
pcb_LC_5	351.9597
pcb_LC_6	351.9597
pcb_LC_7	350.8083
pcb_LC_8	350.8086
pcb_LC_9	351.9602
pcb_LC_10	351.9602
pcb_LC_11	350.8086
pcb_LC_12	350.1741
pcb_LC_13	350.8162
pcb_LC_14	350.8162
pcb_LC_15	350.1741
solder_LC_0	354.5721
solder_LC_1	354.7732
solder_LC_2	354.7732
solder_LC_3	354.5721
solder_LC_4	354.7414
solder_LC_5	355.1150
solder_LC_6	355.1150
solder_LC_7	354.7414
solder_LC_8	354.7413
solder_LC_9	355.1152
solder_LC_10	355.1152
solder_LC_11	354.7413
solder_LC_12	354.5757
solder_LC_13	354.7781
solder_LC_14	354.7781
solder_LC_15	354.5757
sub_LC_0	356.3199
sub_LC_1	356.9372
sub_LC_2	356.9372
sub_LC_3	356.3199
sub_LC_4	356.7329
sub_LC_5	357.4945
sub_LC_6	357.4945
sub_LC_7	356.7329
sub_LC_8	356.7229
sub_LC_9	357.4844
sub_LC_10	357.4844
sub_LC_11	356.7229
sub_LC_12	356.3368
sub_LC_13	356.9553
sub_LC_14	356.9553
sub_LC_15	356.3368
layer_3_LC_0	357.9865
layer_3_LC_1	359.0963
layer_3_LC_2	359.0963
layer_3_LC_3	357.9865
layer_3_LC_4	358.6298
layer_3_LC_5	359.8809
layer_3_LC_6	359.8809
layer_3_LC_7	358.6298
layer_3_LC_8	358.5961
layer_3_LC_9	359.8472
layer_3_LC_10	359.8472
layer_3_LC_11	358.5961
layer_3_LC_12	358.0254
layer_3_LC_13	359.1357
layer_3_LC_14	359.1357
layer_3_LC_15	358.0254
layer_4_TB_0	357.7072
layer_4_TB_1	358.8263
layer_4_TB_2	358.8263
layer_4_TB_3	357.7072
layer_4_TB_4	358.3542
layer_4_TB_5	359.6164
layer_4_TB_6	359.6164
layer_4_TB_7	358.3542
layer_4_TB_8	358.3194
layer_4_TB_9	359.5815
layer_4_TB_10	359.5815
layer_4_TB_11	358.3194
layer_4_TB_12	357.7467
layer_4_TB_13	358.8662
layer_4_TB_14	358.8662
layer_4_TB_15	357.7467
layer_5_B_0	357.4278
layer_5_B_1	358.5563
layer_5_B_2	358.5563
layer_5_B_3	357.4278
layer_5_B_4	358.0786
layer_5_B_5	359.3521
layer_5_B_6	359.3521
layer_5_B_7	358.0786
layer_5_B_8	358.0426
layer_5_B_9	359.3161
layer_5_B_10	359.3161
layer_5_B_11	358.0426
layer_5_B_12	357.4678
layer_5_B_13	358.5967
layer_5_B_14	358.5967
layer_5_B_15	357.4678
layer_6_TB_0	356.9244
layer_6_TB_1	358.0713
layer_6_TB_2	358.0713
layer_6_TB_3	356.9244
layer_6_TB_4	357.5830
layer_6_TB_5	358.8797
layer_6_TB_6	358.8797
layer_6_TB_7	357.5830
layer_6_TB_8	357.5446
layer_6_TB_9	358.8413
layer_6_TB_10	358.8413
layer_6_TB_11	357.5446
layer_6_TB_12	356.9654
layer_6_TB_13	358.1127
layer_6_TB_14	358.1127
layer_6_TB_15	356.9654
layer_7_B_16	356.4208
layer_7_B_17	357.5863
layer_7_B_18	357.5863
layer_7_B_19	356.4208
layer_7_B_20	357.0874
layer_7_B_21	358.4074
layer_7_B_22	358.4074
layer_7_B_23	357.0874
layer_7_B_24	357.0466
layer_7_B_25	358.3666
layer_7_B_26	358.3666
layer_7_B_27	357.0466
layer_7_B_28	356.4629
layer_7_B_29	357.6288
layer_7_B_30	357.6288
layer_7_B_31	356.4629
layer_8_TB_0	355.6958
layer_8_TB_1	356.8890
layer_8_TB_2	356.8890
layer_8_TB_3	355.6958
layer_8_TB_4	356.3740
layer_8_TB_5	357.7296
layer_8_TB_6	357.7296
layer_8_TB_7	356.3740
layer_8_TB_8	356.3296
layer_8_TB_9	357.6851
layer_8_TB_10	357.6851
layer_8_TB_11	356.3296
layer_8_TB_12	355.7395
layer_8_TB_13	356.9331
layer_8_TB_14	356.9331
layer_8_TB_15	355.7395
layer_9_B_32	354.9707
layer_9_B_33	356.1918
layer_9_B_34	356.1918
layer_9_B_35	354.9707
layer_9_B_36	355.6606
layer_9_B_37	357.0520
layer_9_B_38	357.0520
layer_9_B_39	355.6606
layer_9_B_40	355.6125
layer_9_B_41	357.0038
layer_9_B_42	357.0038
layer_9_B_43	355.6125
layer_9_B_44	355.0160
layer_9_B_45	356.2375
layer_9_B_46	356.2375
layer_9_B_47	355.0160
layer_10_TB_0	353.8238
layer_10_TB_1	355.0823
layer_10_TB_2	355.0823
layer_10_TB_3	353.8238
layer_10_TB_4	354.7326
layer_10_TB_5	356.1725
layer_10_TB_6	356.1725
layer_10_TB_7	354.7326
layer_10_TB_8	354.6793
layer_10_TB_9	356.1192
layer_10_TB_10	356.1192
layer_10_TB_11	354.6793
layer_10_TB_12	353.8704
layer_10_TB_13	355.1293
layer_10_TB_14	355.1293
layer_10_TB_15	353.8704
layer_11_B_48	352.6767
layer_11_B_49	353.9728
layer_11_B_50	353.9728
layer_11_B_51	352.6767
layer_11_B_52	353.8046
layer_11_B_53	355.2933
layer_11_B_54	355.2933
layer_11_B_55	353.8046
layer_11_B_56	353.7460
layer_11_B_57	355.2347
layer_11_B_58	355.2347
layer_11_B_59	353.7460
layer_11_B_60	352.7246
layer_11_B_61	354.0211
layer_11_B_62	354.0211
layer_11_B_63	352.7246
layer_12_TB_0	351.3050
layer_12_TB_1	352.6486
layer_12_TB_2	352.6486
layer_12_TB_3	351.3050
layer_12_TB_4	352.4614
layer_12_TB_5	354.0123
layer_12_TB_6	354.0123
layer_12_TB_7	352.4614
layer_12_TB_8	352.4080
layer_12_TB_9	353.9590
layer_12_TB_10	353.9590
layer_12_TB_11	352.4080
layer_12_TB_12	351.3493
layer_12_TB_13	352.6933
layer_12_TB_14	352.6933
layer_12_TB_15	351.3493
layer_13_B_64	349.9331
layer_13_B_65	351.3243
layer_13_B_66	351.3243
layer_13_B_67	349.9331
layer_13_B_68	351.1181
layer_13_B_69	352.7316
layer_13_B_70	352.7316
layer_13_B_71	351.1181
layer_13_B_72	351.0699
layer_13_B_73	352.6835
layer_13_B_74	352.6835
layer_13_B_75	351.0699
layer_13_B_76	349.9739
layer_13_B_77	351.3655
layer_13_B_78	351.3655
layer_13_B_79	349.9739
layer_14_TB_0	348.3516
layer_14_TB_1	349.8007
layer_14_TB_2	349.8007
layer_14_TB_3	348.3516
layer_14_TB_4	349.5740
layer_14_TB_5	351.2645
layer_14_TB_6	351.2645
layer_14_TB_7	349.5740
layer_14_TB_8	349.5296
layer_14_TB_9	351.2201
layer_14_TB_10	351.2201
layer_14_TB_11	349.5296
layer_14_TB_12	348.3894
layer_14_TB_13	349.8390
layer_14_TB_14	349.8390
layer_14_TB_15	348.3894
layer_15_B_80	346.7698
layer_15_B_81	348.2771
layer_15_B_82	348.2771
layer_15_B_83	346.7698
layer_15_B_84	348.0299
layer_15_B_85	349.7977
layer_15_B_86	349.7977
layer_15_B_87	348.0299
layer_15_B_88	347.9892
layer_15_B_89	349.7569
layer_15_B_90	349.7569
layer_15_B_91	347.9892
layer_15_B_92	346.8047
layer_15_B_93	348.3125
layer_15_B_94	348.3125
layer_15_B_95	346.8047
layer_16_TB_0	344.9855
layer_16_TB_1	346.5619
layer_16_TB_2	346.5619
layer_16_TB_3	344.9855
layer_16_TB_4	346.2917
layer_16_TB_5	348.1523
layer_16_TB_6	348.1523
layer_16_TB_7	346.2917
layer_16_TB_8	346.2533
layer_16_TB_9	348.1139
layer_16_TB_10	348.1139
layer_16_TB_11	346.2533
layer_16_TB_12	345.0181
layer_16_TB_13	346.5949
layer_16_TB_14	346.5949
layer_16_TB_15	345.0181
layer_17_B_96	343.2011
layer_17_B_97	344.8466
layer_17_B_98	344.8466
layer_17_B_99	343.2011
layer_17_B_100	344.5534
layer_17_B_101	346.5072
layer_17_B_102	346.5072
layer_17_B_103	344.5534
layer_17_B_104	344.5175
layer_17_B_105	346.4712
layer_17_B_106	346.4712
layer_17_B_107	344.5175
layer_17_B_108	343.2313
layer_17_B_109	344.8774
layer_17_B_110	344.8774
layer_17_B_111	343.2313
layer_18_TB_0	341.0183
layer_18_TB_1	342.7444
layer_18_TB_2	342.7444
layer_18_TB_3	341.0183
layer_18_TB_4	342.6284
layer_18_TB_5	344.6921
layer_18_TB_6	344.6921
layer_18_TB_7	342.6284
layer_18_TB_8	342.5937
layer_18_TB_9	344.6573
layer_18_TB_10	344.6573
layer_18_TB_11	342.5937
layer_18_TB_12	341.0457
layer_18_TB_13	342.7723
layer_18_TB_14	342.7723
layer_18_TB_15	341.0457
layer_19_B_112	338.8353
layer_19_B_113	340.6422
layer_19_B_114	340.6422
layer_19_B_115	338.8353
layer_19_B_116	340.7033
layer_19_B_117	342.8773
layer_19_B_118	342.8773
layer_19_B_119	340.7033
layer_19_B_120	340.6699
layer_19_B_121	342.8438
layer_19_B_122	342.8438
layer_19_B_123	340.6699
layer_19_B_124	338.8599
layer_19_B_125	340.6673
layer_19_B_126	340.6673
layer_19_B_127	338.8599
layer_20_TB_0	336.4551
layer_20_TB_1	338.3546
layer_20_TB_2	338.3546
layer_20_TB_3	336.4551
layer_20_TB_4	338.3946
layer_20_TB_5	340.6970
layer_20_TB_6	340.6970
layer_20_TB_7	338.3946
layer_20_TB_8	338.3736
layer_20_TB_9	340.6759
layer_20_TB_10	340.6759
layer_20_TB_11	338.3736
layer_20_TB_12	336.4717
layer_20_TB_13	338.3718
layer_20_TB_14	338.3718
layer_20_TB_15	336.4717
hsp_TB_0	333.2091
hsp_TB_1	335.2352
hsp_TB_2	335.2352
hsp_TB_3	333.2091
hsp_TB_4	335.2463
hsp_TB_5	337.7243
hsp_TB_6	337.7243
hsp_TB_7	335.2463
hsp_TB_8	335.2424
hsp_TB_9	337.7202
hsp_TB_10	337.7202
hsp_TB_11	335.2424
hsp_TB_12	333.2147
hsp_TB_13	335.2415
hsp_TB_14	335.2415
hsp_TB_15	333.2147
hsink_TB_0	323.0637
hsink_TB_1	323.1055
hsink_TB_2	323.1055
hsink_TB_3	323.0637
hsink_TB_4	323.1057
hsink_TB_5	323.1582
hsink_TB_6	323.1582
hsink_TB_7	323.1057
hsink_TB_8	323.1059
hsink_TB_9	323.1584
hsink_TB_10	323.1584
hsink_TB_11	323.1059
hsink_TB_12	323.0640
hsink_TB_13	323.1059
hsink_TB_14	323.1059
hsink_TB_15	323.0640
inode_0	323.0271
inode_1	323.0271
inode_2	323.0273
inode_3	323.0262
inode_4	322.9007
inode_5	322.9007
inode_6	322.9010
inode_7	322.8999
inode_8	322.0510
inode_9	322.0510
inode_10	322.0512
inode_11	322.0503
inode_12	354.5396
inode_13	354.5396
inode_14	354.5759
inode_15	354.5692
inode_16	354.4259
inode_17	354.4259
inode_18	354.4547
inode_19	354.4491
inode_20	349.0644
inode_21	349.0644
inode_22	349.0718
inode_23	349.0698
inode_24	336.9442
inode_25	336.9442
inode_26	336.9487
inode_27	336.9475
