pcb_LC_0	345.6734
pcb_LC_1	346.1970
pcb_LC_2	346.1970
pcb_LC_3	345.6734
pcb_LC_4	346.2533
pcb_LC_5	347.2269
pcb_LC_6	347.2269
pcb_LC_7	346.2533
pcb_LC_8	346.2940
pcb_LC_9	347.2994
pcb_LC_10	347.2994
pcb_LC_11	346.2940
pcb_LC_12	345.7859
pcb_LC_13	346.3672
pcb_LC_14	346.3672
pcb_LC_15	345.7859
solder_LC_0	349.3713
solder_LC_1	349.4799
solder_LC_2	349.4799
solder_LC_3	349.3713
solder_LC_4	349.5971
solder_LC_5	349.8766
solder_LC_6	349.8766
solder_LC_7	349.5971
solder_LC_8	349.7133
solder_LC_9	350.0616
solder_LC_10	350.0616
solder_LC_11	349.7133
solder_LC_12	349.6795
solder_LC_13	349.9160
solder_LC_14	349.9160
solder_LC_15	349.6795
sub_LC_0	350.4953
sub_LC_1	350.9586
sub_LC_2	350.9586
sub_LC_3	350.4953
sub_LC_4	351.1075
sub_LC_5	351.7137
sub_LC_6	351.7137
sub_LC_7	351.1075
sub_LC_8	351.5497
sub_LC_9	352.2049
sub_LC_10	352.2049
sub_LC_11	351.5497
sub_LC_12	351.6732
sub_LC_13	352.2418
sub_LC_14	352.2418
sub_LC_15	351.6732
layer_3_LC_0	351.4761
layer_3_LC_1	352.3723
layer_3_LC_2	352.3723
layer_3_LC_3	351.4761
layer_3_LC_4	352.5110
layer_3_LC_5	353.5312
layer_3_LC_6	353.5312
layer_3_LC_7	352.5110
layer_3_LC_8	353.2848
layer_3_LC_9	354.3210
layer_3_LC_10	354.3210
layer_3_LC_11	353.2848
layer_3_LC_12	353.7397
layer_3_LC_13	354.6726
layer_3_LC_14	354.6726
layer_3_LC_15	353.7397
layer_4_TB_0	351.2281
layer_4_TB_1	352.1336
layer_4_TB_2	352.1336
layer_4_TB_3	351.2281
layer_4_TB_4	352.2682
layer_4_TB_5	353.2992
layer_4_TB_6	353.2992
layer_4_TB_7	352.2682
layer_4_TB_8	353.0403
layer_4_TB_9	354.0868
layer_4_TB_10	354.0868
layer_4_TB_11	353.0403
layer_4_TB_12	353.4998
layer_4_TB_13	354.4409
layer_4_TB_14	354.4409
layer_4_TB_15	353.4998
layer_5_B_0	350.9800
layer_5_B_1	351.8949
layer_5_B_2	351.8949
layer_5_B_3	350.9800
layer_5_B_4	352.0254
layer_5_B_5	353.0674
layer_5_B_6	353.0674
layer_5_B_7	352.0254
layer_5_B_8	352.7956
layer_5_B_9	353.8527
layer_5_B_10	353.8527
layer_5_B_11	352.7956
layer_5_B_12	353.2598
layer_5_B_13	354.2094
layer_5_B_14	354.2094
layer_5_B_15	353.2598
layer_6_TB_0	350.5087
layer_6_TB_1	351.4403
layer_6_TB_2	351.4403
layer_6_TB_3	350.5087
layer_6_TB_4	351.5743
layer_6_TB_5	352.6369
layer_6_TB_6	352.6369
layer_6_TB_7	351.5743
layer_6_TB_8	352.3197
layer_6_TB_9	353.3972
layer_6_TB_10	353.3972
layer_6_TB_11	352.3197
layer_6_TB_12	352.8056
layer_6_TB_13	353.7713
layer_6_TB_14	353.7713
layer_6_TB_15	352.8056
layer_7_B_16	350.0372
layer_7_B_17	350.9856
layer_7_B_18	350.9856
layer_7_B_19	350.0372
layer_7_B_20	351.1231
layer_7_B_21	352.2066
layer_7_B_22	352.2066
layer_7_B_23	351.1231
layer_7_B_24	351.8436
layer_7_B_25	352.9418
layer_7_B_26	352.9418
layer_7_B_27	351.8436
layer_7_B_28	352.3513
layer_7_B_29	353.3334
layer_7_B_30	353.3334
layer_7_B_31	352.3513
layer_8_TB_0	349.3510
layer_8_TB_1	350.3237
layer_8_TB_2	350.3237
layer_8_TB_3	349.3510
layer_8_TB_4	350.4560
layer_8_TB_5	351.5703
layer_8_TB_6	351.5703
layer_8_TB_7	350.4560
layer_8_TB_8	351.1440
layer_8_TB_9	352.2730
layer_8_TB_10	352.2730
layer_8_TB_11	351.1440
layer_8_TB_12	351.5404
layer_8_TB_13	352.5466
layer_8_TB_14	352.5466
layer_8_TB_15	351.5404
layer_9_B_32	348.6646
layer_9_B_33	349.6618
layer_9_B_34	349.6618
layer_9_B_35	348.6646
layer_9_B_36	349.7887
layer_9_B_37	350.9342
layer_9_B_38	350.9342
layer_9_B_39	349.7887
layer_9_B_40	350.4442
layer_9_B_41	351.6043
layer_9_B_42	351.6043
layer_9_B_43	350.4442
layer_9_B_44	350.7293
layer_9_B_45	351.7598
layer_9_B_46	351.7598
layer_9_B_47	350.7293
layer_10_TB_0	347.7541
layer_10_TB_1	348.7835
layer_10_TB_2	348.7835
layer_10_TB_3	347.7541
layer_10_TB_4	348.8958
layer_10_TB_5	350.0828
layer_10_TB_6	350.0828
layer_10_TB_7	348.8958
layer_10_TB_8	349.5252
layer_10_TB_9	350.7270
layer_10_TB_10	350.7270
layer_10_TB_11	349.5252
layer_10_TB_12	349.7138
layer_10_TB_13	350.7767
layer_10_TB_14	350.7767
layer_10_TB_15	349.7138
layer_11_B_48	346.8434
layer_11_B_49	347.9052
layer_11_B_50	347.9052
layer_11_B_51	346.8434
layer_11_B_52	348.0029
layer_11_B_53	349.2317
layer_11_B_54	349.2317
layer_11_B_55	348.0029
layer_11_B_56	348.6062
layer_11_B_57	349.8498
layer_11_B_58	349.8498
layer_11_B_59	348.6062
layer_11_B_60	348.6982
layer_11_B_61	349.7936
layer_11_B_62	349.7936
layer_11_B_63	348.6982
layer_12_TB_0	345.7060
layer_12_TB_1	346.8083
layer_12_TB_2	346.8083
layer_12_TB_3	345.7060
layer_12_TB_4	346.9007
layer_12_TB_5	348.1825
layer_12_TB_6	348.1825
layer_12_TB_7	346.9007
layer_12_TB_8	347.4775
layer_12_TB_9	348.7744
layer_12_TB_10	348.7744
layer_12_TB_11	347.4775
layer_12_TB_12	347.4796
layer_12_TB_13	348.6161
layer_12_TB_14	348.6161
layer_12_TB_15	347.4796
layer_13_B_64	344.5685
layer_13_B_65	345.7114
layer_13_B_66	345.7114
layer_13_B_67	344.5685
layer_13_B_68	345.7985
layer_13_B_69	347.1335
layer_13_B_70	347.1335
layer_13_B_71	345.7985
layer_13_B_72	346.3488
layer_13_B_73	347.6992
layer_13_B_74	347.6992
layer_13_B_75	346.3488
layer_13_B_76	346.2610
layer_13_B_77	347.4387
layer_13_B_78	347.4387
layer_13_B_79	346.2610
layer_14_TB_0	343.2211
layer_14_TB_1	344.4132
layer_14_TB_2	344.4132
layer_14_TB_3	343.2211
layer_14_TB_4	344.5037
layer_14_TB_5	345.9038
layer_14_TB_6	345.9038
layer_14_TB_7	344.5037
layer_14_TB_8	345.0048
layer_14_TB_9	346.4208
layer_14_TB_10	346.4208
layer_14_TB_11	345.0048
layer_14_TB_12	344.8412
layer_14_TB_13	346.0689
layer_14_TB_14	346.0689
layer_14_TB_15	344.8412
layer_15_B_80	341.8736
layer_15_B_81	343.1150
layer_15_B_82	343.1150
layer_15_B_83	341.8736
layer_15_B_84	343.2088
layer_15_B_85	344.6744
layer_15_B_86	344.6744
layer_15_B_87	343.2088
layer_15_B_88	343.6606
layer_15_B_89	345.1426
layer_15_B_90	345.1426
layer_15_B_91	343.6606
layer_15_B_92	343.4213
layer_15_B_93	344.6992
layer_15_B_94	344.6992
layer_15_B_95	343.4213
layer_16_TB_0	340.3283
layer_16_TB_1	341.6280
layer_16_TB_2	341.6280
layer_16_TB_3	340.3283
layer_16_TB_4	341.7176
layer_16_TB_5	343.2616
layer_16_TB_6	343.2616
layer_16_TB_7	341.7176
layer_16_TB_8	342.1134
layer_16_TB_9	343.6744
layer_16_TB_10	343.6744
layer_16_TB_11	342.1134
layer_16_TB_12	341.6607
layer_16_TB_13	342.9982
layer_16_TB_14	342.9982
layer_16_TB_15	341.6607
layer_17_B_96	338.7828
layer_17_B_97	340.1409
layer_17_B_98	340.1409
layer_17_B_99	338.7828
layer_17_B_100	340.2263
layer_17_B_101	341.8489
layer_17_B_102	341.8489
layer_17_B_103	340.2263
layer_17_B_104	340.5660
layer_17_B_105	342.2064
layer_17_B_106	342.2064
layer_17_B_107	340.5660
layer_17_B_108	339.9000
layer_17_B_109	341.2973
layer_17_B_110	341.2973
layer_17_B_111	339.9000
layer_18_TB_0	337.0333
layer_18_TB_1	338.4593
layer_18_TB_2	338.4593
layer_18_TB_3	337.0333
layer_18_TB_4	338.5327
layer_18_TB_5	340.2480
layer_18_TB_6	340.2480
layer_18_TB_7	338.5327
layer_18_TB_8	338.8242
layer_18_TB_9	340.5580
layer_18_TB_10	340.5580
layer_18_TB_11	338.8242
layer_18_TB_12	337.9537
layer_18_TB_13	339.4205
layer_18_TB_14	339.4205
layer_18_TB_15	337.9537
layer_19_B_112	335.2835
layer_19_B_113	336.7776
layer_19_B_114	336.7776
layer_19_B_115	335.2835
layer_19_B_116	336.8391
layer_19_B_117	338.6473
layer_19_B_118	338.6473
layer_19_B_119	336.8391
layer_19_B_120	337.0823
layer_19_B_121	338.9099
layer_19_B_122	338.9099
layer_19_B_123	337.0823
layer_19_B_124	336.0071
layer_19_B_125	337.5437
layer_19_B_126	337.5437
layer_19_B_127	336.0071
layer_20_TB_0	333.3303
layer_20_TB_1	334.9023
layer_20_TB_2	334.9023
layer_20_TB_3	333.3303
layer_20_TB_4	334.9630
layer_20_TB_5	336.8793
layer_20_TB_6	336.8793
layer_20_TB_7	334.9630
layer_20_TB_8	335.1595
layer_20_TB_9	337.0963
layer_20_TB_10	337.0963
layer_20_TB_11	335.1595
layer_20_TB_12	333.8789
layer_20_TB_13	335.4954
layer_20_TB_14	335.4954
layer_20_TB_15	333.8789
hsp_TB_0	330.6665
hsp_TB_1	332.3449
hsp_TB_2	332.3449
hsp_TB_3	330.6665
hsp_TB_4	332.4048
hsp_TB_5	334.4689
hsp_TB_6	334.4689
hsp_TB_7	332.4048
hsp_TB_8	332.5376
hsp_TB_9	334.6236
hsp_TB_10	334.6236
hsp_TB_11	332.5376
hsp_TB_12	330.9765
hsp_TB_13	332.7023
hsp_TB_14	332.7023
hsp_TB_15	330.9765
hsink_TB_0	322.2715
hsink_TB_1	322.3056
hsink_TB_2	322.3056
hsink_TB_3	322.2715
hsink_TB_4	322.3118
hsink_TB_5	322.3556
hsink_TB_6	322.3556
hsink_TB_7	322.3118
hsink_TB_8	322.3173
hsink_TB_9	322.3622
hsink_TB_10	322.3622
hsink_TB_11	322.3173
hsink_TB_12	322.2884
hsink_TB_13	322.3252
hsink_TB_14	322.3252
hsink_TB_15	322.2884
inode_0	322.2471
inode_1	322.2471
inode_2	322.2769
inode_3	322.2257
inode_4	322.1411
inode_5	322.1411
inode_6	322.1687
inode_7	322.1211
inode_8	321.4272
inode_9	321.4272
inode_10	321.4499
inode_11	321.4108
inode_12	349.4903
inode_13	349.4903
inode_14	349.7671
inode_15	349.2960
inode_16	349.3920
inode_17	349.3920
inode_18	349.6330
inode_19	349.2159
inode_20	344.7735
inode_21	344.7735
inode_22	344.8661
inode_23	344.6969
inode_24	334.3356
inode_25	334.3356
inode_26	334.3919
inode_27	334.2890
