pcb_LC_0	347.2616
pcb_LC_1	347.8620
pcb_LC_2	347.8620
pcb_LC_3	347.2616
pcb_LC_4	347.8254
pcb_LC_5	348.8858
pcb_LC_6	348.8858
pcb_LC_7	347.8254
pcb_LC_8	347.7967
pcb_LC_9	348.8349
pcb_LC_10	348.8349
pcb_LC_11	347.7967
pcb_LC_12	347.1875
pcb_LC_13	347.7495
pcb_LC_14	347.7495
pcb_LC_15	347.1875
solder_LC_0	351.3038
solder_LC_1	351.5221
solder_LC_2	351.5221
solder_LC_3	351.3038
solder_LC_4	351.4528
solder_LC_5	351.8283
solder_LC_6	351.8283
solder_LC_7	351.4528
solder_LC_8	351.3589
solder_LC_9	351.6829
solder_LC_10	351.6829
solder_LC_11	351.3589
solder_LC_12	351.1035
solder_LC_13	351.2362
solder_LC_14	351.2362
solder_LC_15	351.1035
sub_LC_0	353.0233
sub_LC_1	353.5983
sub_LC_2	353.5983
sub_LC_3	353.0233
sub_LC_4	353.6165
sub_LC_5	354.3246
sub_LC_6	354.3246
sub_LC_7	353.6165
sub_LC_8	353.1277
sub_LC_9	353.7943
sub_LC_10	353.7943
sub_LC_11	353.1277
sub_LC_12	352.3032
sub_LC_13	352.8075
sub_LC_14	352.8075
sub_LC_15	352.3032
layer_3_LC_0	354.6135
layer_3_LC_1	355.6015
layer_3_LC_2	355.6015
layer_3_LC_3	354.6135
layer_3_LC_4	355.8627
layer_3_LC_5	356.9728
layer_3_LC_6	356.9728
layer_3_LC_7	355.8627
layer_3_LC_8	354.7894
layer_3_LC_9	355.8848
layer_3_LC_10	355.8848
layer_3_LC_11	354.7894
layer_3_LC_12	353.3158
layer_3_LC_13	354.2756
layer_3_LC_14	354.2756
layer_3_LC_15	353.3158
layer_4_TB_0	354.3509
layer_4_TB_1	355.3477
layer_4_TB_2	355.3477
layer_4_TB_3	354.3509
layer_4_TB_4	355.6226
layer_4_TB_5	356.7431
layer_4_TB_6	356.7431
layer_4_TB_7	355.6226
layer_4_TB_8	354.5347
layer_4_TB_9	355.6409
layer_4_TB_10	355.6409
layer_4_TB_11	354.5347
layer_4_TB_12	353.0554
layer_4_TB_13	354.0245
layer_4_TB_14	354.0245
layer_4_TB_15	353.0554
layer_5_B_0	354.0882
layer_5_B_1	355.0940
layer_5_B_2	355.0940
layer_5_B_3	354.0882
layer_5_B_4	355.3827
layer_5_B_5	356.5138
layer_5_B_6	356.5138
layer_5_B_7	355.3827
layer_5_B_8	354.2799
layer_5_B_9	355.3971
layer_5_B_10	355.3971
layer_5_B_11	354.2799
layer_5_B_12	352.7947
layer_5_B_13	353.7734
layer_5_B_14	353.7734
layer_5_B_15	352.7947
layer_6_TB_0	353.5758
layer_6_TB_1	354.5986
layer_6_TB_2	354.5986
layer_6_TB_3	353.5758
layer_6_TB_4	354.9158
layer_6_TB_5	356.0680
layer_6_TB_6	356.0680
layer_6_TB_7	354.9158
layer_6_TB_8	353.8115
layer_6_TB_9	354.9501
layer_6_TB_10	354.9501
layer_6_TB_11	353.8115
layer_6_TB_12	352.2952
layer_6_TB_13	353.2911
layer_6_TB_14	353.2911
layer_6_TB_15	352.2952
layer_7_B_16	353.0631
layer_7_B_17	354.1032
layer_7_B_18	354.1032
layer_7_B_19	353.0631
layer_7_B_20	354.4490
layer_7_B_21	355.6226
layer_7_B_22	355.6226
layer_7_B_23	354.4490
layer_7_B_24	353.3430
layer_7_B_25	354.5032
layer_7_B_26	354.5032
layer_7_B_27	353.3430
layer_7_B_28	351.7954
layer_7_B_29	352.8089
layer_7_B_30	352.8089
layer_7_B_31	351.7954
layer_8_TB_0	352.2988
layer_8_TB_1	353.3643
layer_8_TB_2	353.3643
layer_8_TB_3	352.2988
layer_8_TB_4	353.7694
layer_8_TB_5	354.9754
layer_8_TB_6	354.9754
layer_8_TB_7	353.7694
layer_8_TB_8	352.6255
layer_8_TB_9	353.8181
layer_8_TB_10	353.8181
layer_8_TB_11	352.6255
layer_8_TB_12	351.0644
layer_8_TB_13	352.1032
layer_8_TB_14	352.1032
layer_8_TB_15	351.0644
layer_9_B_32	351.5343
layer_9_B_33	352.6253
layer_9_B_34	352.6253
layer_9_B_35	351.5343
layer_9_B_36	353.0900
layer_9_B_37	354.3285
layer_9_B_38	354.3285
layer_9_B_39	353.0900
layer_9_B_40	351.9080
layer_9_B_41	353.1331
layer_9_B_42	353.1331
layer_9_B_43	351.9080
layer_9_B_44	350.3331
layer_9_B_45	351.3975
layer_9_B_46	351.3975
layer_9_B_47	350.3331
layer_10_TB_0	350.5288
layer_10_TB_1	351.6539
layer_10_TB_2	351.6539
layer_10_TB_3	350.5288
layer_10_TB_4	352.0634
layer_10_TB_5	353.3458
layer_10_TB_6	353.3458
layer_10_TB_7	352.0634
layer_10_TB_8	350.9516
layer_10_TB_9	352.2205
layer_10_TB_10	352.2205
layer_10_TB_11	350.9516
layer_10_TB_12	349.3737
layer_10_TB_13	350.4720
layer_10_TB_14	350.4720
layer_10_TB_15	349.3737
layer_11_B_48	349.5230
layer_11_B_49	350.6824
layer_11_B_50	350.6824
layer_11_B_51	349.5230
layer_11_B_52	351.0369
layer_11_B_53	352.3635
layer_11_B_54	352.3635
layer_11_B_55	351.0369
layer_11_B_56	349.9951
layer_11_B_57	351.3081
layer_11_B_58	351.3081
layer_11_B_59	349.9951
layer_11_B_60	348.4141
layer_11_B_61	349.5464
layer_11_B_62	349.5464
layer_11_B_63	348.4141
layer_12_TB_0	348.2731
layer_12_TB_1	349.4757
layer_12_TB_2	349.4757
layer_12_TB_3	348.2731
layer_12_TB_4	349.8094
layer_12_TB_5	351.1922
layer_12_TB_6	351.1922
layer_12_TB_7	349.8094
layer_12_TB_8	348.8183
layer_12_TB_9	350.1872
layer_12_TB_10	350.1872
layer_12_TB_11	348.8183
layer_12_TB_12	347.2204
layer_12_TB_13	348.3953
layer_12_TB_14	348.3953
layer_12_TB_15	347.2204
layer_13_B_64	347.0230
layer_13_B_65	348.2689
layer_13_B_66	348.2689
layer_13_B_67	347.0230
layer_13_B_68	348.5821
layer_13_B_69	350.0214
layer_13_B_70	350.0214
layer_13_B_71	348.5821
layer_13_B_72	347.6413
layer_13_B_73	349.0664
layer_13_B_74	349.0664
layer_13_B_75	347.6413
layer_13_B_76	346.0266
layer_13_B_77	347.2443
layer_13_B_78	347.2443
layer_13_B_79	346.0266
layer_14_TB_0	345.5382
layer_14_TB_1	346.8367
layer_14_TB_2	346.8367
layer_14_TB_3	345.5382
layer_14_TB_4	347.1433
layer_14_TB_5	348.6522
layer_14_TB_6	348.6522
layer_14_TB_7	347.1433
layer_14_TB_8	346.2669
layer_14_TB_9	347.7610
layer_14_TB_10	347.7610
layer_14_TB_11	346.2669
layer_14_TB_12	344.6086
layer_14_TB_13	345.8781
layer_14_TB_14	345.8781
layer_14_TB_15	344.6086
layer_15_B_80	344.0531
layer_15_B_81	345.4045
layer_15_B_82	345.4045
layer_15_B_83	344.0531
layer_15_B_84	345.7047
layer_15_B_85	347.2833
layer_15_B_86	347.2833
layer_15_B_87	345.7047
layer_15_B_88	344.8925
layer_15_B_89	346.4558
layer_15_B_90	346.4558
layer_15_B_91	344.8925
layer_15_B_92	343.1904
layer_15_B_93	344.5119
layer_15_B_94	344.5119
layer_15_B_95	343.1904
layer_16_TB_0	342.3359
layer_16_TB_1	343.7499
layer_16_TB_2	343.7499
layer_16_TB_3	342.3359
layer_16_TB_4	344.0717
layer_16_TB_5	345.7340
layer_16_TB_6	345.7340
layer_16_TB_7	344.0717
layer_16_TB_8	343.2902
layer_16_TB_9	344.9365
layer_16_TB_10	344.9365
layer_16_TB_11	343.2902
layer_16_TB_12	341.5595
layer_16_TB_13	342.9425
layer_16_TB_14	342.9425
layer_16_TB_15	341.5595
layer_17_B_96	340.6184
layer_17_B_97	342.0953
layer_17_B_98	342.0953
layer_17_B_99	340.6184
layer_17_B_100	342.4387
layer_17_B_101	344.1851
layer_17_B_102	344.1851
layer_17_B_103	342.4387
layer_17_B_104	341.6878
layer_17_B_105	343.4175
layer_17_B_106	343.4175
layer_17_B_107	341.6878
layer_17_B_108	339.9283
layer_17_B_109	341.3730
layer_17_B_110	341.3730
layer_17_B_111	339.9283
layer_18_TB_0	338.6839
layer_18_TB_1	340.2338
layer_18_TB_2	340.2338
layer_18_TB_3	338.6839
layer_18_TB_4	340.4793
layer_18_TB_5	342.3249
layer_18_TB_6	342.3249
layer_18_TB_7	340.4793
layer_18_TB_8	339.8723
layer_18_TB_9	341.7002
layer_18_TB_10	341.7002
layer_18_TB_11	339.8723
layer_18_TB_12	338.0913
layer_18_TB_13	339.6076
layer_18_TB_14	339.6076
layer_18_TB_15	338.0913
layer_19_B_112	336.7491
layer_19_B_113	338.3723
layer_19_B_114	338.3723
layer_19_B_115	336.7491
layer_19_B_116	338.5200
layer_19_B_117	340.4650
layer_19_B_118	340.4650
layer_19_B_119	338.5200
layer_19_B_120	338.0567
layer_19_B_121	339.9832
layer_19_B_122	339.9832
layer_19_B_123	338.0567
layer_19_B_124	336.2540
layer_19_B_125	337.8422
layer_19_B_126	337.8422
layer_19_B_127	336.2540
layer_20_TB_0	334.5983
layer_20_TB_1	336.3055
layer_20_TB_2	336.3055
layer_20_TB_3	334.5983
layer_20_TB_4	336.3822
layer_20_TB_5	338.4430
layer_20_TB_6	338.4430
layer_20_TB_7	336.3822
layer_20_TB_8	336.0508
layer_20_TB_9	338.0920
layer_20_TB_10	338.0920
layer_20_TB_11	336.0508
layer_20_TB_12	334.2084
layer_20_TB_13	335.8787
layer_20_TB_14	335.8787
layer_20_TB_15	334.2084
hsp_TB_0	331.6650
hsp_TB_1	333.4871
hsp_TB_2	333.4871
hsp_TB_3	331.6650
hsp_TB_4	333.4670
hsp_TB_5	335.6862
hsp_TB_6	335.6862
hsp_TB_7	333.4670
hsp_TB_8	333.3155
hsp_TB_9	335.5134
hsp_TB_10	335.5134
hsp_TB_11	333.3155
hsp_TB_12	331.4185
hsp_TB_13	333.2013
hsp_TB_14	333.2013
hsp_TB_15	331.4185
hsink_TB_0	322.5280
hsink_TB_1	322.5661
hsink_TB_2	322.5661
hsink_TB_3	322.5280
hsink_TB_4	322.5615
hsink_TB_5	322.6084
hsink_TB_6	322.6084
hsink_TB_7	322.5615
hsink_TB_8	322.5572
hsink_TB_9	322.6032
hsink_TB_10	322.6032
hsink_TB_11	322.5572
hsink_TB_12	322.5151
hsink_TB_13	322.5510
hsink_TB_14	322.5510
hsink_TB_15	322.5151
inode_0	322.4903
inode_1	322.4903
inode_2	322.4672
inode_3	322.5060
inode_4	322.3778
inode_5	322.3778
inode_6	322.3563
inode_7	322.3924
inode_8	321.6216
inode_9	321.6216
inode_10	321.6039
inode_11	321.6336
inode_12	351.1981
inode_13	351.1981
inode_14	351.0270
inode_15	351.3174
inode_16	351.0940
inode_17	351.0940
inode_18	350.9429
inode_19	351.2043
inode_20	346.2224
inode_21	346.2224
inode_22	346.1626
inode_23	346.2721
inode_24	335.2164
inode_25	335.2164
inode_26	335.1801
inode_27	335.2466
