pcb_LC_0	341.7236
pcb_LC_1	342.1950
pcb_LC_2	342.1950
pcb_LC_3	341.7236
pcb_LC_4	342.1950
pcb_LC_5	343.0434
pcb_LC_6	343.0434
pcb_LC_7	342.1950
pcb_LC_8	342.1950
pcb_LC_9	343.0434
pcb_LC_10	343.0434
pcb_LC_11	342.1950
pcb_LC_12	341.7236
pcb_LC_13	342.1950
pcb_LC_14	342.1950
pcb_LC_15	341.7236
solder_LC_0	344.9574
solder_LC_1	345.1006
solder_LC_2	345.1006
solder_LC_3	344.9574
solder_LC_4	345.1006
solder_LC_5	345.3765
solder_LC_6	345.3765
solder_LC_7	345.1006
solder_LC_8	345.1006
solder_LC_9	345.3765
solder_LC_10	345.3765
solder_LC_11	345.1006
solder_LC_12	344.9574
solder_LC_13	345.1006
solder_LC_14	345.1006
solder_LC_15	344.9574
sub_LC_0	346.2027
sub_LC_1	346.6338
sub_LC_2	346.6338
sub_LC_3	346.2027
sub_LC_4	346.6338
sub_LC_5	347.1748
sub_LC_6	347.1748
sub_LC_7	346.6338
sub_LC_8	346.6338
sub_LC_9	347.1748
sub_LC_10	347.1748
sub_LC_11	346.6338
sub_LC_12	346.2027
sub_LC_13	346.6338
sub_LC_14	346.6338
sub_LC_15	346.2027
layer_3_LC_0	347.3601
layer_3_LC_1	348.1284
layer_3_LC_2	348.1284
layer_3_LC_3	347.3601
layer_3_LC_4	348.1284
layer_3_LC_5	348.9958
layer_3_LC_6	348.9958
layer_3_LC_7	348.1284
layer_3_LC_8	348.1284
layer_3_LC_9	348.9958
layer_3_LC_10	348.9958
layer_3_LC_11	348.1284
layer_3_LC_12	347.3601
layer_3_LC_13	348.1284
layer_3_LC_14	348.1284
layer_3_LC_15	347.3601
layer_4_TB_0	347.1361
layer_4_TB_1	347.9127
layer_4_TB_2	347.9127
layer_4_TB_3	347.1361
layer_4_TB_4	347.9127
layer_4_TB_5	348.7898
layer_4_TB_6	348.7898
layer_4_TB_7	347.9127
layer_4_TB_8	347.9127
layer_4_TB_9	348.7898
layer_4_TB_10	348.7898
layer_4_TB_11	347.9127
layer_4_TB_12	347.1361
layer_4_TB_13	347.9127
layer_4_TB_14	347.9127
layer_4_TB_15	347.1361
layer_5_B_0	346.9120
layer_5_B_1	347.6970
layer_5_B_2	347.6970
layer_5_B_3	346.9120
layer_5_B_4	347.6970
layer_5_B_5	348.5840
layer_5_B_6	348.5840
layer_5_B_7	347.6970
layer_5_B_8	347.6970
layer_5_B_9	348.5840
layer_5_B_10	348.5840
layer_5_B_11	347.6970
layer_5_B_12	346.9120
layer_5_B_13	347.6970
layer_5_B_14	347.6970
layer_5_B_15	346.9120
layer_6_TB_0	346.4904
layer_6_TB_1	347.2900
layer_6_TB_2	347.2900
layer_6_TB_3	346.4904
layer_6_TB_4	347.2900
layer_6_TB_5	348.1953
layer_6_TB_6	348.1953
layer_6_TB_7	347.2900
layer_6_TB_8	347.2900
layer_6_TB_9	348.1953
layer_6_TB_10	348.1953
layer_6_TB_11	347.2900
layer_6_TB_12	346.4904
layer_6_TB_13	347.2900
layer_6_TB_14	347.2900
layer_6_TB_15	346.4904
layer_7_B_16	346.0686
layer_7_B_17	346.8831
layer_7_B_18	346.8831
layer_7_B_19	346.0686
layer_7_B_20	346.8831
layer_7_B_21	347.8067
layer_7_B_22	347.8067
layer_7_B_23	346.8831
layer_7_B_24	346.8831
layer_7_B_25	347.8067
layer_7_B_26	347.8067
layer_7_B_27	346.8831
layer_7_B_28	346.0686
layer_7_B_29	346.8831
layer_7_B_30	346.8831
layer_7_B_31	346.0686
layer_8_TB_0	345.4511
layer_8_TB_1	346.2868
layer_8_TB_2	346.2868
layer_8_TB_3	345.4511
layer_8_TB_4	346.2868
layer_8_TB_5	347.2374
layer_8_TB_6	347.2374
layer_8_TB_7	346.2868
layer_8_TB_8	346.2868
layer_8_TB_9	347.2374
layer_8_TB_10	347.2374
layer_8_TB_11	346.2868
layer_8_TB_12	345.4511
layer_8_TB_13	346.2868
layer_8_TB_14	346.2868
layer_8_TB_15	345.4511
layer_9_B_32	344.8334
layer_9_B_33	345.6906
layer_9_B_34	345.6906
layer_9_B_35	344.8334
layer_9_B_36	345.6906
layer_9_B_37	346.6683
layer_9_B_38	346.6683
layer_9_B_39	345.6906
layer_9_B_40	345.6906
layer_9_B_41	346.6683
layer_9_B_42	346.6683
layer_9_B_43	345.6906
layer_9_B_44	344.8334
layer_9_B_45	345.6906
layer_9_B_46	345.6906
layer_9_B_47	344.8334
layer_10_TB_0	344.0224
layer_10_TB_1	344.9078
layer_10_TB_2	344.9078
layer_10_TB_3	344.0224
layer_10_TB_4	344.9078
layer_10_TB_5	345.9218
layer_10_TB_6	345.9218
layer_10_TB_7	344.9078
layer_10_TB_8	344.9078
layer_10_TB_9	345.9218
layer_10_TB_10	345.9218
layer_10_TB_11	344.9078
layer_10_TB_12	344.0224
layer_10_TB_13	344.9078
layer_10_TB_14	344.9078
layer_10_TB_15	344.0224
layer_11_B_48	343.2113
layer_11_B_49	344.1250
layer_11_B_50	344.1250
layer_11_B_51	343.2113
layer_11_B_52	344.1250
layer_11_B_53	345.1754
layer_11_B_54	345.1754
layer_11_B_55	344.1250
layer_11_B_56	344.1250
layer_11_B_57	345.1754
layer_11_B_58	345.1754
layer_11_B_59	344.1250
layer_11_B_60	343.2113
layer_11_B_61	344.1250
layer_11_B_62	344.1250
layer_11_B_63	343.2113
layer_12_TB_0	342.2103
layer_12_TB_1	343.1593
layer_12_TB_2	343.1593
layer_12_TB_3	342.2103
layer_12_TB_4	343.1593
layer_12_TB_5	344.2556
layer_12_TB_6	344.2556
layer_12_TB_7	343.1593
layer_12_TB_8	343.1593
layer_12_TB_9	344.2556
layer_12_TB_10	344.2556
layer_12_TB_11	343.1593
layer_12_TB_12	342.2103
layer_12_TB_13	343.1593
layer_12_TB_14	343.1593
layer_12_TB_15	342.2103
layer_13_B_64	341.2090
layer_13_B_65	342.1935
layer_13_B_66	342.1935
layer_13_B_67	341.2090
layer_13_B_68	342.1935
layer_13_B_69	343.3361
layer_13_B_70	343.3361
layer_13_B_71	342.1935
layer_13_B_72	342.1935
layer_13_B_73	343.3361
layer_13_B_74	343.3361
layer_13_B_75	342.1935
layer_13_B_76	341.2090
layer_13_B_77	342.1935
layer_13_B_78	342.1935
layer_13_B_79	341.2090
layer_14_TB_0	340.0217
layer_14_TB_1	341.0492
layer_14_TB_2	341.0492
layer_14_TB_3	340.0217
layer_14_TB_4	341.0492
layer_14_TB_5	342.2483
layer_14_TB_6	342.2483
layer_14_TB_7	341.0492
layer_14_TB_8	341.0492
layer_14_TB_9	342.2483
layer_14_TB_10	342.2483
layer_14_TB_11	341.0492
layer_14_TB_12	340.0217
layer_14_TB_13	341.0492
layer_14_TB_14	341.0492
layer_14_TB_15	340.0217
layer_15_B_80	338.8343
layer_15_B_81	339.9048
layer_15_B_82	339.9048
layer_15_B_83	338.8343
layer_15_B_84	339.9048
layer_15_B_85	341.1608
layer_15_B_86	341.1608
layer_15_B_87	339.9048
layer_15_B_88	339.9048
layer_15_B_89	341.1608
layer_15_B_90	341.1608
layer_15_B_91	339.9048
layer_15_B_92	338.8343
layer_15_B_93	339.9048
layer_15_B_94	339.9048
layer_15_B_95	338.8343
layer_16_TB_0	337.4656
layer_16_TB_1	338.5869
layer_16_TB_2	338.5869
layer_16_TB_3	337.4656
layer_16_TB_4	338.5869
layer_16_TB_5	339.9109
layer_16_TB_6	339.9109
layer_16_TB_7	338.5869
layer_16_TB_8	338.5869
layer_16_TB_9	339.9109
layer_16_TB_10	339.9109
layer_16_TB_11	338.5869
layer_16_TB_12	337.4656
layer_16_TB_13	338.5869
layer_16_TB_14	338.5869
layer_16_TB_15	337.4656
layer_17_B_96	336.0967
layer_17_B_97	337.2690
layer_17_B_98	337.2690
layer_17_B_99	336.0967
layer_17_B_100	337.2690
layer_17_B_101	338.6612
layer_17_B_102	338.6612
layer_17_B_103	337.2690
layer_17_B_104	337.2690
layer_17_B_105	338.6612
layer_17_B_106	338.6612
layer_17_B_107	337.2690
layer_17_B_108	336.0967
layer_17_B_109	337.2690
layer_17_B_110	337.2690
layer_17_B_111	336.0967
layer_18_TB_0	334.5518
layer_18_TB_1	335.7834
layer_18_TB_2	335.7834
layer_18_TB_3	334.5518
layer_18_TB_4	335.7834
layer_18_TB_5	337.2558
layer_18_TB_6	337.2558
layer_18_TB_7	335.7834
layer_18_TB_8	335.7834
layer_18_TB_9	337.2558
layer_18_TB_10	337.2558
layer_18_TB_11	335.7834
layer_18_TB_12	334.5518
layer_18_TB_13	335.7834
layer_18_TB_14	335.7834
layer_18_TB_15	334.5518
layer_19_B_112	333.0067
layer_19_B_113	334.2977
layer_19_B_114	334.2977
layer_19_B_115	333.0067
layer_19_B_116	334.2977
layer_19_B_117	335.8507
layer_19_B_118	335.8507
layer_19_B_119	334.2977
layer_19_B_120	334.2977
layer_19_B_121	335.8507
layer_19_B_122	335.8507
layer_19_B_123	334.2977
layer_19_B_124	333.0067
layer_19_B_125	334.2977
layer_19_B_126	334.2977
layer_19_B_127	333.0067
layer_20_TB_0	331.2915
layer_20_TB_1	332.6505
layer_20_TB_2	332.6505
layer_20_TB_3	331.2915
layer_20_TB_4	332.6505
layer_20_TB_5	334.2972
layer_20_TB_6	334.2972
layer_20_TB_7	332.6505
layer_20_TB_8	332.6505
layer_20_TB_9	334.2972
layer_20_TB_10	334.2972
layer_20_TB_11	332.6505
layer_20_TB_12	331.2915
layer_20_TB_13	332.6505
layer_20_TB_14	332.6505
layer_20_TB_15	331.2915
hsp_TB_0	328.9525
hsp_TB_1	330.4043
hsp_TB_2	330.4043
hsp_TB_3	328.9525
hsp_TB_4	330.4043
hsp_TB_5	332.1791
hsp_TB_6	332.1791
hsp_TB_7	330.4043
hsp_TB_8	330.4043
hsp_TB_9	332.1791
hsp_TB_10	332.1791
hsp_TB_11	330.4043
hsp_TB_12	328.9525
hsp_TB_13	330.4043
hsp_TB_14	330.4043
hsp_TB_15	328.9525
hsink_TB_0	321.6737
hsink_TB_1	321.7037
hsink_TB_2	321.7037
hsink_TB_3	321.6737
hsink_TB_4	321.7037
hsink_TB_5	321.7413
hsink_TB_6	321.7413
hsink_TB_7	321.7037
hsink_TB_8	321.7037
hsink_TB_9	321.7413
hsink_TB_10	321.7413
hsink_TB_11	321.7037
hsink_TB_12	321.6737
hsink_TB_13	321.7037
hsink_TB_14	321.7037
hsink_TB_15	321.6737
inode_0	321.6472
inode_1	321.6472
inode_2	321.6472
inode_3	321.6472
inode_4	321.5566
inode_5	321.5566
inode_6	321.5566
inode_7	321.5566
inode_8	320.9473
inode_9	320.9473
inode_10	320.9473
inode_11	320.9473
inode_12	344.9436
inode_13	344.9436
inode_14	344.9436
inode_15	344.9436
inode_16	344.8590
inode_17	344.8590
inode_18	344.8590
inode_19	344.8590
inode_20	340.9094
inode_21	340.9094
inode_22	340.9094
inode_23	340.9094
inode_24	331.9864
inode_25	331.9864
inode_26	331.9864
inode_27	331.9864
