pcb_LC_0	349.2641
pcb_LC_1	349.8870
pcb_LC_2	349.8870
pcb_LC_3	349.2641
pcb_LC_4	349.8868
pcb_LC_5	351.0080
pcb_LC_6	351.0080
pcb_LC_7	349.8868
pcb_LC_8	349.8871
pcb_LC_9	351.0086
pcb_LC_10	351.0086
pcb_LC_11	349.8871
pcb_LC_12	349.2649
pcb_LC_13	349.8883
pcb_LC_14	349.8883
pcb_LC_15	349.2649
solder_LC_0	353.5295
solder_LC_1	353.7224
solder_LC_2	353.7224
solder_LC_3	353.5295
solder_LC_4	353.7202
solder_LC_5	354.0910
solder_LC_6	354.0910
solder_LC_7	353.7202
solder_LC_8	353.7212
solder_LC_9	354.0926
solder_LC_10	354.0926
solder_LC_11	353.7212
solder_LC_12	353.5319
solder_LC_13	353.7258
solder_LC_14	353.7258
solder_LC_15	353.5319
sub_LC_0	355.1534
sub_LC_1	355.7522
sub_LC_2	355.7522
sub_LC_3	355.1534
sub_LC_4	355.7334
sub_LC_5	356.4829
sub_LC_6	356.4829
sub_LC_7	355.7334
sub_LC_8	355.7378
sub_LC_9	356.4877
sub_LC_10	356.4877
sub_LC_11	355.7378
sub_LC_12	355.1622
sub_LC_13	355.7619
sub_LC_14	355.7619
sub_LC_15	355.1622
layer_3_LC_0	356.6502
layer_3_LC_1	357.7343
layer_3_LC_2	357.7343
layer_3_LC_3	356.6502
layer_3_LC_4	357.6894
layer_3_LC_5	358.9131
layer_3_LC_6	358.9131
layer_3_LC_7	357.6894
layer_3_LC_8	357.6981
layer_3_LC_9	358.9221
layer_3_LC_10	358.9221
layer_3_LC_11	357.6981
layer_3_LC_12	356.6667
layer_3_LC_13	357.7512
layer_3_LC_14	357.7512
layer_3_LC_15	356.6667
layer_4_TB_0	356.3756
layer_4_TB_1	357.4692
layer_4_TB_2	357.4692
layer_4_TB_3	356.3756
layer_4_TB_4	357.4236
layer_4_TB_5	358.6585
layer_4_TB_6	358.6585
layer_4_TB_7	357.4236
layer_4_TB_8	357.4324
layer_4_TB_9	358.6675
layer_4_TB_10	358.6675
layer_4_TB_11	357.4324
layer_4_TB_12	356.3921
layer_4_TB_13	357.4861
layer_4_TB_14	357.4861
layer_4_TB_15	356.3921
layer_5_B_0	356.1008
layer_5_B_1	357.2040
layer_5_B_2	357.2040
layer_5_B_3	356.1008
layer_5_B_4	357.1578
layer_5_B_5	358.4040
layer_5_B_6	358.4040
layer_5_B_7	357.1578
layer_5_B_8	357.1666
layer_5_B_9	358.4131
layer_5_B_10	358.4131
layer_5_B_11	357.1666
layer_5_B_12	356.1173
layer_5_B_13	357.2209
layer_5_B_14	357.2209
layer_5_B_15	356.1173
layer_6_TB_0	355.6028
layer_6_TB_1	356.7243
layer_6_TB_2	356.7243
layer_6_TB_3	355.6028
layer_6_TB_4	356.6769
layer_6_TB_5	357.9461
layer_6_TB_6	357.9461
layer_6_TB_7	356.6769
layer_6_TB_8	356.6859
layer_6_TB_9	357.9552
layer_6_TB_10	357.9552
layer_6_TB_11	356.6859
layer_6_TB_12	355.6193
layer_6_TB_13	356.7412
layer_6_TB_14	356.7412
layer_6_TB_15	355.6193
layer_7_B_16	355.1045
layer_7_B_17	356.2447
layer_7_B_18	356.2447
layer_7_B_19	355.1045
layer_7_B_20	356.1960
layer_7_B_21	357.4884
layer_7_B_22	357.4884
layer_7_B_23	356.1960
layer_7_B_24	356.2051
layer_7_B_25	357.4976
layer_7_B_26	357.4976
layer_7_B_27	356.2051
layer_7_B_28	355.1210
layer_7_B_29	356.2616
layer_7_B_30	356.2616
layer_7_B_31	355.1210
layer_8_TB_0	354.3852
layer_8_TB_1	355.5529
layer_8_TB_2	355.5529
layer_8_TB_3	354.3852
layer_8_TB_4	355.5025
layer_8_TB_5	356.8300
layer_8_TB_6	356.8300
layer_8_TB_7	355.5025
layer_8_TB_8	355.5117
layer_8_TB_9	356.8393
layer_8_TB_10	356.8393
layer_8_TB_11	355.5117
layer_8_TB_12	354.4017
layer_8_TB_13	355.5698
layer_8_TB_14	355.5698
layer_8_TB_15	354.4017
layer_9_B_32	353.6657
layer_9_B_33	354.8611
layer_9_B_34	354.8611
layer_9_B_35	353.6657
layer_9_B_36	354.8089
layer_9_B_37	356.1717
layer_9_B_38	356.1717
layer_9_B_39	354.8089
layer_9_B_40	354.8183
layer_9_B_41	356.1813
layer_9_B_42	356.1813
layer_9_B_43	354.8183
layer_9_B_44	353.6822
layer_9_B_45	354.8780
layer_9_B_46	354.8780
layer_9_B_47	353.6822
layer_10_TB_0	352.7282
layer_10_TB_1	353.9607
layer_10_TB_2	353.9607
layer_10_TB_3	352.7282
layer_10_TB_4	353.9060
layer_10_TB_5	355.3166
layer_10_TB_6	355.3166
layer_10_TB_7	353.9060
layer_10_TB_8	353.9156
layer_10_TB_9	355.3264
layer_10_TB_10	355.3264
layer_10_TB_11	353.9156
layer_10_TB_12	352.7447
layer_10_TB_13	353.9776
layer_10_TB_14	353.9776
layer_10_TB_15	352.7447
layer_11_B_48	351.7906
layer_11_B_49	353.0603
layer_11_B_50	353.0603
layer_11_B_51	351.7906
layer_11_B_52	353.0031
layer_11_B_53	354.4618
layer_11_B_54	354.4618
layer_11_B_55	353.0031
layer_11_B_56	353.0129
layer_11_B_57	354.4718
layer_11_B_58	354.4718
layer_11_B_59	353.0129
layer_11_B_60	351.8071
layer_11_B_61	353.0771
layer_11_B_62	353.0771
layer_11_B_63	351.8071
layer_12_TB_0	350.4352
layer_12_TB_1	351.7517
layer_12_TB_2	351.7517
layer_12_TB_3	350.4352
layer_12_TB_4	351.6989
layer_12_TB_5	353.2189
layer_12_TB_6	353.2189
layer_12_TB_7	351.6989
layer_12_TB_8	351.7080
layer_12_TB_9	353.2282
layer_12_TB_10	353.2282
layer_12_TB_11	351.7080
layer_12_TB_12	350.4507
layer_12_TB_13	351.7676
layer_12_TB_14	351.7676
layer_12_TB_15	350.4507
layer_13_B_64	349.0796
layer_13_B_65	350.4432
layer_13_B_66	350.4432
layer_13_B_67	349.0796
layer_13_B_68	350.3946
layer_13_B_69	351.9762
layer_13_B_70	351.9762
layer_13_B_71	350.3946
layer_13_B_72	350.4031
layer_13_B_73	351.9849
layer_13_B_74	351.9849
layer_13_B_75	350.4031
layer_13_B_76	349.0941
layer_13_B_77	350.4581
layer_13_B_78	350.4581
layer_13_B_79	349.0941
layer_14_TB_0	347.5158
layer_14_TB_1	348.9366
layer_14_TB_2	348.9366
layer_14_TB_3	347.5158
layer_14_TB_4	348.8917
layer_14_TB_5	350.5490
layer_14_TB_6	350.5490
layer_14_TB_7	348.8917
layer_14_TB_8	348.8996
layer_14_TB_9	350.5571
layer_14_TB_10	350.5571
layer_14_TB_11	348.8996
layer_14_TB_12	347.5294
layer_14_TB_13	348.9506
layer_14_TB_14	348.9506
layer_14_TB_15	347.5294
layer_15_B_80	345.9518
layer_15_B_81	347.4300
layer_15_B_82	347.4300
layer_15_B_83	345.9518
layer_15_B_84	347.3887
layer_15_B_85	349.1221
layer_15_B_86	349.1221
layer_15_B_87	347.3887
layer_15_B_88	347.3961
layer_15_B_89	349.1296
layer_15_B_90	349.1296
layer_15_B_91	347.3961
layer_15_B_92	345.9644
layer_15_B_93	347.4430
layer_15_B_94	347.4430
layer_15_B_95	345.9644
layer_16_TB_0	344.1862
layer_16_TB_1	345.7324
layer_16_TB_2	345.7324
layer_16_TB_3	344.1862
layer_16_TB_4	345.6942
layer_16_TB_5	347.5188
layer_16_TB_6	347.5188
layer_16_TB_7	345.6942
layer_16_TB_8	345.7010
layer_16_TB_9	347.5259
layer_16_TB_10	347.5259
layer_16_TB_11	345.7010
layer_16_TB_12	344.1978
layer_16_TB_13	345.7444
layer_16_TB_14	345.7444
layer_16_TB_15	344.1978
layer_17_B_96	342.4203
layer_17_B_97	344.0348
layer_17_B_98	344.0348
layer_17_B_99	342.4203
layer_17_B_100	343.9997
layer_17_B_101	345.9159
layer_17_B_102	345.9159
layer_17_B_103	343.9997
layer_17_B_104	344.0060
layer_17_B_105	345.9224
layer_17_B_106	345.9224
layer_17_B_107	344.0060
layer_17_B_108	342.4309
layer_17_B_109	344.0458
layer_17_B_110	344.0458
layer_17_B_111	342.4309
layer_18_TB_0	340.4601
layer_18_TB_1	342.1539
layer_18_TB_2	342.1539
layer_18_TB_3	340.4601
layer_18_TB_4	342.1214
layer_18_TB_5	344.1457
layer_18_TB_6	344.1457
layer_18_TB_7	342.1214
layer_18_TB_8	342.1272
layer_18_TB_9	344.1518
layer_18_TB_10	344.1518
layer_18_TB_11	342.1272
layer_18_TB_12	340.4696
layer_18_TB_13	342.1640
layer_18_TB_14	342.1640
layer_18_TB_15	340.4696
layer_19_B_112	338.4995
layer_19_B_113	340.2730
layer_19_B_114	340.2730
layer_19_B_115	338.4995
layer_19_B_116	340.2431
layer_19_B_117	342.3758
layer_19_B_118	342.3758
layer_19_B_119	340.2431
layer_19_B_120	340.2484
layer_19_B_121	342.3814
layer_19_B_122	342.3814
layer_19_B_123	340.2484
layer_19_B_124	338.5080
layer_19_B_125	340.2821
layer_19_B_126	340.2821
layer_19_B_127	338.5080
layer_20_TB_0	336.1486
layer_20_TB_1	338.0133
layer_20_TB_2	338.0133
layer_20_TB_3	336.1486
layer_20_TB_4	337.9931
layer_20_TB_5	340.2520
layer_20_TB_6	340.2520
layer_20_TB_7	337.9931
layer_20_TB_8	337.9971
layer_20_TB_9	340.2562
layer_20_TB_10	340.2562
layer_20_TB_11	337.9971
layer_20_TB_12	336.1552
layer_20_TB_13	338.0205
layer_20_TB_14	338.0205
layer_20_TB_15	336.1552
hsp_TB_0	332.9424
hsp_TB_1	334.9319
hsp_TB_2	334.9319
hsp_TB_3	332.9424
hsp_TB_4	334.9250
hsp_TB_5	337.3564
hsp_TB_6	337.3564
hsp_TB_7	334.9250
hsp_TB_8	334.9270
hsp_TB_9	337.3588
hsp_TB_10	337.3588
hsp_TB_11	334.9270
hsp_TB_12	332.9463
hsp_TB_13	334.9364
hsp_TB_14	334.9364
hsp_TB_15	332.9463
hsink_TB_0	322.9753
hsink_TB_1	323.0165
hsink_TB_2	323.0165
hsink_TB_3	322.9753
hsink_TB_4	323.0164
hsink_TB_5	323.0680
hsink_TB_6	323.0680
hsink_TB_7	323.0164
hsink_TB_8	323.0165
hsink_TB_9	323.0681
hsink_TB_10	323.0681
hsink_TB_11	323.0165
hsink_TB_12	322.9755
hsink_TB_13	323.0167
hsink_TB_14	323.0167
hsink_TB_15	322.9755
inode_0	322.9389
inode_1	322.9389
inode_2	322.9399
inode_3	322.9392
inode_4	322.8149
inode_5	322.8149
inode_6	322.8158
inode_7	322.8152
inode_8	321.9804
inode_9	321.9804
inode_10	321.9812
inode_11	321.9807
inode_12	353.5104
inode_13	353.5104
inode_14	353.5154
inode_15	353.5119
inode_16	353.3998
inode_17	353.3998
inode_18	353.4039
inode_19	353.4008
inode_20	348.1893
inode_21	348.1893
inode_22	348.1906
inode_23	348.1893
inode_24	336.4122
inode_25	336.4122
inode_26	336.4130
inode_27	336.4122
