pcb_LC_0	508.5852
pcb_LC_1	512.3862
pcb_LC_2	512.3862
pcb_LC_3	508.5852
pcb_LC_4	512.3782
pcb_LC_5	519.2091
pcb_LC_6	519.2091
pcb_LC_7	512.3782
pcb_LC_8	512.3725
pcb_LC_9	519.1989
pcb_LC_10	519.1989
pcb_LC_11	512.3725
pcb_LC_12	508.5696
pcb_LC_13	512.3625
pcb_LC_14	512.3625
pcb_LC_15	508.5696
solder_LC_0	534.7604
solder_LC_1	535.8722
solder_LC_2	535.8722
solder_LC_3	534.7604
solder_LC_4	535.8555
solder_LC_5	537.9866
solder_LC_6	537.9866
solder_LC_7	535.8555
solder_LC_8	535.8385
solder_LC_9	537.9599
solder_LC_10	537.9599
solder_LC_11	535.8385
solder_LC_12	534.7175
solder_LC_13	535.8115
solder_LC_14	535.8115
solder_LC_15	534.7175
sub_LC_0	545.1863
sub_LC_1	548.2926
sub_LC_2	548.2926
sub_LC_3	545.1863
sub_LC_4	548.2719
sub_LC_5	552.1688
sub_LC_6	552.1688
sub_LC_7	548.2719
sub_LC_8	548.2018
sub_LC_9	552.0918
sub_LC_10	552.0918
sub_LC_11	548.2018
sub_LC_12	545.0239
sub_LC_13	548.1163
sub_LC_14	548.1163
sub_LC_15	545.0239
layer_3_LC_0	555.1054
layer_3_LC_1	560.4268
layer_3_LC_2	560.4268
layer_3_LC_3	555.1054
layer_3_LC_4	560.4113
layer_3_LC_5	566.3844
layer_3_LC_6	566.3844
layer_3_LC_7	560.4113
layer_3_LC_8	560.2791
layer_3_LC_9	566.2508
layer_3_LC_10	566.2508
layer_3_LC_11	560.2791
layer_3_LC_12	554.7967
layer_3_LC_13	560.1152
layer_3_LC_14	560.1152
layer_3_LC_15	554.7967
layer_4_TB_0	550.0892
layer_4_TB_1	555.4751
layer_4_TB_2	555.4751
layer_4_TB_3	550.0892
layer_4_TB_4	555.4605
layer_4_TB_5	561.5114
layer_4_TB_6	561.5114
layer_4_TB_7	555.4605
layer_4_TB_8	555.3274
layer_4_TB_9	561.3769
layer_4_TB_10	561.3769
layer_4_TB_11	555.3274
layer_4_TB_12	549.7790
layer_4_TB_13	555.1619
layer_4_TB_14	555.1619
layer_4_TB_15	549.7790
layer_5_B_0	545.0720
layer_5_B_1	550.5234
layer_5_B_2	550.5234
layer_5_B_3	545.0720
layer_5_B_4	550.5095
layer_5_B_5	556.6395
layer_5_B_6	556.6395
layer_5_B_7	550.5095
layer_5_B_8	550.3756
layer_5_B_9	556.5041
layer_5_B_10	556.5041
layer_5_B_11	550.3756
layer_5_B_12	544.7602
layer_5_B_13	550.2085
layer_5_B_14	550.2085
layer_5_B_15	544.7602
layer_6_TB_0	539.0546
layer_6_TB_1	544.6174
layer_6_TB_2	544.6174
layer_6_TB_3	539.0546
layer_6_TB_4	544.6080
layer_6_TB_5	550.8768
layer_6_TB_6	550.8768
layer_6_TB_7	544.6080
layer_6_TB_8	544.4776
layer_6_TB_9	550.7449
layer_6_TB_10	550.7449
layer_6_TB_11	544.4776
layer_6_TB_12	538.7484
layer_6_TB_13	544.3080
layer_6_TB_14	544.3080
layer_6_TB_15	538.7484
layer_7_B_16	533.0362
layer_7_B_17	538.7113
layer_7_B_18	538.7113
layer_7_B_19	533.0362
layer_7_B_20	538.7064
layer_7_B_21	545.1152
layer_7_B_22	545.1152
layer_7_B_23	538.7064
layer_7_B_24	538.5795
layer_7_B_25	544.9868
layer_7_B_26	544.9868
layer_7_B_27	538.5795
layer_7_B_28	532.7356
layer_7_B_29	538.4074
layer_7_B_30	538.4074
layer_7_B_31	532.7356
layer_8_TB_0	526.0394
layer_8_TB_1	531.8734
layer_8_TB_2	531.8734
layer_8_TB_3	526.0394
layer_8_TB_4	531.8701
layer_8_TB_5	538.4803
layer_8_TB_6	538.4803
layer_8_TB_7	531.8701
layer_8_TB_8	531.7503
layer_8_TB_9	538.3590
layer_8_TB_10	538.3590
layer_8_TB_11	531.7503
layer_8_TB_12	525.7403
layer_8_TB_13	531.5709
layer_8_TB_14	531.5709
layer_8_TB_15	525.7403
layer_9_B_32	519.0414
layer_9_B_33	525.0354
layer_9_B_34	525.0354
layer_9_B_35	519.0414
layer_9_B_36	525.0337
layer_9_B_37	531.8465
layer_9_B_38	531.8465
layer_9_B_39	525.0337
layer_9_B_40	524.9210
layer_9_B_41	531.7322
layer_9_B_42	531.7322
layer_9_B_43	524.9210
layer_9_B_44	518.7439
layer_9_B_45	524.7343
layer_9_B_46	524.7343
layer_9_B_47	518.7439
layer_10_TB_0	511.1000
layer_10_TB_1	517.3013
layer_10_TB_2	517.3013
layer_10_TB_3	511.1000
layer_10_TB_4	517.2946
layer_10_TB_5	524.3737
layer_10_TB_6	524.3737
layer_10_TB_7	517.2946
layer_10_TB_8	517.1891
layer_10_TB_9	524.2666
layer_10_TB_10	524.2666
layer_10_TB_11	517.1891
layer_10_TB_12	510.8083
layer_10_TB_13	517.0058
layer_10_TB_14	517.0058
layer_10_TB_15	510.8083
layer_11_B_48	503.1574
layer_11_B_49	509.5672
layer_11_B_50	509.5672
layer_11_B_51	503.1574
layer_11_B_52	509.5553
layer_11_B_53	516.9022
layer_11_B_54	516.9022
layer_11_B_55	509.5553
layer_11_B_56	509.4571
layer_11_B_57	516.8022
layer_11_B_58	516.8022
layer_11_B_59	509.4571
layer_11_B_60	502.8715
layer_11_B_61	509.2773
layer_11_B_62	509.2773
layer_11_B_63	502.8715
layer_12_TB_0	494.3015
layer_12_TB_1	500.9682
layer_12_TB_2	500.9682
layer_12_TB_3	494.3015
layer_12_TB_4	500.9574
layer_12_TB_5	508.6386
layer_12_TB_6	508.6386
layer_12_TB_7	500.9574
layer_12_TB_8	500.8611
layer_12_TB_9	508.5405
layer_12_TB_10	508.5405
layer_12_TB_11	500.8611
layer_12_TB_12	494.0305
layer_12_TB_13	500.6929
layer_12_TB_14	500.6929
layer_12_TB_15	494.0305
layer_13_B_64	485.4444
layer_13_B_65	492.3691
layer_13_B_66	492.3691
layer_13_B_67	485.4444
layer_13_B_68	492.3593
layer_13_B_69	500.3764
layer_13_B_70	500.3764
layer_13_B_71	492.3593
layer_13_B_72	492.2651
layer_13_B_73	500.2801
layer_13_B_74	500.2801
layer_13_B_75	492.2651
layer_13_B_76	485.1882
layer_13_B_77	492.1083
layer_13_B_78	492.1083
layer_13_B_79	485.1882
layer_14_TB_0	475.7151
layer_14_TB_1	482.9473
layer_14_TB_2	482.9473
layer_14_TB_3	475.7151
layer_14_TB_4	482.9420
layer_14_TB_5	491.3651
layer_14_TB_6	491.3651
layer_14_TB_7	482.9420
layer_14_TB_8	482.8547
layer_14_TB_9	491.2755
layer_14_TB_10	491.2755
layer_14_TB_11	482.8547
layer_14_TB_12	475.4810
layer_14_TB_13	482.7083
layer_14_TB_14	482.7083
layer_14_TB_15	475.4810
layer_15_B_80	465.9846
layer_15_B_81	473.5254
layer_15_B_82	473.5254
layer_15_B_83	465.9846
layer_15_B_84	473.5246
layer_15_B_85	482.3552
layer_15_B_86	482.3552
layer_15_B_87	473.5246
layer_15_B_88	473.4441
layer_15_B_89	482.2724
layer_15_B_90	482.2724
layer_15_B_91	473.4441
layer_15_B_92	465.7726
layer_15_B_93	473.3081
layer_15_B_94	473.3081
layer_15_B_95	465.7726
layer_16_TB_0	455.4309
layer_16_TB_1	463.3308
layer_16_TB_2	463.3308
layer_16_TB_3	455.4309
layer_16_TB_4	463.3313
layer_16_TB_5	472.6433
layer_16_TB_6	472.6433
layer_16_TB_7	463.3313
layer_16_TB_8	463.2616
layer_16_TB_9	472.5712
layer_16_TB_10	472.5712
layer_16_TB_11	463.2616
layer_16_TB_12	455.2371
layer_16_TB_13	463.1313
layer_16_TB_14	463.1313
layer_16_TB_15	455.2371
layer_17_B_96	444.8759
layer_17_B_97	453.1360
layer_17_B_98	453.1360
layer_17_B_99	444.8759
layer_17_B_100	453.1378
layer_17_B_101	462.9331
layer_17_B_102	462.9331
layer_17_B_103	453.1378
layer_17_B_104	453.0790
layer_17_B_105	462.8716
layer_17_B_106	462.8716
layer_17_B_107	453.0790
layer_17_B_108	444.7003
layer_17_B_109	452.9543
layer_17_B_110	452.9543
layer_17_B_111	444.7003
layer_18_TB_0	433.5623
layer_18_TB_1	442.2339
layer_18_TB_2	442.2339
layer_18_TB_3	433.5623
layer_18_TB_4	442.2299
layer_18_TB_5	452.5863
layer_18_TB_6	452.5863
layer_18_TB_7	442.2299
layer_18_TB_8	442.1822
layer_18_TB_9	452.5358
layer_18_TB_10	452.5358
layer_18_TB_11	442.1822
layer_18_TB_12	433.4093
layer_18_TB_13	442.0744
layer_18_TB_14	442.0744
layer_18_TB_15	433.4093
layer_19_B_112	422.2472
layer_19_B_113	431.3316
layer_19_B_114	431.3316
layer_19_B_115	422.2472
layer_19_B_116	431.3218
layer_19_B_117	442.2413
layer_19_B_118	442.2413
layer_19_B_119	431.3218
layer_19_B_120	431.2853
layer_19_B_121	442.2016
layer_19_B_122	442.2016
layer_19_B_123	431.2853
layer_19_B_124	422.1169
layer_19_B_125	431.1943
layer_19_B_126	431.1943
layer_19_B_127	422.1169
layer_20_TB_0	410.2336
layer_20_TB_1	419.7826
layer_20_TB_2	419.7826
layer_20_TB_3	410.2336
layer_20_TB_4	419.7728
layer_20_TB_5	431.3376
layer_20_TB_6	431.3376
layer_20_TB_7	419.7728
layer_20_TB_8	419.7423
layer_20_TB_9	431.3037
layer_20_TB_10	431.3037
layer_20_TB_11	419.7423
layer_20_TB_12	410.1352
layer_20_TB_13	419.6768
layer_20_TB_14	419.6768
layer_20_TB_15	410.1352
hsp_TB_0	393.8493
hsp_TB_1	404.0338
hsp_TB_2	404.0338
hsp_TB_3	393.8493
hsp_TB_4	404.0240
hsp_TB_5	416.4714
hsp_TB_6	416.4714
hsp_TB_7	404.0240
hsp_TB_8	404.0016
hsp_TB_9	416.4453
hsp_TB_10	416.4453
hsp_TB_11	404.0016
hsp_TB_12	393.7946
hsp_TB_13	403.9708
hsp_TB_14	403.9708
hsp_TB_15	393.7946
hsink_TB_0	342.8370
hsink_TB_1	343.0476
hsink_TB_2	343.0476
hsink_TB_3	342.8370
hsink_TB_4	343.0465
hsink_TB_5	343.3103
hsink_TB_6	343.3103
hsink_TB_7	343.0465
hsink_TB_8	343.0455
hsink_TB_9	343.3092
hsink_TB_10	343.3092
hsink_TB_11	343.0455
hsink_TB_12	342.8340
hsink_TB_13	343.0441
hsink_TB_14	343.0441
hsink_TB_15	342.8340
inode_0	342.6504
inode_1	342.6504
inode_2	342.6450
inode_3	342.6541
inode_4	342.0157
inode_5	342.0157
inode_6	342.0107
inode_7	342.0191
inode_8	337.7468
inode_9	337.7468
inode_10	337.7427
inode_11	337.7496
inode_12	534.6381
inode_13	534.6381
inode_14	534.6007
inode_15	534.6656
inode_16	533.9416
inode_17	533.9416
inode_18	533.9089
inode_19	533.9665
inode_20	502.0020
inode_21	502.0020
inode_22	501.9893
inode_23	502.0128
inode_24	429.9216
inode_25	429.9216
inode_26	429.9139
inode_27	429.9282
