pcb_LC_0	349.2322
pcb_LC_1	349.8543
pcb_LC_2	349.8543
pcb_LC_3	349.2322
pcb_LC_4	349.8553
pcb_LC_5	350.9759
pcb_LC_6	350.9759
pcb_LC_7	349.8553
pcb_LC_8	349.8556
pcb_LC_9	350.9765
pcb_LC_10	350.9765
pcb_LC_11	349.8556
pcb_LC_12	349.2330
pcb_LC_13	349.8556
pcb_LC_14	349.8556
pcb_LC_15	349.2330
solder_LC_0	353.4914
solder_LC_1	353.6836
solder_LC_2	353.6836
solder_LC_3	353.4914
solder_LC_4	353.6873
solder_LC_5	354.0592
solder_LC_6	354.0592
solder_LC_7	353.6873
solder_LC_8	353.6883
solder_LC_9	354.0607
solder_LC_10	354.0607
solder_LC_11	353.6883
solder_LC_12	353.4938
solder_LC_13	353.6869
solder_LC_14	353.6869
solder_LC_15	353.4938
sub_LC_0	355.0989
sub_LC_1	355.6963
sub_LC_2	355.6963
sub_LC_3	355.0989
sub_LC_4	355.7150
sub_LC_5	356.4651
sub_LC_6	356.4651
sub_LC_7	355.7150
sub_LC_8	355.7194
sub_LC_9	356.4699
sub_LC_10	356.4699
sub_LC_11	355.7194
sub_LC_12	355.1077
sub_LC_13	355.7060
sub_LC_14	355.7060
sub_LC_15	355.1077
layer_3_LC_0	356.5699
layer_3_LC_1	357.6526
layer_3_LC_2	357.6526
layer_3_LC_3	356.5699
layer_3_LC_4	357.6935
layer_3_LC_5	358.9165
layer_3_LC_6	358.9165
layer_3_LC_7	357.6935
layer_3_LC_8	357.7022
layer_3_LC_9	358.9254
layer_3_LC_10	358.9254
layer_3_LC_11	357.7022
layer_3_LC_12	356.5864
layer_3_LC_13	357.6695
layer_3_LC_14	357.6695
layer_3_LC_15	356.5864
layer_4_TB_0	356.2950
layer_4_TB_1	357.3872
layer_4_TB_2	357.3872
layer_4_TB_3	356.2950
layer_4_TB_4	357.4284
layer_4_TB_5	358.6626
layer_4_TB_6	358.6626
layer_4_TB_7	357.4284
layer_4_TB_8	357.4372
layer_4_TB_9	358.6715
layer_4_TB_10	358.6715
layer_4_TB_11	357.4372
layer_4_TB_12	356.3115
layer_4_TB_13	357.4040
layer_4_TB_14	357.4040
layer_4_TB_15	356.3115
layer_5_B_0	356.0199
layer_5_B_1	357.1217
layer_5_B_2	357.1217
layer_5_B_3	356.0199
layer_5_B_4	357.1634
layer_5_B_5	358.4089
layer_5_B_6	358.4089
layer_5_B_7	357.1634
layer_5_B_8	357.1722
layer_5_B_9	358.4179
layer_5_B_10	358.4179
layer_5_B_11	357.1722
layer_5_B_12	356.0365
layer_5_B_13	357.1386
layer_5_B_14	357.1386
layer_5_B_15	356.0365
layer_6_TB_0	355.5212
layer_6_TB_1	356.6414
layer_6_TB_2	356.6414
layer_6_TB_3	355.5212
layer_6_TB_4	356.6839
layer_6_TB_5	357.9523
layer_6_TB_6	357.9523
layer_6_TB_7	356.6839
layer_6_TB_8	356.6928
layer_6_TB_9	357.9614
layer_6_TB_10	357.9614
layer_6_TB_11	356.6928
layer_6_TB_12	355.5377
layer_6_TB_13	356.6583
layer_6_TB_14	356.6583
layer_6_TB_15	355.5377
layer_7_B_16	355.0223
layer_7_B_17	356.1610
layer_7_B_18	356.1610
layer_7_B_19	355.0223
layer_7_B_20	356.2044
layer_7_B_21	357.4959
layer_7_B_22	357.4959
layer_7_B_23	356.2044
layer_7_B_24	356.2134
layer_7_B_25	357.5051
layer_7_B_26	357.5051
layer_7_B_27	356.2134
layer_7_B_28	355.0388
layer_7_B_29	356.1779
layer_7_B_30	356.1779
layer_7_B_31	355.0388
layer_8_TB_0	354.3020
layer_8_TB_1	355.4682
layer_8_TB_2	355.4682
layer_8_TB_3	354.3020
layer_8_TB_4	355.5127
layer_8_TB_5	356.8394
layer_8_TB_6	356.8394
layer_8_TB_7	355.5127
layer_8_TB_8	355.5219
layer_8_TB_9	356.8487
layer_8_TB_10	356.8487
layer_8_TB_11	355.5219
layer_8_TB_12	354.3184
layer_8_TB_13	355.4851
layer_8_TB_14	355.4851
layer_8_TB_15	354.3184
layer_9_B_32	353.5814
layer_9_B_33	354.7754
layer_9_B_34	354.7754
layer_9_B_35	353.5814
layer_9_B_36	354.8211
layer_9_B_37	356.1830
layer_9_B_38	356.1830
layer_9_B_39	354.8211
layer_9_B_40	354.8305
layer_9_B_41	356.1926
layer_9_B_42	356.1926
layer_9_B_43	354.8305
layer_9_B_44	353.5979
layer_9_B_45	354.7922
layer_9_B_46	354.7922
layer_9_B_47	353.5979
layer_10_TB_0	352.6424
layer_10_TB_1	353.8734
layer_10_TB_2	353.8734
layer_10_TB_3	352.6424
layer_10_TB_4	353.9208
layer_10_TB_5	355.3305
layer_10_TB_6	355.3305
layer_10_TB_7	353.9208
layer_10_TB_8	353.9304
layer_10_TB_9	355.3403
layer_10_TB_10	355.3403
layer_10_TB_11	353.9304
layer_10_TB_12	352.6589
layer_10_TB_13	353.8903
layer_10_TB_14	353.8903
layer_10_TB_15	352.6589
layer_11_B_48	351.7032
layer_11_B_49	352.9714
layer_11_B_50	352.9714
layer_11_B_51	351.7032
layer_11_B_52	353.0204
layer_11_B_53	354.4782
layer_11_B_54	354.4782
layer_11_B_55	353.0204
layer_11_B_56	353.0302
layer_11_B_57	354.4882
layer_11_B_58	354.4882
layer_11_B_59	353.0302
layer_11_B_60	351.7197
layer_11_B_61	352.9882
layer_11_B_62	352.9882
layer_11_B_63	351.7197
layer_12_TB_0	350.3533
layer_12_TB_1	351.6683
layer_12_TB_2	351.6683
layer_12_TB_3	350.3533
layer_12_TB_4	351.7139
layer_12_TB_5	353.2329
layer_12_TB_6	353.2329
layer_12_TB_7	351.7139
layer_12_TB_8	351.7230
layer_12_TB_9	353.2423
layer_12_TB_10	353.2423
layer_12_TB_11	351.7230
layer_12_TB_12	350.3688
layer_12_TB_13	351.6842
layer_12_TB_14	351.6842
layer_12_TB_15	350.3688
layer_13_B_64	349.0032
layer_13_B_65	350.3652
layer_13_B_66	350.3652
layer_13_B_67	349.0032
layer_13_B_68	350.4073
layer_13_B_69	351.9879
layer_13_B_70	351.9879
layer_13_B_71	350.4073
layer_13_B_72	350.4158
layer_13_B_73	351.9966
layer_13_B_74	351.9966
layer_13_B_75	350.4158
layer_13_B_76	349.0177
layer_13_B_77	350.3801
layer_13_B_78	350.3801
layer_13_B_79	349.0177
layer_14_TB_0	347.4445
layer_14_TB_1	348.8636
layer_14_TB_2	348.8636
layer_14_TB_3	347.4445
layer_14_TB_4	348.9026
layer_14_TB_5	350.5589
layer_14_TB_6	350.5589
layer_14_TB_7	348.9026
layer_14_TB_8	348.9105
layer_14_TB_9	350.5670
layer_14_TB_10	350.5670
layer_14_TB_11	348.9105
layer_14_TB_12	347.4580
layer_14_TB_13	348.8776
layer_14_TB_14	348.8776
layer_14_TB_15	347.4580
layer_15_B_80	345.8856
layer_15_B_81	347.3620
layer_15_B_82	347.3620
layer_15_B_83	345.8856
layer_15_B_84	347.3979
layer_15_B_85	349.1302
layer_15_B_86	349.1302
layer_15_B_87	347.3979
layer_15_B_88	347.4053
layer_15_B_89	349.1378
layer_15_B_90	349.1378
layer_15_B_91	347.4053
layer_15_B_92	345.8981
layer_15_B_93	347.3750
layer_15_B_94	347.3750
layer_15_B_95	345.8981
layer_16_TB_0	344.1246
layer_16_TB_1	345.6690
layer_16_TB_2	345.6690
layer_16_TB_3	344.1246
layer_16_TB_4	345.7022
layer_16_TB_5	347.5257
layer_16_TB_6	347.5257
layer_16_TB_7	345.7022
layer_16_TB_8	345.7090
layer_16_TB_9	347.5328
layer_16_TB_10	347.5328
layer_16_TB_11	345.7090
layer_16_TB_12	344.1361
layer_16_TB_13	345.6810
layer_16_TB_14	345.6810
layer_16_TB_15	344.1361
layer_17_B_96	342.3634
layer_17_B_97	343.9760
layer_17_B_98	343.9760
layer_17_B_99	342.3634
layer_17_B_100	344.0064
layer_17_B_101	345.9215
layer_17_B_102	345.9215
layer_17_B_103	344.0064
layer_17_B_104	344.0127
layer_17_B_105	345.9281
layer_17_B_106	345.9281
layer_17_B_107	344.0127
layer_17_B_108	342.3739
layer_17_B_109	343.9870
layer_17_B_110	343.9870
layer_17_B_111	342.3739
layer_18_TB_0	340.4074
layer_18_TB_1	342.0993
layer_18_TB_2	342.0993
layer_18_TB_3	340.4074
layer_18_TB_4	342.1274
layer_18_TB_5	344.1505
layer_18_TB_6	344.1505
layer_18_TB_7	342.1274
layer_18_TB_8	342.1332
layer_18_TB_9	344.1566
layer_18_TB_10	344.1566
layer_18_TB_11	342.1332
layer_18_TB_12	340.4170
layer_18_TB_13	342.1094
layer_18_TB_14	342.1094
layer_18_TB_15	340.4170
layer_19_B_112	338.4512
layer_19_B_113	340.2226
layer_19_B_114	340.2226
layer_19_B_115	338.4512
layer_19_B_116	340.2483
layer_19_B_117	342.3798
layer_19_B_118	342.3798
layer_19_B_119	340.2483
layer_19_B_120	340.2537
layer_19_B_121	342.3854
layer_19_B_122	342.3854
layer_19_B_123	340.2537
layer_19_B_124	338.4598
layer_19_B_125	340.2317
layer_19_B_126	340.2317
layer_19_B_127	338.4598
layer_20_TB_0	336.1119
layer_20_TB_1	337.9744
layer_20_TB_2	337.9744
layer_20_TB_3	336.1119
layer_20_TB_4	337.9924
layer_20_TB_5	340.2500
layer_20_TB_6	340.2500
layer_20_TB_7	337.9924
layer_20_TB_8	337.9963
layer_20_TB_9	340.2542
layer_20_TB_10	340.2542
layer_20_TB_11	337.9963
layer_20_TB_12	336.1185
layer_20_TB_13	337.9816
layer_20_TB_14	337.9816
layer_20_TB_15	336.1185
hsp_TB_0	332.9215
hsp_TB_1	334.9086
hsp_TB_2	334.9086
hsp_TB_3	332.9215
hsp_TB_4	334.9160
hsp_TB_5	337.3461
hsp_TB_6	337.3461
hsp_TB_7	334.9160
hsp_TB_8	334.9181
hsp_TB_9	337.3485
hsp_TB_10	337.3485
hsp_TB_11	334.9181
hsp_TB_12	332.9254
hsp_TB_13	334.9132
hsp_TB_14	334.9132
hsp_TB_15	332.9254
hsink_TB_0	322.9695
hsink_TB_1	323.0105
hsink_TB_2	323.0105
hsink_TB_3	322.9695
hsink_TB_4	323.0107
hsink_TB_5	323.0622
hsink_TB_6	323.0622
hsink_TB_7	323.0107
hsink_TB_8	323.0108
hsink_TB_9	323.0623
hsink_TB_10	323.0623
hsink_TB_11	323.0108
hsink_TB_12	322.9697
hsink_TB_13	323.0108
hsink_TB_14	323.0108
hsink_TB_15	322.9697
inode_0	322.9336
inode_1	322.9336
inode_2	322.9334
inode_3	322.9328
inode_4	322.8097
inode_5	322.8097
inode_6	322.8095
inode_7	322.8089
inode_8	321.9762
inode_9	321.9762
inode_10	321.9761
inode_11	321.9756
inode_12	353.4749
inode_13	353.4749
inode_14	353.4742
inode_15	353.4707
inode_16	353.3644
inode_17	353.3644
inode_18	353.3641
inode_19	353.3609
inode_20	348.1590
inode_21	348.1590
inode_22	348.1592
inode_23	348.1579
inode_24	336.3938
inode_25	336.3938
inode_26	336.3939
inode_27	336.3931
