pcb_LC_0	371.3540
pcb_LC_1	372.4426
pcb_LC_2	372.4426
pcb_LC_3	371.3540
pcb_LC_4	372.3928
pcb_LC_5	374.3265
pcb_LC_6	374.3265
pcb_LC_7	372.3928
pcb_LC_8	372.3645
pcb_LC_9	374.2756
pcb_LC_10	374.2756
pcb_LC_11	372.3645
pcb_LC_12	371.2703
pcb_LC_13	372.3165
pcb_LC_14	372.3165
pcb_LC_15	371.2703
solder_LC_0	378.7064
solder_LC_1	379.0976
solder_LC_2	379.0976
solder_LC_3	378.7064
solder_LC_4	378.9644
solder_LC_5	379.6476
solder_LC_6	379.6476
solder_LC_7	378.9644
solder_LC_8	378.8954
solder_LC_9	379.5333
solder_LC_10	379.5333
solder_LC_11	378.8954
solder_LC_12	378.4747
solder_LC_13	378.7713
solder_LC_14	378.7713
solder_LC_15	378.4747
sub_LC_0	381.7464
sub_LC_1	382.9148
sub_LC_2	382.9148
sub_LC_3	381.7464
sub_LC_4	382.4412
sub_LC_5	383.8630
sub_LC_6	383.8630
sub_LC_7	382.4412
sub_LC_8	382.3139
sub_LC_9	383.7053
sub_LC_10	383.7053
sub_LC_11	382.3139
sub_LC_12	380.8179
sub_LC_13	381.8993
sub_LC_14	381.8993
sub_LC_15	380.8179
layer_3_LC_0	384.6332
layer_3_LC_1	386.7523
layer_3_LC_2	386.7523
layer_3_LC_3	384.6332
layer_3_LC_4	385.7218
layer_3_LC_5	388.1010
layer_3_LC_6	388.1010
layer_3_LC_7	385.7218
layer_3_LC_8	385.7248
layer_3_LC_9	388.0900
layer_3_LC_10	388.0900
layer_3_LC_11	385.7248
layer_3_LC_12	382.7625
layer_3_LC_13	384.8325
layer_3_LC_14	384.8325
layer_3_LC_15	382.7625
layer_4_TB_0	384.0367
layer_4_TB_1	386.1487
layer_4_TB_2	386.1487
layer_4_TB_3	384.0367
layer_4_TB_4	385.1156
layer_4_TB_5	387.4872
layer_4_TB_6	387.4872
layer_4_TB_7	385.1156
layer_4_TB_8	385.1372
layer_4_TB_9	387.4952
layer_4_TB_10	387.4952
layer_4_TB_11	385.1372
layer_4_TB_12	382.1763
layer_4_TB_13	384.2421
layer_4_TB_14	384.2421
layer_4_TB_15	382.1763
layer_5_B_0	383.4399
layer_5_B_1	385.5452
layer_5_B_2	385.5452
layer_5_B_3	383.4399
layer_5_B_4	384.5093
layer_5_B_5	386.8737
layer_5_B_6	386.8737
layer_5_B_7	384.5093
layer_5_B_8	384.5497
layer_5_B_9	386.9010
layer_5_B_10	386.9010
layer_5_B_11	384.5497
layer_5_B_12	381.5896
layer_5_B_13	383.6516
layer_5_B_14	383.6516
layer_5_B_15	381.5896
layer_6_TB_0	382.3977
layer_6_TB_1	384.5130
layer_6_TB_2	384.5130
layer_6_TB_3	382.3977
layer_6_TB_4	383.5780
layer_6_TB_5	385.9574
layer_6_TB_6	385.9574
layer_6_TB_7	383.5780
layer_6_TB_8	383.5967
layer_6_TB_9	385.9632
layer_6_TB_10	385.9632
layer_6_TB_11	383.5967
layer_6_TB_12	380.6663
layer_6_TB_13	382.7407
layer_6_TB_14	382.7407
layer_6_TB_15	380.6663
layer_7_B_16	381.3551
layer_7_B_17	383.4809
layer_7_B_18	383.4809
layer_7_B_19	381.3551
layer_7_B_20	382.6466
layer_7_B_21	385.0414
layer_7_B_22	385.0414
layer_7_B_23	382.6466
layer_7_B_24	382.6438
layer_7_B_25	385.0261
layer_7_B_26	385.0261
layer_7_B_27	382.6438
layer_7_B_28	379.7426
layer_7_B_29	381.8297
layer_7_B_30	381.8297
layer_7_B_31	379.7426
layer_8_TB_0	379.9989
layer_8_TB_1	382.1518
layer_8_TB_2	382.1518
layer_8_TB_3	379.9989
layer_8_TB_4	381.3525
layer_8_TB_5	383.7847
layer_8_TB_6	383.7847
layer_8_TB_7	381.3525
layer_8_TB_8	381.3429
layer_8_TB_9	383.7628
layer_8_TB_10	383.7628
layer_8_TB_11	381.3429
layer_8_TB_12	378.4468
layer_8_TB_13	380.5627
layer_8_TB_14	380.5627
layer_8_TB_15	378.4468
layer_9_B_32	378.6424
layer_9_B_33	380.8227
layer_9_B_34	380.8227
layer_9_B_35	378.6424
layer_9_B_36	380.0583
layer_9_B_37	382.5283
layer_9_B_38	382.5283
layer_9_B_39	380.0583
layer_9_B_40	380.0421
layer_9_B_41	382.5001
layer_9_B_42	382.5001
layer_9_B_43	380.0421
layer_9_B_44	377.1505
layer_9_B_45	379.2956
layer_9_B_46	379.2956
layer_9_B_47	377.1505
layer_10_TB_0	376.7969
layer_10_TB_1	379.0214
layer_10_TB_2	379.0214
layer_10_TB_3	376.7969
layer_10_TB_4	378.2755
layer_10_TB_5	380.8056
layer_10_TB_6	380.8056
layer_10_TB_7	378.2755
layer_10_TB_8	378.2640
layer_10_TB_9	380.7824
layer_10_TB_10	380.7824
layer_10_TB_11	378.2640
layer_10_TB_12	375.3556
layer_10_TB_13	377.5462
layer_10_TB_14	377.5462
layer_10_TB_15	375.3556
layer_11_B_48	374.9512
layer_11_B_49	377.2202
layer_11_B_50	377.2202
layer_11_B_51	374.9512
layer_11_B_52	376.4926
layer_11_B_53	379.0832
layer_11_B_54	379.0832
layer_11_B_55	376.4926
layer_11_B_56	376.4860
layer_11_B_57	379.0652
layer_11_B_58	379.0652
layer_11_B_59	376.4860
layer_11_B_60	373.5603
layer_11_B_61	375.7966
layer_11_B_62	375.7966
layer_11_B_63	373.5603
layer_12_TB_0	372.6149
layer_12_TB_1	374.9452
layer_12_TB_2	374.9452
layer_12_TB_3	372.6149
layer_12_TB_4	374.2339
layer_12_TB_5	376.9083
layer_12_TB_6	376.9083
layer_12_TB_7	374.2339
layer_12_TB_8	374.2496
layer_12_TB_9	376.9125
layer_12_TB_10	376.9125
layer_12_TB_11	374.2496
layer_12_TB_12	371.2837
layer_12_TB_13	373.5823
layer_12_TB_14	373.5823
layer_12_TB_15	371.2837
layer_13_B_64	370.2782
layer_13_B_65	372.6704
layer_13_B_66	372.6704
layer_13_B_67	370.2782
layer_13_B_68	371.9751
layer_13_B_69	374.7336
layer_13_B_70	374.7336
layer_13_B_71	371.9751
layer_13_B_72	372.0133
layer_13_B_73	374.7604
layer_13_B_74	374.7604
layer_13_B_75	372.0133
layer_13_B_76	369.0066
layer_13_B_77	371.3680
layer_13_B_78	371.3680
layer_13_B_79	369.0066
layer_14_TB_0	367.5289
layer_14_TB_1	370.0003
layer_14_TB_2	370.0003
layer_14_TB_3	367.5289
layer_14_TB_4	369.4293
layer_14_TB_5	372.2961
layer_14_TB_6	372.2961
layer_14_TB_7	369.4293
layer_14_TB_8	369.4440
layer_14_TB_9	372.2994
layer_14_TB_10	372.2994
layer_14_TB_11	369.4440
layer_14_TB_12	366.4280
layer_14_TB_13	368.8691
layer_14_TB_14	368.8691
layer_14_TB_15	366.4280
layer_15_B_80	364.7793
layer_15_B_81	367.3302
layer_15_B_82	367.3302
layer_15_B_83	364.7793
layer_15_B_84	366.8833
layer_15_B_85	369.8589
layer_15_B_86	369.8589
layer_15_B_87	366.8833
layer_15_B_88	366.8748
layer_15_B_89	369.8390
layer_15_B_90	369.8390
layer_15_B_91	366.8748
layer_15_B_92	363.8489
layer_15_B_93	366.3702
layer_15_B_94	366.3702
layer_15_B_95	363.8489
layer_16_TB_0	361.7561
layer_16_TB_1	364.4044
layer_16_TB_2	364.4044
layer_16_TB_3	361.7561
layer_16_TB_4	364.0212
layer_16_TB_5	367.1312
layer_16_TB_6	367.1312
layer_16_TB_7	364.0212
layer_16_TB_8	363.9978
layer_16_TB_9	367.0963
layer_16_TB_10	367.0963
layer_16_TB_11	363.9978
layer_16_TB_12	360.9406
layer_16_TB_13	363.5596
layer_16_TB_14	363.5596
layer_16_TB_15	360.9406
layer_17_B_96	358.7325
layer_17_B_97	361.4787
layer_17_B_98	361.4787
layer_17_B_99	358.7325
layer_17_B_100	361.1589
layer_17_B_101	364.4039
layer_17_B_102	364.4039
layer_17_B_103	361.1589
layer_17_B_104	361.1208
layer_17_B_105	364.3542
layer_17_B_106	364.3542
layer_17_B_107	361.1208
layer_17_B_108	358.0318
layer_17_B_109	360.7489
layer_17_B_110	360.7489
layer_17_B_111	358.0318
layer_18_TB_0	355.2668
layer_18_TB_1	358.1293
layer_18_TB_2	358.1293
layer_18_TB_3	355.2668
layer_18_TB_4	357.8626
layer_18_TB_5	361.2698
layer_18_TB_6	361.2698
layer_18_TB_7	357.8626
layer_18_TB_8	357.8135
layer_18_TB_9	361.2089
layer_18_TB_10	361.2089
layer_18_TB_11	357.8135
layer_18_TB_12	354.6746
layer_18_TB_13	357.5079
layer_18_TB_14	357.5079
layer_18_TB_15	354.6746
layer_19_B_112	351.8007
layer_19_B_113	354.7799
layer_19_B_114	354.7799
layer_19_B_115	351.8007
layer_19_B_116	354.5663
layer_19_B_117	358.1363
layer_19_B_118	358.1363
layer_19_B_119	354.5663
layer_19_B_120	354.5062
layer_19_B_121	358.0641
layer_19_B_122	358.0641
layer_19_B_123	354.5062
layer_19_B_124	351.3168
layer_19_B_125	354.2669
layer_19_B_126	354.2669
layer_19_B_127	351.3168
layer_20_TB_0	347.8966
layer_20_TB_1	351.0116
layer_20_TB_2	351.0116
layer_20_TB_3	347.8966
layer_20_TB_4	350.8563
layer_20_TB_5	354.6181
layer_20_TB_6	354.6181
layer_20_TB_7	350.8563
layer_20_TB_8	350.7930
layer_20_TB_9	354.5425
layer_20_TB_10	354.5425
layer_20_TB_11	350.7930
layer_20_TB_12	347.5348
layer_20_TB_13	350.6202
layer_20_TB_14	350.6202
layer_20_TB_15	347.5348
hsp_TB_0	342.5723
hsp_TB_1	345.8729
hsp_TB_2	345.8729
hsp_TB_3	342.5723
hsp_TB_4	345.7971
hsp_TB_5	349.8213
hsp_TB_6	349.8213
hsp_TB_7	345.7971
hsp_TB_8	345.7296
hsp_TB_9	349.7410
hsp_TB_10	349.7410
hsp_TB_11	345.7296
hsp_TB_12	342.3767
hsp_TB_13	345.6474
hsp_TB_14	345.6474
hsp_TB_15	342.3767
hsink_TB_0	326.0921
hsink_TB_1	326.1607
hsink_TB_2	326.1607
hsink_TB_3	326.0921
hsink_TB_4	326.1562
hsink_TB_5	326.2414
hsink_TB_6	326.2414
hsink_TB_7	326.1562
hsink_TB_8	326.1527
hsink_TB_9	326.2372
hsink_TB_10	326.2372
hsink_TB_11	326.1527
hsink_TB_12	326.0812
hsink_TB_13	326.1481
hsink_TB_14	326.1481
hsink_TB_15	326.0812
inode_0	326.0270
inode_1	326.0270
inode_2	326.0102
inode_3	326.0433
inode_4	325.8229
inode_5	325.8229
inode_6	325.8073
inode_7	325.8381
inode_8	324.4505
inode_9	324.4505
inode_10	324.4376
inode_11	324.4629
inode_12	378.5551
inode_13	378.5551
inode_14	378.3748
inode_15	378.7440
inode_16	378.3692
inode_17	378.3692
inode_18	378.2111
inode_19	378.5341
inode_20	369.4748
inode_21	369.4748
inode_22	369.4118
inode_23	369.5396
inode_24	349.3526
inode_25	349.3526
inode_26	349.3143
inode_27	349.3920
