pcb_LC_0	349.4910
pcb_LC_1	350.1212
pcb_LC_2	350.1212
pcb_LC_3	349.4910
pcb_LC_4	350.1151
pcb_LC_5	351.2463
pcb_LC_6	351.2463
pcb_LC_7	350.1151
pcb_LC_8	350.1112
pcb_LC_9	351.2393
pcb_LC_10	351.2393
pcb_LC_11	350.1112
pcb_LC_12	349.4805
pcb_LC_13	350.1053
pcb_LC_14	350.1053
pcb_LC_15	349.4805
solder_LC_0	353.7956
solder_LC_1	353.9962
solder_LC_2	353.9962
solder_LC_3	353.7956
solder_LC_4	353.9815
solder_LC_5	354.3596
solder_LC_6	354.3596
solder_LC_7	353.9815
solder_LC_8	353.9691
solder_LC_9	354.3403
solder_LC_10	354.3403
solder_LC_11	353.9691
solder_LC_12	353.7671
solder_LC_13	353.9557
solder_LC_14	353.9557
solder_LC_15	353.7671
sub_LC_0	355.4647
sub_LC_1	356.0739
sub_LC_2	356.0739
sub_LC_3	355.4647
sub_LC_4	356.0416
sub_LC_5	356.8010
sub_LC_6	356.8010
sub_LC_7	356.0416
sub_LC_8	355.9832
sub_LC_9	356.7370
sub_LC_10	356.7370
sub_LC_11	355.9832
sub_LC_12	355.3601
sub_LC_13	355.9589
sub_LC_14	355.9589
sub_LC_15	355.3601
layer_3_LC_0	357.0078
layer_3_LC_1	358.1041
layer_3_LC_2	358.1041
layer_3_LC_3	357.0078
layer_3_LC_4	358.0563
layer_3_LC_5	359.2926
layer_3_LC_6	359.2926
layer_3_LC_7	358.0563
layer_3_LC_8	357.9354
layer_3_LC_9	359.1692
layer_3_LC_10	359.1692
layer_3_LC_11	357.9354
layer_3_LC_12	356.8146
layer_3_LC_13	357.9060
layer_3_LC_14	357.9060
layer_3_LC_15	356.8146
layer_4_TB_0	356.7311
layer_4_TB_1	357.8368
layer_4_TB_2	357.8368
layer_4_TB_3	356.7311
layer_4_TB_4	357.7895
layer_4_TB_5	359.0369
layer_4_TB_6	359.0369
layer_4_TB_7	357.7895
layer_4_TB_8	357.6675
layer_4_TB_9	358.9125
layer_4_TB_10	358.9125
layer_4_TB_11	357.6675
layer_4_TB_12	356.5380
layer_4_TB_13	357.6388
layer_4_TB_14	357.6388
layer_4_TB_15	356.5380
layer_5_B_0	356.4542
layer_5_B_1	357.5695
layer_5_B_2	357.5695
layer_5_B_3	356.4542
layer_5_B_4	357.5227
layer_5_B_5	358.7814
layer_5_B_6	358.7814
layer_5_B_7	357.5227
layer_5_B_8	357.3996
layer_5_B_9	358.6559
layer_5_B_10	358.6559
layer_5_B_11	357.3996
layer_5_B_12	356.2612
layer_5_B_13	357.3717
layer_5_B_14	357.3717
layer_5_B_15	356.2612
layer_6_TB_0	355.9529
layer_6_TB_1	357.0867
layer_6_TB_2	357.0867
layer_6_TB_3	355.9529
layer_6_TB_4	357.0409
layer_6_TB_5	358.3226
layer_6_TB_6	358.3226
layer_6_TB_7	357.0409
layer_6_TB_8	356.9157
layer_6_TB_9	358.1951
layer_6_TB_10	358.1951
layer_6_TB_11	356.9157
layer_6_TB_12	355.7603
layer_6_TB_13	356.8892
layer_6_TB_14	356.8892
layer_6_TB_15	355.7603
layer_7_B_16	355.4514
layer_7_B_17	356.6038
layer_7_B_18	356.6038
layer_7_B_19	355.4514
layer_7_B_20	356.5591
layer_7_B_21	357.8640
layer_7_B_22	357.8640
layer_7_B_23	356.5591
layer_7_B_24	356.4318
layer_7_B_25	357.7344
layer_7_B_26	357.7344
layer_7_B_27	356.4318
layer_7_B_28	355.2591
layer_7_B_29	356.4068
layer_7_B_30	356.4068
layer_7_B_31	355.2591
layer_8_TB_0	354.7276
layer_8_TB_1	355.9078
layer_8_TB_2	355.9078
layer_8_TB_3	354.7276
layer_8_TB_4	355.8647
layer_8_TB_5	357.2049
layer_8_TB_6	357.2049
layer_8_TB_7	355.8647
layer_8_TB_8	355.7341
layer_8_TB_9	357.0721
layer_8_TB_10	357.0721
layer_8_TB_11	355.7341
layer_8_TB_12	354.5360
layer_8_TB_13	355.7114
layer_8_TB_14	355.7114
layer_8_TB_15	354.5360
layer_9_B_32	354.0037
layer_9_B_33	355.2117
layer_9_B_34	355.2117
layer_9_B_35	354.0037
layer_9_B_36	355.1703
layer_9_B_37	356.5461
layer_9_B_38	356.5461
layer_9_B_39	355.1703
layer_9_B_40	355.0365
layer_9_B_41	356.4100
layer_9_B_42	356.4100
layer_9_B_43	355.0365
layer_9_B_44	353.8128
layer_9_B_45	355.0160
layer_9_B_46	355.0160
layer_9_B_47	353.8128
layer_10_TB_0	353.0606
layer_10_TB_1	354.3060
layer_10_TB_2	354.3060
layer_10_TB_3	353.0606
layer_10_TB_4	354.2668
layer_10_TB_5	355.6908
layer_10_TB_6	355.6908
layer_10_TB_7	354.2668
layer_10_TB_8	354.1285
layer_10_TB_9	355.5501
layer_10_TB_10	355.5501
layer_10_TB_11	354.1285
layer_10_TB_12	352.8707
layer_10_TB_13	354.1112
layer_10_TB_14	354.1112
layer_10_TB_15	352.8707
layer_11_B_48	352.1173
layer_11_B_49	353.4002
layer_11_B_50	353.4002
layer_11_B_51	352.1173
layer_11_B_52	353.3633
layer_11_B_53	354.8357
layer_11_B_54	354.8357
layer_11_B_55	353.3633
layer_11_B_56	353.2204
layer_11_B_57	354.6905
layer_11_B_58	354.6905
layer_11_B_59	353.2204
layer_11_B_60	351.9285
layer_11_B_61	353.2064
layer_11_B_62	353.2064
layer_11_B_63	351.9285
layer_12_TB_0	350.7475
layer_12_TB_1	352.0776
layer_12_TB_2	352.0776
layer_12_TB_3	350.7475
layer_12_TB_4	352.0420
layer_12_TB_5	353.5762
layer_12_TB_6	353.5762
layer_12_TB_7	352.0420
layer_12_TB_8	351.9091
layer_12_TB_9	353.4408
layer_12_TB_10	353.4408
layer_12_TB_11	351.9091
layer_12_TB_12	350.5696
layer_12_TB_13	351.8946
layer_12_TB_14	351.8946
layer_12_TB_15	350.5696
layer_13_B_64	349.3775
layer_13_B_65	350.7550
layer_13_B_66	350.7550
layer_13_B_67	349.3775
layer_13_B_68	350.7207
layer_13_B_69	352.3169
layer_13_B_70	352.3169
layer_13_B_71	350.7207
layer_13_B_72	350.5976
layer_13_B_73	352.1913
layer_13_B_74	352.1913
layer_13_B_75	350.5976
layer_13_B_76	349.2104
layer_13_B_77	350.5828
layer_13_B_78	350.5828
layer_13_B_79	349.2104
layer_14_TB_0	347.7982
layer_14_TB_1	349.2334
layer_14_TB_2	349.2334
layer_14_TB_3	347.7982
layer_14_TB_4	349.2010
layer_14_TB_5	350.8736
layer_14_TB_6	350.8736
layer_14_TB_7	349.2010
layer_14_TB_8	349.0866
layer_14_TB_9	350.7565
layer_14_TB_10	350.7565
layer_14_TB_11	349.0866
layer_14_TB_12	347.6424
layer_14_TB_13	349.0722
layer_14_TB_14	349.0722
layer_14_TB_15	347.6424
layer_15_B_80	346.2187
layer_15_B_81	347.7117
layer_15_B_82	347.7117
layer_15_B_83	346.2187
layer_15_B_84	347.6814
layer_15_B_85	349.4306
layer_15_B_86	349.4306
layer_15_B_87	347.6814
layer_15_B_88	347.5755
layer_15_B_89	349.3220
layer_15_B_90	349.3220
layer_15_B_91	347.5755
layer_15_B_92	346.0741
layer_15_B_93	347.5617
layer_15_B_94	347.5617
layer_15_B_95	346.0741
layer_16_TB_0	344.4366
layer_16_TB_1	345.9982
layer_16_TB_2	345.9982
layer_16_TB_3	344.4366
layer_16_TB_4	345.9704
layer_16_TB_5	347.8116
layer_16_TB_6	347.8116
layer_16_TB_7	345.9704
layer_16_TB_8	345.8720
layer_16_TB_9	347.7104
layer_16_TB_10	347.7104
layer_16_TB_11	345.8720
layer_16_TB_12	344.3036
layer_16_TB_13	345.8595
layer_16_TB_14	345.8595
layer_16_TB_15	344.3036
layer_17_B_96	342.6542
layer_17_B_97	344.2847
layer_17_B_98	344.2847
layer_17_B_99	342.6542
layer_17_B_100	344.2594
layer_17_B_101	346.1930
layer_17_B_102	346.1930
layer_17_B_103	344.2594
layer_17_B_104	344.1685
layer_17_B_105	346.0990
layer_17_B_106	346.0990
layer_17_B_107	344.1685
layer_17_B_108	342.5327
layer_17_B_109	344.1573
layer_17_B_110	344.1573
layer_17_B_111	342.5327
layer_18_TB_0	340.6765
layer_18_TB_1	342.3871
layer_18_TB_2	342.3871
layer_18_TB_3	340.6765
layer_18_TB_4	342.3649
layer_18_TB_5	344.4075
layer_18_TB_6	344.4075
layer_18_TB_7	342.3649
layer_18_TB_8	342.2805
layer_18_TB_9	344.3198
layer_18_TB_10	344.3198
layer_18_TB_11	342.2805
layer_18_TB_12	340.5669
layer_18_TB_13	342.2712
layer_18_TB_14	342.2712
layer_18_TB_15	340.5669
layer_19_B_112	338.6986
layer_19_B_113	340.4895
layer_19_B_114	340.4895
layer_19_B_115	338.6986
layer_19_B_116	340.4704
layer_19_B_117	342.6223
layer_19_B_118	342.6223
layer_19_B_119	340.4704
layer_19_B_120	340.3924
layer_19_B_121	342.5409
layer_19_B_122	342.5409
layer_19_B_123	340.3924
layer_19_B_124	338.6008
layer_19_B_125	340.3852
layer_19_B_126	340.3852
layer_19_B_127	338.6008
layer_20_TB_0	336.3219
layer_20_TB_1	338.2050
layer_20_TB_2	338.2050
layer_20_TB_3	336.3219
layer_20_TB_4	338.1875
layer_20_TB_5	340.4666
layer_20_TB_6	340.4666
layer_20_TB_7	338.1875
layer_20_TB_8	338.1311
layer_20_TB_9	340.4066
layer_20_TB_10	340.4066
layer_20_TB_11	338.1311
layer_20_TB_12	336.2456
layer_20_TB_13	338.1218
layer_20_TB_14	338.1218
layer_20_TB_15	336.2456
hsp_TB_0	333.0807
hsp_TB_1	335.0896
hsp_TB_2	335.0896
hsp_TB_3	333.0807
hsp_TB_4	335.0744
hsp_TB_5	337.5276
hsp_TB_6	337.5276
hsp_TB_7	335.0744
hsp_TB_8	335.0474
hsp_TB_9	337.4966
hsp_TB_10	337.4966
hsp_TB_11	335.0474
hsp_TB_12	333.0337
hsp_TB_13	335.0352
hsp_TB_14	335.0352
hsp_TB_15	333.0337
hsink_TB_0	323.0139
hsink_TB_1	323.0556
hsink_TB_2	323.0556
hsink_TB_3	323.0139
hsink_TB_4	323.0545
hsink_TB_5	323.1066
hsink_TB_6	323.1066
hsink_TB_7	323.0545
hsink_TB_8	323.0537
hsink_TB_9	323.1056
hsink_TB_10	323.1056
hsink_TB_11	323.0537
hsink_TB_12	323.0115
hsink_TB_13	323.0527
hsink_TB_14	323.0527
hsink_TB_15	323.0115
inode_0	322.9761
inode_1	322.9761
inode_2	322.9725
inode_3	322.9800
inode_4	322.8511
inode_5	322.8511
inode_6	322.8477
inode_7	322.8547
inode_8	322.0102
inode_9	322.0102
inode_10	322.0074
inode_11	322.0131
inode_12	353.7621
inode_13	353.7621
inode_14	353.7416
inode_15	353.7838
inode_16	353.6507
inode_17	353.6507
inode_18	353.6324
inode_19	353.6700
inode_20	348.4032
inode_21	348.4032
inode_22	348.3955
inode_23	348.4111
inode_24	336.5422
inode_25	336.5422
inode_26	336.5375
inode_27	336.5470
