pcb_LC_0	343.7992
pcb_LC_1	344.3199
pcb_LC_2	344.3199
pcb_LC_3	343.7992
pcb_LC_4	344.3009
pcb_LC_5	345.2274
pcb_LC_6	345.2274
pcb_LC_7	344.3009
pcb_LC_8	344.2896
pcb_LC_9	345.2073
pcb_LC_10	345.2073
pcb_LC_11	344.2896
pcb_LC_12	343.7688
pcb_LC_13	344.2739
pcb_LC_14	344.2739
pcb_LC_15	343.7688
solder_LC_0	347.3440
solder_LC_1	347.5186
solder_LC_2	347.5186
solder_LC_3	347.3440
solder_LC_4	347.4682
solder_LC_5	347.7772
solder_LC_6	347.7772
solder_LC_7	347.4682
solder_LC_8	347.4340
solder_LC_9	347.7234
solder_LC_10	347.7234
solder_LC_11	347.4340
solder_LC_12	347.2612
solder_LC_13	347.4010
solder_LC_14	347.4010
solder_LC_15	347.2612
sub_LC_0	348.8291
sub_LC_1	349.3181
sub_LC_2	349.3181
sub_LC_3	348.8291
sub_LC_4	349.1695
sub_LC_5	349.7692
sub_LC_6	349.7692
sub_LC_7	349.1695
sub_LC_8	349.0184
sub_LC_9	349.6034
sub_LC_10	349.6034
sub_LC_11	349.0184
sub_LC_12	348.5196
sub_LC_13	348.9801
sub_LC_14	348.9801
sub_LC_15	348.5196
layer_3_LC_0	350.2529
layer_3_LC_1	351.1053
layer_3_LC_2	351.1053
layer_3_LC_3	350.2529
layer_3_LC_4	350.8320
layer_3_LC_5	351.7902
layer_3_LC_6	351.7902
layer_3_LC_7	350.8320
layer_3_LC_8	350.5335
layer_3_LC_9	351.4867
layer_3_LC_10	351.4867
layer_3_LC_11	350.5335
layer_3_LC_12	349.6719
layer_3_LC_13	350.5139
layer_3_LC_14	350.5139
layer_3_LC_15	349.6719
layer_4_TB_0	350.0186
layer_4_TB_1	350.8796
layer_4_TB_2	350.8796
layer_4_TB_3	350.0186
layer_4_TB_4	350.6050
layer_4_TB_5	351.5734
layer_4_TB_6	351.5734
layer_4_TB_7	350.6050
layer_4_TB_8	350.3043
layer_4_TB_9	351.2678
layer_4_TB_10	351.2678
layer_4_TB_11	350.3043
layer_4_TB_12	349.4362
layer_4_TB_13	350.2870
layer_4_TB_14	350.2870
layer_4_TB_15	349.4362
layer_5_B_0	349.7843
layer_5_B_1	350.6539
layer_5_B_2	350.6539
layer_5_B_3	349.7843
layer_5_B_4	350.3780
layer_5_B_5	351.3567
layer_5_B_6	351.3567
layer_5_B_7	350.3780
layer_5_B_8	350.0750
layer_5_B_9	351.0491
layer_5_B_10	351.0491
layer_5_B_11	350.0750
layer_5_B_12	349.2004
layer_5_B_13	350.0601
layer_5_B_14	350.0601
layer_5_B_15	349.2004
layer_6_TB_0	349.3462
layer_6_TB_1	350.2315
layer_6_TB_2	350.2315
layer_6_TB_3	349.3462
layer_6_TB_4	349.9535
layer_6_TB_5	350.9518
layer_6_TB_6	350.9518
layer_6_TB_7	349.9535
layer_6_TB_8	349.6469
layer_6_TB_9	350.6405
layer_6_TB_10	350.6405
layer_6_TB_11	349.6469
layer_6_TB_12	348.7609
layer_6_TB_13	349.6365
layer_6_TB_14	349.6365
layer_6_TB_15	348.7609
layer_7_B_16	348.9080
layer_7_B_17	349.8092
layer_7_B_18	349.8092
layer_7_B_19	348.9080
layer_7_B_20	349.5290
layer_7_B_21	350.5470
layer_7_B_22	350.5470
layer_7_B_23	349.5290
layer_7_B_24	349.2186
layer_7_B_25	350.2320
layer_7_B_26	350.2320
layer_7_B_27	349.2186
layer_7_B_28	348.3213
layer_7_B_29	349.2128
layer_7_B_30	349.2128
layer_7_B_31	348.3213
layer_8_TB_0	348.2387
layer_8_TB_1	349.1629
layer_8_TB_2	349.1629
layer_8_TB_3	348.2387
layer_8_TB_4	348.9072
layer_8_TB_5	349.9544
layer_8_TB_6	349.9544
layer_8_TB_7	348.9072
layer_8_TB_8	348.5867
layer_8_TB_9	349.6292
layer_8_TB_10	349.6292
layer_8_TB_11	348.5867
layer_8_TB_12	347.6753
layer_8_TB_13	348.5897
layer_8_TB_14	348.5897
layer_8_TB_15	347.6753
layer_9_B_32	347.5693
layer_9_B_33	348.5166
layer_9_B_34	348.5166
layer_9_B_35	347.5693
layer_9_B_36	348.2854
layer_9_B_37	349.3620
layer_9_B_38	349.3620
layer_9_B_39	348.2854
layer_9_B_40	347.9547
layer_9_B_41	349.0266
layer_9_B_42	349.0266
layer_9_B_43	347.9547
layer_9_B_44	347.0290
layer_9_B_45	347.9666
layer_9_B_46	347.9666
layer_9_B_47	347.0290
layer_10_TB_0	346.6693
layer_10_TB_1	347.6472
layer_10_TB_2	347.6472
layer_10_TB_3	346.6693
layer_10_TB_4	347.4434
layer_10_TB_5	348.5593
layer_10_TB_6	348.5593
layer_10_TB_7	347.4434
layer_10_TB_8	347.1121
layer_10_TB_9	348.2233
layer_10_TB_10	348.2233
layer_10_TB_11	347.1121
layer_10_TB_12	346.1688
layer_10_TB_13	347.1368
layer_10_TB_14	347.1368
layer_10_TB_15	346.1688
layer_11_B_48	345.7692
layer_11_B_49	346.7778
layer_11_B_50	346.7778
layer_11_B_51	345.7692
layer_11_B_52	346.6015
layer_11_B_53	347.7569
layer_11_B_54	347.7569
layer_11_B_55	346.6015
layer_11_B_56	346.2696
layer_11_B_57	347.4202
layer_11_B_58	347.4202
layer_11_B_59	346.2696
layer_11_B_60	345.3083
layer_11_B_61	346.3070
layer_11_B_62	346.3070
layer_11_B_63	345.3083
layer_12_TB_0	344.6672
layer_12_TB_1	345.7143
layer_12_TB_2	345.7143
layer_12_TB_3	344.6672
layer_12_TB_4	345.5391
layer_12_TB_5	346.7446
layer_12_TB_6	346.7446
layer_12_TB_7	345.5391
layer_12_TB_8	345.2304
layer_12_TB_9	346.4310
layer_12_TB_10	346.4310
layer_12_TB_11	345.2304
layer_12_TB_12	344.2244
layer_12_TB_13	345.2614
layer_12_TB_14	345.2614
layer_12_TB_15	344.2244
layer_13_B_64	343.5651
layer_13_B_65	344.6508
layer_13_B_66	344.6508
layer_13_B_67	343.5651
layer_13_B_68	344.4767
layer_13_B_69	345.7325
layer_13_B_70	345.7325
layer_13_B_71	344.4767
layer_13_B_72	344.1912
layer_13_B_73	345.4420
layer_13_B_74	345.4420
layer_13_B_75	344.1912
layer_13_B_76	343.1403
layer_13_B_77	344.2157
layer_13_B_78	344.2157
layer_13_B_79	343.1403
layer_14_TB_0	342.2714
layer_14_TB_1	343.4040
layer_14_TB_2	343.4040
layer_14_TB_3	342.2714
layer_14_TB_4	343.2313
layer_14_TB_5	344.5488
layer_14_TB_6	344.5488
layer_14_TB_7	343.2313
layer_14_TB_8	342.9663
layer_14_TB_9	344.2786
layer_14_TB_10	344.2786
layer_14_TB_11	342.9663
layer_14_TB_12	341.8652
layer_14_TB_13	342.9871
layer_14_TB_14	342.9871
layer_14_TB_15	341.8652
layer_15_B_80	340.9775
layer_15_B_81	342.1571
layer_15_B_82	342.1571
layer_15_B_83	340.9775
layer_15_B_84	341.9859
layer_15_B_85	343.3653
layer_15_B_86	343.3653
layer_15_B_87	341.9859
layer_15_B_88	341.7414
layer_15_B_89	343.1154
layer_15_B_90	343.1154
layer_15_B_91	341.7414
layer_15_B_92	340.5900
layer_15_B_93	341.7586
layer_15_B_94	341.7586
layer_15_B_95	340.5900
layer_16_TB_0	339.4681
layer_16_TB_1	340.7032
layer_16_TB_2	340.7032
layer_16_TB_3	339.4681
layer_16_TB_4	340.5610
layer_16_TB_5	342.0146
layer_16_TB_6	342.0146
layer_16_TB_7	340.5610
layer_16_TB_8	340.3302
layer_16_TB_9	341.7780
layer_16_TB_10	341.7780
layer_16_TB_11	340.3302
layer_16_TB_12	339.1241
layer_16_TB_13	340.3478
layer_16_TB_14	340.3478
layer_16_TB_15	339.1241
layer_17_B_96	337.9586
layer_17_B_97	339.2494
layer_17_B_98	339.2494
layer_17_B_99	337.9586
layer_17_B_100	339.1361
layer_17_B_101	340.6640
layer_17_B_102	340.6640
layer_17_B_103	339.1361
layer_17_B_104	338.9188
layer_17_B_105	340.4408
layer_17_B_106	340.4408
layer_17_B_107	338.9188
layer_17_B_108	337.6580
layer_17_B_109	338.9371
layer_17_B_110	338.9371
layer_17_B_111	337.6580
layer_18_TB_0	336.2371
layer_18_TB_1	337.5927
layer_18_TB_2	337.5927
layer_18_TB_3	336.2371
layer_18_TB_4	337.5117
layer_18_TB_5	339.1273
layer_18_TB_6	339.1273
layer_18_TB_7	337.5117
layer_18_TB_8	337.3181
layer_18_TB_9	338.9273
layer_18_TB_10	338.9273
layer_18_TB_11	337.3181
layer_18_TB_12	335.9966
layer_18_TB_13	337.3399
layer_18_TB_14	337.3399
layer_18_TB_15	335.9966
layer_19_B_112	334.5155
layer_19_B_113	335.9360
layer_19_B_114	335.9360
layer_19_B_115	334.5155
layer_19_B_116	335.8873
layer_19_B_117	337.5909
layer_19_B_118	337.5909
layer_19_B_119	335.8873
layer_19_B_120	335.7173
layer_19_B_121	337.4141
layer_19_B_122	337.4141
layer_19_B_123	335.7173
layer_19_B_124	334.3351
layer_19_B_125	335.7428
layer_19_B_126	335.7428
layer_19_B_127	334.3351
layer_20_TB_0	332.6137
layer_20_TB_1	334.1086
layer_20_TB_2	334.1086
layer_20_TB_3	332.6137
layer_20_TB_4	334.0660
layer_20_TB_5	335.8718
layer_20_TB_6	335.8718
layer_20_TB_7	334.0660
layer_20_TB_8	333.9445
layer_20_TB_9	335.7432
layer_20_TB_10	335.7432
layer_20_TB_11	333.9445
layer_20_TB_12	332.4716
layer_20_TB_13	333.9530
layer_20_TB_14	333.9530
layer_20_TB_15	332.4716
hsp_TB_0	330.0202
hsp_TB_1	331.6167
hsp_TB_2	331.6167
hsp_TB_3	330.0202
hsp_TB_4	331.5823
hsp_TB_5	333.5280
hsp_TB_6	333.5280
hsp_TB_7	331.5823
hsp_TB_8	331.5271
hsp_TB_9	333.4650
hsp_TB_10	333.4650
hsp_TB_11	331.5271
hsp_TB_12	329.9301
hsp_TB_13	331.5123
hsp_TB_14	331.5123
hsp_TB_15	329.9301
hsink_TB_0	322.0090
hsink_TB_1	322.0423
hsink_TB_2	322.0423
hsink_TB_3	322.0090
hsink_TB_4	322.0402
hsink_TB_5	322.0816
hsink_TB_6	322.0816
hsink_TB_7	322.0402
hsink_TB_8	322.0386
hsink_TB_9	322.0797
hsink_TB_10	322.0797
hsink_TB_11	322.0386
hsink_TB_12	322.0043
hsink_TB_13	322.0368
hsink_TB_14	322.0368
hsink_TB_15	322.0043
inode_0	321.9773
inode_1	321.9773
inode_2	321.9710
inode_3	321.9853
inode_4	321.8782
inode_5	321.8782
inode_6	321.8723
inode_7	321.8856
inode_8	321.2113
inode_9	321.2113
inode_10	321.2065
inode_11	321.2174
inode_12	347.2836
inode_13	347.2836
inode_14	347.2301
inode_15	347.3540
inode_16	347.1919
inode_17	347.1919
inode_18	347.1433
inode_19	347.2538
inode_20	342.8978
inode_21	342.8978
inode_22	342.8768
inode_23	342.9222
inode_24	333.1953
inode_25	333.1953
inode_26	333.1825
inode_27	333.2101
