pcb_LC_0	359.4507
pcb_LC_1	360.2878
pcb_LC_2	360.2878
pcb_LC_3	359.4507
pcb_LC_4	360.2699
pcb_LC_5	361.7673
pcb_LC_6	361.7673
pcb_LC_7	360.2699
pcb_LC_8	360.2555
pcb_LC_9	361.7416
pcb_LC_10	361.7416
pcb_LC_11	360.2555
pcb_LC_12	359.4111
pcb_LC_13	360.2279
pcb_LC_14	360.2279
pcb_LC_15	359.4111
solder_LC_0	365.1337
solder_LC_1	365.4135
solder_LC_2	365.4135
solder_LC_3	365.1337
solder_LC_4	365.3821
solder_LC_5	365.9005
solder_LC_6	365.9005
solder_LC_7	365.3821
solder_LC_8	365.3405
solder_LC_9	365.8344
solder_LC_10	365.8344
solder_LC_11	365.3405
solder_LC_12	365.0254
solder_LC_13	365.2599
solder_LC_14	365.2599
solder_LC_15	365.0254
sub_LC_0	367.3491
sub_LC_1	368.1857
sub_LC_2	368.1857
sub_LC_3	367.3491
sub_LC_4	368.1986
sub_LC_5	369.2414
sub_LC_6	369.2414
sub_LC_7	368.1986
sub_LC_8	368.0353
sub_LC_9	369.0597
sub_LC_10	369.0597
sub_LC_11	368.0353
sub_LC_12	366.9377
sub_LC_13	367.7354
sub_LC_14	367.7354
sub_LC_15	366.9377
layer_3_LC_0	369.3692
layer_3_LC_1	370.8777
layer_3_LC_2	370.8777
layer_3_LC_3	369.3692
layer_3_LC_4	370.9831
layer_3_LC_5	372.6856
layer_3_LC_6	372.6856
layer_3_LC_7	370.9831
layer_3_LC_8	370.6883
layer_3_LC_9	372.3831
layer_3_LC_10	372.3831
layer_3_LC_11	370.6883
layer_3_LC_12	368.5830
layer_3_LC_13	370.0737
layer_3_LC_14	370.0737
layer_3_LC_15	368.5830
layer_4_TB_0	368.9844
layer_4_TB_1	370.4994
layer_4_TB_2	370.4994
layer_4_TB_3	368.9844
layer_4_TB_4	370.6081
layer_4_TB_5	372.3181
layer_4_TB_6	372.3181
layer_4_TB_7	370.6081
layer_4_TB_8	370.3150
layer_4_TB_9	372.0176
layer_4_TB_10	372.0176
layer_4_TB_11	370.3150
layer_4_TB_12	368.1997
layer_4_TB_13	369.6977
layer_4_TB_14	369.6977
layer_4_TB_15	368.1997
layer_5_B_0	368.5992
layer_5_B_1	370.1211
layer_5_B_2	370.1211
layer_5_B_3	368.5992
layer_5_B_4	370.2331
layer_5_B_5	371.9511
layer_5_B_6	371.9511
layer_5_B_7	370.2331
layer_5_B_8	369.9418
layer_5_B_9	371.6525
layer_5_B_10	371.6525
layer_5_B_11	369.9418
layer_5_B_12	367.8161
layer_5_B_13	369.3216
layer_5_B_14	369.3216
layer_5_B_15	367.8161
layer_6_TB_0	367.9275
layer_6_TB_1	369.4682
layer_6_TB_2	369.4682
layer_6_TB_3	367.9275
layer_6_TB_4	369.5916
layer_6_TB_5	371.3333
layer_6_TB_6	371.3333
layer_6_TB_7	369.5916
layer_6_TB_8	369.2987
layer_6_TB_9	371.0335
layer_6_TB_10	371.0335
layer_6_TB_11	369.2987
layer_6_TB_12	367.1424
layer_6_TB_13	368.6673
layer_6_TB_14	368.6673
layer_6_TB_15	367.1424
layer_7_B_16	367.2554
layer_7_B_17	368.8153
layer_7_B_18	368.8153
layer_7_B_19	367.2554
layer_7_B_20	368.9501
layer_7_B_21	370.7160
layer_7_B_22	370.7160
layer_7_B_23	368.9501
layer_7_B_24	368.6556
layer_7_B_25	370.4148
layer_7_B_26	370.4148
layer_7_B_27	368.6556
layer_7_B_28	366.4683
layer_7_B_29	368.0128
layer_7_B_30	368.0128
layer_7_B_31	366.4683
layer_8_TB_0	366.2498
layer_8_TB_1	367.8410
layer_8_TB_2	367.8410
layer_8_TB_3	366.2498
layer_8_TB_4	367.9400
layer_8_TB_5	369.7462
layer_8_TB_6	369.7462
layer_8_TB_7	367.9400
layer_8_TB_8	367.6766
layer_8_TB_9	369.4762
layer_8_TB_10	369.4762
layer_8_TB_11	367.6766
layer_8_TB_12	365.4846
layer_8_TB_13	367.0606
layer_8_TB_14	367.0606
layer_8_TB_15	365.4846
layer_9_B_32	365.2440
layer_9_B_33	366.8667
layer_9_B_34	366.8667
layer_9_B_35	365.2440
layer_9_B_36	366.9299
layer_9_B_37	368.7768
layer_9_B_38	368.7768
layer_9_B_39	366.9299
layer_9_B_40	366.6975
layer_9_B_41	368.5380
layer_9_B_42	368.5380
layer_9_B_43	366.6975
layer_9_B_44	364.5005
layer_9_B_45	366.1084
layer_9_B_46	366.1084
layer_9_B_47	364.5005
layer_10_TB_0	363.9026
layer_10_TB_1	365.5693
layer_10_TB_2	365.5693
layer_10_TB_3	363.9026
layer_10_TB_4	365.6234
layer_10_TB_5	367.5277
layer_10_TB_6	367.5277
layer_10_TB_7	365.6234
layer_10_TB_8	365.4057
layer_10_TB_9	367.3037
layer_10_TB_10	367.3037
layer_10_TB_11	365.4057
layer_10_TB_12	363.1957
layer_10_TB_13	364.8477
layer_10_TB_14	364.8477
layer_10_TB_15	363.1957
layer_11_B_48	362.5609
layer_11_B_49	364.2718
layer_11_B_50	364.2718
layer_11_B_51	362.5609
layer_11_B_52	364.3168
layer_11_B_53	366.2790
layer_11_B_54	366.2790
layer_11_B_55	364.3168
layer_11_B_56	364.1139
layer_11_B_57	366.0697
layer_11_B_58	366.0697
layer_11_B_59	364.1139
layer_11_B_60	361.8907
layer_11_B_61	363.5870
layer_11_B_62	363.5870
layer_11_B_63	361.8907
layer_12_TB_0	360.7646
layer_12_TB_1	362.5327
layer_12_TB_2	362.5327
layer_12_TB_3	360.7646
layer_12_TB_4	362.5825
layer_12_TB_5	364.6201
layer_12_TB_6	364.6201
layer_12_TB_7	362.5825
layer_12_TB_8	362.3856
layer_12_TB_9	364.4168
layer_12_TB_10	364.4168
layer_12_TB_11	362.3856
layer_12_TB_12	360.1300
layer_12_TB_13	361.8834
layer_12_TB_14	361.8834
layer_12_TB_15	360.1300
layer_13_B_64	358.9681
layer_13_B_65	360.7935
layer_13_B_66	360.7935
layer_13_B_67	358.9681
layer_13_B_68	360.8482
layer_13_B_69	362.9616
layer_13_B_70	362.9616
layer_13_B_71	360.8482
layer_13_B_72	360.6573
layer_13_B_73	362.7642
layer_13_B_74	362.7642
layer_13_B_75	360.6573
layer_13_B_76	358.3689
layer_13_B_77	360.1797
layer_13_B_78	360.1797
layer_13_B_79	358.3689
layer_14_TB_0	356.9084
layer_14_TB_1	358.8045
layer_14_TB_2	358.8045
layer_14_TB_3	356.9084
layer_14_TB_4	358.8707
layer_14_TB_5	361.0785
layer_14_TB_6	361.0785
layer_14_TB_7	358.8707
layer_14_TB_8	358.6831
layer_14_TB_9	360.8844
layer_14_TB_10	360.8844
layer_14_TB_11	358.6831
layer_14_TB_12	356.3409
layer_14_TB_13	358.2223
layer_14_TB_14	358.2223
layer_14_TB_15	356.3409
layer_15_B_80	354.8484
layer_15_B_81	356.8155
layer_15_B_82	356.8155
layer_15_B_83	354.8484
layer_15_B_84	356.8931
layer_15_B_85	359.1958
layer_15_B_86	359.1958
layer_15_B_87	356.8931
layer_15_B_88	356.7090
layer_15_B_89	359.0051
layer_15_B_90	359.0051
layer_15_B_91	356.7090
layer_15_B_92	354.3126
layer_15_B_93	356.2648
layer_15_B_94	356.2648
layer_15_B_95	354.3126
layer_16_TB_0	352.4843
layer_16_TB_1	354.5365
layer_16_TB_2	354.5365
layer_16_TB_3	352.4843
layer_16_TB_4	354.5769
layer_16_TB_5	356.9944
layer_16_TB_6	356.9944
layer_16_TB_7	354.5769
layer_16_TB_8	354.4289
layer_16_TB_9	356.8397
layer_16_TB_10	356.8397
layer_16_TB_11	354.4289
layer_16_TB_12	352.0040
layer_16_TB_13	354.0409
layer_16_TB_14	354.0409
layer_16_TB_15	352.0040
layer_17_B_96	350.1199
layer_17_B_97	352.2573
layer_17_B_98	352.2573
layer_17_B_99	350.1199
layer_17_B_100	352.2606
layer_17_B_101	354.7934
layer_17_B_102	354.7934
layer_17_B_103	352.2606
layer_17_B_104	352.1488
layer_17_B_105	354.6748
layer_17_B_106	354.6748
layer_17_B_107	352.1488
layer_17_B_108	349.6951
layer_17_B_109	351.8168
layer_17_B_110	351.8168
layer_17_B_111	349.6951
layer_18_TB_0	347.4552
layer_18_TB_1	349.6924
layer_18_TB_2	349.6924
layer_18_TB_3	347.4552
layer_18_TB_4	349.6836
layer_18_TB_5	352.3533
layer_18_TB_6	352.3533
layer_18_TB_7	349.6836
layer_18_TB_8	349.5916
layer_18_TB_9	352.2541
layer_18_TB_10	352.2541
layer_18_TB_11	349.5916
layer_18_TB_12	347.1008
layer_18_TB_13	349.3219
layer_18_TB_14	349.3219
layer_18_TB_15	347.1008
layer_19_B_112	344.7900
layer_19_B_113	347.1274
layer_19_B_114	347.1274
layer_19_B_115	344.7900
layer_19_B_116	347.1065
layer_19_B_117	349.9135
layer_19_B_118	349.9135
layer_19_B_119	347.1065
layer_19_B_120	347.0343
layer_19_B_121	349.8339
layer_19_B_122	349.8339
layer_19_B_123	347.0343
layer_19_B_124	344.5061
layer_19_B_125	346.8268
layer_19_B_126	346.8268
layer_19_B_127	344.5061
layer_20_TB_0	341.7107
layer_20_TB_1	344.1633
layer_20_TB_2	344.1633
layer_20_TB_3	341.7107
layer_20_TB_4	344.1427
layer_20_TB_5	347.1101
layer_20_TB_6	347.1101
layer_20_TB_7	344.1427
layer_20_TB_8	344.0810
layer_20_TB_9	347.0407
layer_20_TB_10	347.0407
layer_20_TB_11	344.0810
layer_20_TB_12	341.4966
layer_20_TB_13	343.9319
layer_20_TB_14	343.9319
layer_20_TB_15	341.4966
hsp_TB_0	337.5111
hsp_TB_1	340.1213
hsp_TB_2	340.1213
hsp_TB_3	337.5111
hsp_TB_4	340.1012
hsp_TB_5	343.2880
hsp_TB_6	343.2880
hsp_TB_7	340.1012
hsp_TB_8	340.0537
hsp_TB_9	343.2323
hsp_TB_10	343.2323
hsp_TB_11	340.0537
hsp_TB_12	337.3923
hsp_TB_13	339.9842
hsp_TB_14	339.9842
hsp_TB_15	337.3923
hsink_TB_0	324.4517
hsink_TB_1	324.5058
hsink_TB_2	324.5058
hsink_TB_3	324.4517
hsink_TB_4	324.5034
hsink_TB_5	324.5709
hsink_TB_6	324.5709
hsink_TB_7	324.5034
hsink_TB_8	324.5014
hsink_TB_9	324.5683
hsink_TB_10	324.5683
hsink_TB_11	324.5014
hsink_TB_12	324.4452
hsink_TB_13	324.4982
hsink_TB_14	324.4982
hsink_TB_15	324.4452
inode_0	324.4019
inode_1	324.4019
inode_2	324.3901
inode_3	324.4098
inode_4	324.2399
inode_5	324.2399
inode_6	324.2289
inode_7	324.2473
inode_8	323.1506
inode_9	323.1506
inode_10	323.1416
inode_11	323.1566
inode_12	365.0650
inode_13	365.0650
inode_14	364.9588
inode_15	365.1239
inode_16	364.9188
inode_17	364.9188
inode_18	364.8270
inode_19	364.9734
inode_20	358.0067
inode_21	358.0067
inode_22	357.9724
inode_23	358.0319
inode_24	342.3806
inode_25	342.3806
inode_26	342.3597
inode_27	342.3959
