pcb_LC_0	349.5753
pcb_LC_1	350.2064
pcb_LC_2	350.2064
pcb_LC_3	349.5753
pcb_LC_4	350.2021
pcb_LC_5	351.3360
pcb_LC_6	351.3360
pcb_LC_7	350.2021
pcb_LC_8	350.1995
pcb_LC_9	351.3313
pcb_LC_10	351.3313
pcb_LC_11	350.1995
pcb_LC_12	349.5681
pcb_LC_13	350.1954
pcb_LC_14	350.1954
pcb_LC_15	349.5681
solder_LC_0	353.8888
solder_LC_1	354.0881
solder_LC_2	354.0881
solder_LC_3	353.8888
solder_LC_4	354.0776
solder_LC_5	354.4556
solder_LC_6	354.4556
solder_LC_7	354.0776
solder_LC_8	354.0698
solder_LC_9	354.4433
solder_LC_10	354.4433
solder_LC_11	354.0698
solder_LC_12	353.8691
solder_LC_13	354.0601
solder_LC_14	354.0601
solder_LC_15	353.8691
sub_LC_0	355.5509
sub_LC_1	356.1604
sub_LC_2	356.1604
sub_LC_3	355.5509
sub_LC_4	356.1327
sub_LC_5	356.8936
sub_LC_6	356.8936
sub_LC_7	356.1327
sub_LC_8	356.1011
sub_LC_9	356.8586
sub_LC_10	356.8586
sub_LC_11	356.1011
sub_LC_12	355.4765
sub_LC_13	356.0788
sub_LC_14	356.0788
sub_LC_15	355.4765
layer_3_LC_0	357.0860
layer_3_LC_1	358.1852
layer_3_LC_2	358.1852
layer_3_LC_3	357.0860
layer_3_LC_4	358.1361
layer_3_LC_5	359.3761
layer_3_LC_6	359.3761
layer_3_LC_7	358.1361
layer_3_LC_8	358.0773
layer_3_LC_9	359.3158
layer_3_LC_10	359.3158
layer_3_LC_11	358.0773
layer_3_LC_12	356.9447
layer_3_LC_13	358.0405
layer_3_LC_14	358.0405
layer_3_LC_15	356.9447
layer_4_TB_0	356.8087
layer_4_TB_1	357.9173
layer_4_TB_2	357.9173
layer_4_TB_3	356.8087
layer_4_TB_4	357.8681
layer_4_TB_5	359.1193
layer_4_TB_6	359.1193
layer_4_TB_7	357.8681
layer_4_TB_8	357.8093
layer_4_TB_9	359.0589
layer_4_TB_10	359.0589
layer_4_TB_11	357.8093
layer_4_TB_12	356.6672
layer_4_TB_13	357.7725
layer_4_TB_14	357.7725
layer_4_TB_15	356.6672
layer_5_B_0	356.5312
layer_5_B_1	357.6494
layer_5_B_2	357.6494
layer_5_B_3	356.5312
layer_5_B_4	357.6001
layer_5_B_5	358.8626
layer_5_B_6	358.8626
layer_5_B_7	357.6001
layer_5_B_8	357.5412
layer_5_B_9	358.8022
layer_5_B_10	358.8022
layer_5_B_11	357.5412
layer_5_B_12	356.3895
layer_5_B_13	357.5045
layer_5_B_14	357.5045
layer_5_B_15	356.3895
layer_6_TB_0	356.0292
layer_6_TB_1	357.1659
layer_6_TB_2	357.1659
layer_6_TB_3	356.0292
layer_6_TB_4	357.1164
layer_6_TB_5	358.4019
layer_6_TB_6	358.4019
layer_6_TB_7	357.1164
layer_6_TB_8	357.0573
layer_6_TB_9	358.3414
layer_6_TB_10	358.3414
layer_6_TB_11	357.0573
layer_6_TB_12	355.8872
layer_6_TB_13	357.0206
layer_6_TB_14	357.0206
layer_6_TB_15	355.8872
layer_7_B_16	355.5269
layer_7_B_17	356.6824
layer_7_B_18	356.6824
layer_7_B_19	355.5269
layer_7_B_20	356.6326
layer_7_B_21	357.9414
layer_7_B_22	357.9414
layer_7_B_23	356.6326
layer_7_B_24	356.5734
layer_7_B_25	357.8808
layer_7_B_26	357.8808
layer_7_B_27	356.5734
layer_7_B_28	355.3846
layer_7_B_29	356.5368
layer_7_B_30	356.5368
layer_7_B_31	355.3846
layer_8_TB_0	354.8024
layer_8_TB_1	355.9856
layer_8_TB_2	355.9856
layer_8_TB_3	354.8024
layer_8_TB_4	355.9354
layer_8_TB_5	357.2797
layer_8_TB_6	357.2797
layer_8_TB_7	355.9354
layer_8_TB_8	355.8761
layer_8_TB_9	357.2189
layer_8_TB_10	357.2189
layer_8_TB_11	355.8761
layer_8_TB_12	354.6597
layer_8_TB_13	355.8396
layer_8_TB_14	355.8396
layer_8_TB_15	354.6597
layer_9_B_32	354.0776
layer_9_B_33	355.2887
layer_9_B_34	355.2887
layer_9_B_35	354.0776
layer_9_B_36	355.2383
layer_9_B_37	356.6182
layer_9_B_38	356.6182
layer_9_B_39	355.2383
layer_9_B_40	355.1788
layer_9_B_41	356.5573
layer_9_B_42	356.5573
layer_9_B_43	355.1788
layer_9_B_44	353.9345
layer_9_B_45	355.1424
layer_9_B_46	355.1424
layer_9_B_47	353.9345
layer_10_TB_0	353.1336
layer_10_TB_1	354.3821
layer_10_TB_2	354.3821
layer_10_TB_3	353.1336
layer_10_TB_4	354.3312
layer_10_TB_5	355.7593
layer_10_TB_6	355.7593
layer_10_TB_7	354.3312
layer_10_TB_8	354.2716
layer_10_TB_9	355.6982
layer_10_TB_10	355.6982
layer_10_TB_11	354.2716
layer_10_TB_12	352.9900
layer_10_TB_13	354.2352
layer_10_TB_14	354.2352
layer_10_TB_15	352.9900
layer_11_B_48	352.1894
layer_11_B_49	353.4755
layer_11_B_50	353.4755
layer_11_B_51	352.1894
layer_11_B_52	353.4241
layer_11_B_53	354.9008
layer_11_B_54	354.9008
layer_11_B_55	353.4241
layer_11_B_56	353.3643
layer_11_B_57	354.8395
layer_11_B_58	354.8395
layer_11_B_59	353.3643
layer_11_B_60	352.0453
layer_11_B_61	353.3280
layer_11_B_62	353.3280
layer_11_B_63	352.0453
layer_12_TB_0	350.8168
layer_12_TB_1	352.1502
layer_12_TB_2	352.1502
layer_12_TB_3	350.8168
layer_12_TB_4	352.1019
layer_12_TB_5	353.6405
layer_12_TB_6	353.6405
layer_12_TB_7	352.1019
layer_12_TB_8	352.0457
layer_12_TB_9	353.5827
layer_12_TB_10	353.5827
layer_12_TB_11	352.0457
layer_12_TB_12	350.6815
layer_12_TB_13	352.0115
layer_12_TB_14	352.0115
layer_12_TB_15	350.6815
layer_13_B_64	349.4439
layer_13_B_65	350.8249
layer_13_B_66	350.8249
layer_13_B_67	349.4439
layer_13_B_68	350.7798
layer_13_B_69	352.3806
layer_13_B_70	352.3806
layer_13_B_71	350.7798
layer_13_B_72	350.7270
layer_13_B_73	352.3263
layer_13_B_74	352.3263
layer_13_B_75	350.7270
layer_13_B_76	349.3174
layer_13_B_77	350.6949
layer_13_B_78	350.6949
layer_13_B_79	349.3174
layer_14_TB_0	347.8618
layer_14_TB_1	349.3005
layer_14_TB_2	349.3005
layer_14_TB_3	347.8618
layer_14_TB_4	349.2584
layer_14_TB_5	350.9357
layer_14_TB_6	350.9357
layer_14_TB_7	349.2584
layer_14_TB_8	349.2092
layer_14_TB_9	350.8849
layer_14_TB_10	350.8849
layer_14_TB_11	349.2092
layer_14_TB_12	347.7439
layer_14_TB_13	349.1791
layer_14_TB_14	349.1791
layer_14_TB_15	347.7439
layer_15_B_80	346.2794
layer_15_B_81	347.7762
layer_15_B_82	347.7762
layer_15_B_83	346.2794
layer_15_B_84	347.7370
layer_15_B_85	349.4912
layer_15_B_86	349.4912
layer_15_B_87	347.7370
layer_15_B_88	347.6913
layer_15_B_89	349.4438
layer_15_B_90	349.4438
layer_15_B_91	347.6913
layer_15_B_92	346.1702
layer_15_B_93	347.6633
layer_15_B_94	347.6633
layer_15_B_95	346.1702
layer_16_TB_0	344.4943
layer_16_TB_1	346.0599
layer_16_TB_2	346.0599
layer_16_TB_3	344.4943
layer_16_TB_4	346.0237
layer_16_TB_5	347.8701
layer_16_TB_6	347.8701
layer_16_TB_7	346.0237
layer_16_TB_8	345.9814
layer_16_TB_9	347.8260
layer_16_TB_10	347.8260
layer_16_TB_11	345.9814
layer_16_TB_12	344.3938
layer_16_TB_13	345.9554
layer_16_TB_14	345.9554
layer_16_TB_15	344.3938
layer_17_B_96	342.7090
layer_17_B_97	344.3436
layer_17_B_98	344.3436
layer_17_B_99	342.7090
layer_17_B_100	344.3103
layer_17_B_101	346.2492
layer_17_B_102	346.2492
layer_17_B_103	344.3103
layer_17_B_104	344.2714
layer_17_B_105	346.2085
layer_17_B_106	346.2085
layer_17_B_107	344.2714
layer_17_B_108	342.6170
layer_17_B_109	344.2475
layer_17_B_110	344.2475
layer_17_B_111	342.6170
layer_18_TB_0	340.7284
layer_18_TB_1	342.4432
layer_18_TB_2	342.4432
layer_18_TB_3	340.7284
layer_18_TB_4	342.4127
layer_18_TB_5	344.4609
layer_18_TB_6	344.4609
layer_18_TB_7	342.4127
layer_18_TB_8	342.3773
layer_18_TB_9	344.4235
layer_18_TB_10	344.4235
layer_18_TB_11	342.3773
layer_18_TB_12	340.6449
layer_18_TB_13	342.3555
layer_18_TB_14	342.3555
layer_18_TB_15	340.6449
layer_19_B_112	338.7475
layer_19_B_113	340.5428
layer_19_B_114	340.5428
layer_19_B_115	338.7475
layer_19_B_116	340.5151
layer_19_B_117	342.6729
layer_19_B_118	342.6729
layer_19_B_119	340.5151
layer_19_B_120	340.4831
layer_19_B_121	342.6388
layer_19_B_122	342.6388
layer_19_B_123	340.4831
layer_19_B_124	338.6725
layer_19_B_125	340.4634
layer_19_B_126	340.4634
layer_19_B_127	338.6725
layer_20_TB_0	336.3659
layer_20_TB_1	338.2535
layer_20_TB_2	338.2535
layer_20_TB_3	336.3659
layer_20_TB_4	338.2323
layer_20_TB_5	340.5177
layer_20_TB_6	340.5177
layer_20_TB_7	338.2323
layer_20_TB_8	338.2075
layer_20_TB_9	340.4906
layer_20_TB_10	340.4906
layer_20_TB_11	338.2075
layer_20_TB_12	336.3088
layer_20_TB_13	338.1917
layer_20_TB_14	338.1917
layer_20_TB_15	336.3088
hsp_TB_0	333.1180
hsp_TB_1	335.1317
hsp_TB_2	335.1317
hsp_TB_3	333.1180
hsp_TB_4	335.1193
hsp_TB_5	337.5792
hsp_TB_6	337.5792
hsp_TB_7	335.1193
hsp_TB_8	335.1043
hsp_TB_9	337.5617
hsp_TB_10	337.5617
hsp_TB_11	335.1043
hsp_TB_12	333.0852
hsp_TB_13	335.0939
hsp_TB_14	335.0939
hsp_TB_15	333.0852
hsink_TB_0	323.0281
hsink_TB_1	323.0698
hsink_TB_2	323.0698
hsink_TB_3	323.0281
hsink_TB_4	323.0691
hsink_TB_5	323.1212
hsink_TB_6	323.1212
hsink_TB_7	323.0691
hsink_TB_8	323.0685
hsink_TB_9	323.1206
hsink_TB_10	323.1206
hsink_TB_11	323.0685
hsink_TB_12	323.0263
hsink_TB_13	323.0678
hsink_TB_14	323.0678
hsink_TB_15	323.0263
inode_0	322.9905
inode_1	322.9905
inode_2	322.9879
inode_3	322.9933
inode_4	322.8652
inode_5	322.8652
inode_6	322.8627
inode_7	322.8677
inode_8	322.0217
inode_9	322.0217
inode_10	322.0198
inode_11	322.0238
inode_12	353.8597
inode_13	353.8597
inode_14	353.8452
inode_15	353.8751
inode_16	353.7481
inode_17	353.7481
inode_18	353.7351
inode_19	353.7616
inode_20	348.4861
inode_21	348.4861
inode_22	348.4808
inode_23	348.4916
inode_24	336.5927
inode_25	336.5927
inode_26	336.5894
inode_27	336.5960
