pcb_LC_0	347.7333
pcb_LC_1	348.3258
pcb_LC_2	348.3258
pcb_LC_3	347.7333
pcb_LC_4	348.3189
pcb_LC_5	349.3814
pcb_LC_6	349.3814
pcb_LC_7	348.3189
pcb_LC_8	348.3189
pcb_LC_9	349.3814
pcb_LC_10	349.3814
pcb_LC_11	348.3189
pcb_LC_12	347.7333
pcb_LC_13	348.3258
pcb_LC_14	348.3258
pcb_LC_15	347.7333
solder_LC_0	351.8009
solder_LC_1	351.9858
solder_LC_2	351.9858
solder_LC_3	351.8009
solder_LC_4	351.9504
solder_LC_5	352.2913
solder_LC_6	352.2913
solder_LC_7	351.9504
solder_LC_8	351.9504
solder_LC_9	352.2913
solder_LC_10	352.2913
solder_LC_11	351.9504
solder_LC_12	351.8009
solder_LC_13	351.9858
solder_LC_14	351.9858
solder_LC_15	351.8009
sub_LC_0	353.4421
sub_LC_1	354.0002
sub_LC_2	354.0002
sub_LC_3	353.4421
sub_LC_4	353.7748
sub_LC_5	354.4611
sub_LC_6	354.4611
sub_LC_7	353.7748
sub_LC_8	353.7748
sub_LC_9	354.4611
sub_LC_10	354.4611
sub_LC_11	353.7748
sub_LC_12	353.4421
sub_LC_13	354.0002
sub_LC_14	354.0002
sub_LC_15	353.4421
layer_3_LC_0	355.0256
layer_3_LC_1	356.0204
layer_3_LC_2	356.0204
layer_3_LC_3	355.0256
layer_3_LC_4	355.5008
layer_3_LC_5	356.6206
layer_3_LC_6	356.6206
layer_3_LC_7	355.5008
layer_3_LC_8	355.5008
layer_3_LC_9	356.6206
layer_3_LC_10	356.6206
layer_3_LC_11	355.5008
layer_3_LC_12	355.0256
layer_3_LC_13	356.0204
layer_3_LC_14	356.0204
layer_3_LC_15	355.0256
layer_4_TB_0	354.7667
layer_4_TB_1	355.7705
layer_4_TB_2	355.7705
layer_4_TB_3	354.7667
layer_4_TB_4	355.2438
layer_4_TB_5	356.3744
layer_4_TB_6	356.3744
layer_4_TB_7	355.2438
layer_4_TB_8	355.2438
layer_4_TB_9	356.3744
layer_4_TB_10	356.3744
layer_4_TB_11	355.2438
layer_4_TB_12	354.7667
layer_4_TB_13	355.7705
layer_4_TB_14	355.7705
layer_4_TB_15	354.7667
layer_5_B_0	354.5076
layer_5_B_1	355.5206
layer_5_B_2	355.5206
layer_5_B_3	354.5076
layer_5_B_4	354.9867
layer_5_B_5	356.1284
layer_5_B_6	356.1284
layer_5_B_7	354.9867
layer_5_B_8	354.9867
layer_5_B_9	356.1284
layer_5_B_10	356.1284
layer_5_B_11	354.9867
layer_5_B_12	354.5076
layer_5_B_13	355.5206
layer_5_B_14	355.5206
layer_5_B_15	354.5076
layer_6_TB_0	353.9940
layer_6_TB_1	355.0243
layer_6_TB_2	355.0243
layer_6_TB_3	353.9940
layer_6_TB_4	354.5168
layer_6_TB_5	355.6801
layer_6_TB_6	355.6801
layer_6_TB_7	354.5168
layer_6_TB_8	354.5168
layer_6_TB_9	355.6801
layer_6_TB_10	355.6801
layer_6_TB_11	354.5168
layer_6_TB_12	353.9940
layer_6_TB_13	355.0243
layer_6_TB_14	355.0243
layer_6_TB_15	353.9940
layer_7_B_16	353.4803
layer_7_B_17	354.5280
layer_7_B_18	354.5280
layer_7_B_19	353.4803
layer_7_B_20	354.0468
layer_7_B_21	355.2320
layer_7_B_22	355.2320
layer_7_B_23	354.0468
layer_7_B_24	354.0468
layer_7_B_25	355.2320
layer_7_B_26	355.2320
layer_7_B_27	354.0468
layer_7_B_28	353.4803
layer_7_B_29	354.5280
layer_7_B_30	354.5280
layer_7_B_31	353.4803
layer_8_TB_0	352.7139
layer_8_TB_1	353.7874
layer_8_TB_2	353.7874
layer_8_TB_3	352.7139
layer_8_TB_4	353.3271
layer_8_TB_5	354.5451
layer_8_TB_6	354.5451
layer_8_TB_7	353.3271
layer_8_TB_8	353.3271
layer_8_TB_9	354.5451
layer_8_TB_10	354.5451
layer_8_TB_11	353.3271
layer_8_TB_12	352.7139
layer_8_TB_13	353.7874
layer_8_TB_14	353.7874
layer_8_TB_15	352.7139
layer_9_B_32	351.9474
layer_9_B_33	353.0467
layer_9_B_34	353.0467
layer_9_B_35	351.9474
layer_9_B_36	352.6073
layer_9_B_37	353.8583
layer_9_B_38	353.8583
layer_9_B_39	352.6073
layer_9_B_40	352.6073
layer_9_B_41	353.8583
layer_9_B_42	353.8583
layer_9_B_43	352.6073
layer_9_B_44	351.9474
layer_9_B_45	353.0467
layer_9_B_46	353.0467
layer_9_B_47	351.9474
layer_10_TB_0	350.9313
layer_10_TB_1	352.0650
layer_10_TB_2	352.0650
layer_10_TB_3	350.9313
layer_10_TB_4	351.6415
layer_10_TB_5	352.9370
layer_10_TB_6	352.9370
layer_10_TB_7	351.6415
layer_10_TB_8	351.6415
layer_10_TB_9	352.9370
layer_10_TB_10	352.9370
layer_10_TB_11	351.6415
layer_10_TB_12	350.9313
layer_10_TB_13	352.0650
layer_10_TB_14	352.0650
layer_10_TB_15	350.9313
layer_11_B_48	349.9149
layer_11_B_49	351.0833
layer_11_B_50	351.0833
layer_11_B_51	349.9149
layer_11_B_52	350.6757
layer_11_B_53	352.0159
layer_11_B_54	352.0159
layer_11_B_55	350.6757
layer_11_B_56	350.6757
layer_11_B_57	352.0159
layer_11_B_58	352.0159
layer_11_B_59	350.6757
layer_11_B_60	349.9149
layer_11_B_61	351.0833
layer_11_B_62	351.0833
layer_11_B_63	349.9149
layer_12_TB_0	348.6531
layer_12_TB_1	349.8651
layer_12_TB_2	349.8651
layer_12_TB_3	348.6531
layer_12_TB_4	349.4687
layer_12_TB_5	350.8659
layer_12_TB_6	350.8659
layer_12_TB_7	349.4687
layer_12_TB_8	349.4687
layer_12_TB_9	350.8659
layer_12_TB_10	350.8659
layer_12_TB_11	349.4687
layer_12_TB_12	348.6531
layer_12_TB_13	349.8651
layer_12_TB_14	349.8651
layer_12_TB_15	348.6531
layer_13_B_64	347.3911
layer_13_B_65	348.6468
layer_13_B_66	348.6468
layer_13_B_67	347.3911
layer_13_B_68	348.2617
layer_13_B_69	349.7160
layer_13_B_70	349.7160
layer_13_B_71	348.2617
layer_13_B_72	348.2617
layer_13_B_73	349.7160
layer_13_B_74	349.7160
layer_13_B_75	348.2617
layer_13_B_76	347.3911
layer_13_B_77	348.6468
layer_13_B_78	348.6468
layer_13_B_79	347.3911
layer_14_TB_0	345.8889
layer_14_TB_1	347.1977
layer_14_TB_2	347.1977
layer_14_TB_3	345.8889
layer_14_TB_4	346.8589
layer_14_TB_5	348.3834
layer_14_TB_6	348.3834
layer_14_TB_7	346.8589
layer_14_TB_8	346.8589
layer_14_TB_9	348.3834
layer_14_TB_10	348.3834
layer_14_TB_11	346.8589
layer_14_TB_12	345.8889
layer_14_TB_13	347.1977
layer_14_TB_14	347.1977
layer_14_TB_15	345.8889
layer_15_B_80	344.3866
layer_15_B_81	345.7486
layer_15_B_82	345.7486
layer_15_B_83	344.3866
layer_15_B_84	345.4561
layer_15_B_85	347.0511
layer_15_B_86	347.0511
layer_15_B_87	345.4561
layer_15_B_88	345.4561
layer_15_B_89	347.0511
layer_15_B_90	347.0511
layer_15_B_91	345.4561
layer_15_B_92	344.3866
layer_15_B_93	345.7486
layer_15_B_94	345.7486
layer_15_B_95	344.3866
layer_16_TB_0	342.6495
layer_16_TB_1	344.0747
layer_16_TB_2	344.0747
layer_16_TB_3	342.6495
layer_16_TB_4	343.8250
layer_16_TB_5	345.5046
layer_16_TB_6	345.5046
layer_16_TB_7	343.8250
layer_16_TB_8	343.8250
layer_16_TB_9	345.5046
layer_16_TB_10	345.5046
layer_16_TB_11	343.8250
layer_16_TB_12	342.6495
layer_16_TB_13	344.0747
layer_16_TB_14	344.0747
layer_16_TB_15	342.6495
layer_17_B_96	340.9122
layer_17_B_97	342.4008
layer_17_B_98	342.4008
layer_17_B_99	340.9122
layer_17_B_100	342.1940
layer_17_B_101	343.9584
layer_17_B_102	343.9584
layer_17_B_103	342.1940
layer_17_B_104	342.1940
layer_17_B_105	343.9584
layer_17_B_106	343.9584
layer_17_B_107	342.1940
layer_17_B_108	340.9122
layer_17_B_109	342.4008
layer_17_B_110	342.4008
layer_17_B_111	340.9122
layer_18_TB_0	338.9468
layer_18_TB_1	340.5090
layer_18_TB_2	340.5090
layer_18_TB_3	338.9468
layer_18_TB_4	340.3428
layer_18_TB_5	342.2072
layer_18_TB_6	342.2072
layer_18_TB_7	340.3428
layer_18_TB_8	340.3428
layer_18_TB_9	342.2072
layer_18_TB_10	342.2072
layer_18_TB_11	340.3428
layer_18_TB_12	338.9468
layer_18_TB_13	340.5090
layer_18_TB_14	340.5090
layer_18_TB_15	338.9468
layer_19_B_112	336.9811
layer_19_B_113	338.6171
layer_19_B_114	338.6171
layer_19_B_115	336.9811
layer_19_B_116	338.4915
layer_19_B_117	340.4563
layer_19_B_118	340.4563
layer_19_B_119	338.4915
layer_19_B_120	338.4915
layer_19_B_121	340.4563
layer_19_B_122	340.4563
layer_19_B_123	338.4915
layer_19_B_124	336.9811
layer_19_B_125	338.6171
layer_19_B_126	338.6171
layer_19_B_127	336.9811
layer_20_TB_0	334.7946
layer_20_TB_1	336.5152
layer_20_TB_2	336.5152
layer_20_TB_3	334.7946
layer_20_TB_4	336.4287
layer_20_TB_5	338.5104
layer_20_TB_6	338.5104
layer_20_TB_7	336.4287
layer_20_TB_8	336.4287
layer_20_TB_9	338.5104
layer_20_TB_10	338.5104
layer_20_TB_11	336.4287
layer_20_TB_12	334.7946
layer_20_TB_13	336.5152
layer_20_TB_14	336.5152
layer_20_TB_15	334.7946
hsp_TB_0	331.8126
hsp_TB_1	333.6490
hsp_TB_2	333.6490
hsp_TB_3	331.8126
hsp_TB_4	333.6158
hsp_TB_5	335.8572
hsp_TB_6	335.8572
hsp_TB_7	333.6158
hsp_TB_8	333.6158
hsp_TB_9	335.8572
hsp_TB_10	335.8572
hsp_TB_11	333.6158
hsp_TB_12	331.8126
hsp_TB_13	333.6490
hsp_TB_14	333.6490
hsp_TB_15	331.8126
hsink_TB_0	322.6046
hsink_TB_1	322.6427
hsink_TB_2	322.6427
hsink_TB_3	322.6046
hsink_TB_4	322.6422
hsink_TB_5	322.6899
hsink_TB_6	322.6899
hsink_TB_7	322.6422
hsink_TB_8	322.6422
hsink_TB_9	322.6899
hsink_TB_10	322.6899
hsink_TB_11	322.6422
hsink_TB_12	322.6046
hsink_TB_13	322.6427
hsink_TB_14	322.6427
hsink_TB_15	322.6046
inode_0	322.5700
inode_1	322.5700
inode_2	322.5726
inode_3	322.5726
inode_4	322.4555
inode_5	322.4555
inode_6	322.4580
inode_7	322.4580
inode_8	321.6854
inode_9	321.6854
inode_10	321.6874
inode_11	321.6874
inode_12	351.7678
inode_13	351.7678
inode_14	351.8019
inode_15	351.8019
inode_16	351.6624
inode_17	351.6624
inode_18	351.6892
inode_19	351.6892
inode_20	346.7085
inode_21	346.7085
inode_22	346.7151
inode_23	346.7151
inode_24	335.5120
inode_25	335.5120
inode_26	335.5160
inode_27	335.5160
