pcb_LC_0	349.5201
pcb_LC_1	350.1523
pcb_LC_2	350.1523
pcb_LC_3	349.5201
pcb_LC_4	350.1431
pcb_LC_5	351.2760
pcb_LC_6	351.2760
pcb_LC_7	350.1431
pcb_LC_8	350.1371
pcb_LC_9	351.2655
pcb_LC_10	351.2655
pcb_LC_11	350.1371
pcb_LC_12	349.5039
pcb_LC_13	350.1278
pcb_LC_14	350.1278
pcb_LC_15	349.5039
solder_LC_0	353.8330
solder_LC_1	354.0369
solder_LC_2	354.0369
solder_LC_3	353.8330
solder_LC_4	354.0147
solder_LC_5	354.3949
solder_LC_6	354.3949
solder_LC_7	354.0147
solder_LC_8	353.9972
solder_LC_9	354.3672
solder_LC_10	354.3672
solder_LC_11	353.9972
solder_LC_12	353.7888
solder_LC_13	353.9743
solder_LC_14	353.9743
solder_LC_15	353.7888
sub_LC_0	355.5242
sub_LC_1	356.1363
sub_LC_2	356.1363
sub_LC_3	355.5242
sub_LC_4	356.0836
sub_LC_5	356.8448
sub_LC_6	356.8448
sub_LC_7	356.0836
sub_LC_8	356.0112
sub_LC_9	356.7646
sub_LC_10	356.7646
sub_LC_11	356.0112
sub_LC_12	355.3579
sub_LC_13	355.9542
sub_LC_14	355.9542
sub_LC_15	355.3579
layer_3_LC_0	357.0949
layer_3_LC_1	358.1927
layer_3_LC_2	358.1927
layer_3_LC_3	357.0949
layer_3_LC_4	358.1049
layer_3_LC_5	359.3422
layer_3_LC_6	359.3422
layer_3_LC_7	358.1049
layer_3_LC_8	357.9683
layer_3_LC_9	359.2024
layer_3_LC_10	359.2024
layer_3_LC_11	357.9683
layer_3_LC_12	356.7798
layer_3_LC_13	357.8706
layer_3_LC_14	357.8706
layer_3_LC_15	356.7798
layer_4_TB_0	356.8182
layer_4_TB_1	357.9253
layer_4_TB_2	357.9253
layer_4_TB_3	356.8182
layer_4_TB_4	357.8376
layer_4_TB_5	359.0859
layer_4_TB_6	359.0859
layer_4_TB_7	357.8376
layer_4_TB_8	357.7007
layer_4_TB_9	358.9460
layer_4_TB_10	358.9460
layer_4_TB_11	357.7007
layer_4_TB_12	356.5026
layer_4_TB_13	357.6029
layer_4_TB_14	357.6029
layer_4_TB_15	356.5026
layer_5_B_0	356.5412
layer_5_B_1	357.6579
layer_5_B_2	357.6579
layer_5_B_3	356.5412
layer_5_B_4	357.5702
layer_5_B_5	358.8299
layer_5_B_6	358.8299
layer_5_B_7	357.5702
layer_5_B_8	357.4331
layer_5_B_9	358.6897
layer_5_B_10	358.6897
layer_5_B_11	357.4331
layer_5_B_12	356.2252
layer_5_B_13	357.3352
layer_5_B_14	357.3352
layer_5_B_15	356.2252
layer_6_TB_0	356.0399
layer_6_TB_1	357.1751
layer_6_TB_2	357.1751
layer_6_TB_3	356.0399
layer_6_TB_4	357.0875
layer_6_TB_5	358.3702
layer_6_TB_6	358.3702
layer_6_TB_7	357.0875
layer_6_TB_8	356.9498
layer_6_TB_9	358.2295
layer_6_TB_10	358.2295
layer_6_TB_11	356.9498
layer_6_TB_12	355.7233
layer_6_TB_13	356.8518
layer_6_TB_14	356.8518
layer_6_TB_15	355.7233
layer_7_B_16	355.5384
layer_7_B_17	356.6922
layer_7_B_18	356.6922
layer_7_B_19	355.5384
layer_7_B_20	356.6047
layer_7_B_21	357.9107
layer_7_B_22	357.9107
layer_7_B_23	356.6047
layer_7_B_24	356.4665
layer_7_B_25	357.7695
layer_7_B_26	357.7695
layer_7_B_27	356.4665
layer_7_B_28	355.2212
layer_7_B_29	356.3684
layer_7_B_30	356.3684
layer_7_B_31	355.2212
layer_8_TB_0	354.8147
layer_8_TB_1	355.9962
layer_8_TB_2	355.9962
layer_8_TB_3	354.8147
layer_8_TB_4	355.9090
layer_8_TB_5	357.2502
layer_8_TB_6	357.2502
layer_8_TB_7	355.9090
layer_8_TB_8	355.7700
layer_8_TB_9	357.1083
layer_8_TB_10	357.1083
layer_8_TB_11	355.7700
layer_8_TB_12	354.4968
layer_8_TB_13	355.6717
layer_8_TB_14	355.6717
layer_8_TB_15	354.4968
layer_9_B_32	354.0909
layer_9_B_33	355.3003
layer_9_B_34	355.3003
layer_9_B_35	354.0909
layer_9_B_36	355.2132
layer_9_B_37	356.5900
layer_9_B_38	356.5900
layer_9_B_39	355.2132
layer_9_B_40	355.0734
layer_9_B_41	356.4473
layer_9_B_42	356.4473
layer_9_B_43	355.0734
layer_9_B_44	353.7721
layer_9_B_45	354.9750
layer_9_B_46	354.9750
layer_9_B_47	353.7721
layer_10_TB_0	353.1395
layer_10_TB_1	354.3862
layer_10_TB_2	354.3862
layer_10_TB_3	353.1395
layer_10_TB_4	354.2975
layer_10_TB_5	355.7224
layer_10_TB_6	355.7224
layer_10_TB_7	354.2975
layer_10_TB_8	354.1670
layer_10_TB_9	355.5890
layer_10_TB_10	355.5890
layer_10_TB_11	354.1670
layer_10_TB_12	352.8283
layer_10_TB_13	354.0684
layer_10_TB_14	354.0684
layer_10_TB_15	352.8283
layer_11_B_48	352.1879
layer_11_B_49	353.4721
layer_11_B_50	353.4721
layer_11_B_51	352.1879
layer_11_B_52	353.3817
layer_11_B_53	354.8551
layer_11_B_54	354.8551
layer_11_B_55	353.3817
layer_11_B_56	353.2606
layer_11_B_57	354.7310
layer_11_B_58	354.7310
layer_11_B_59	353.2606
layer_11_B_60	351.8842
layer_11_B_61	353.1617
layer_11_B_62	353.1617
layer_11_B_63	351.8842
layer_12_TB_0	350.8147
layer_12_TB_1	352.1461
layer_12_TB_2	352.1461
layer_12_TB_3	350.8147
layer_12_TB_4	352.0616
layer_12_TB_5	353.5968
layer_12_TB_6	353.5968
layer_12_TB_7	352.0616
layer_12_TB_8	351.9461
layer_12_TB_9	353.4782
layer_12_TB_10	353.4782
layer_12_TB_11	351.9461
layer_12_TB_12	350.5286
layer_12_TB_13	351.8532
layer_12_TB_14	351.8532
layer_12_TB_15	350.5286
layer_13_B_64	349.4413
layer_13_B_65	350.8202
layer_13_B_66	350.8202
layer_13_B_67	349.4413
layer_13_B_68	350.7414
layer_13_B_69	352.3386
layer_13_B_70	352.3386
layer_13_B_71	350.7414
layer_13_B_72	350.6314
layer_13_B_73	352.2255
layer_13_B_74	352.2255
layer_13_B_75	350.6314
layer_13_B_76	349.1728
layer_13_B_77	350.5448
layer_13_B_78	350.5448
layer_13_B_79	349.1728
layer_14_TB_0	347.8588
layer_14_TB_1	349.2954
layer_14_TB_2	349.2954
layer_14_TB_3	347.8588
layer_14_TB_4	349.2223
layer_14_TB_5	350.8959
layer_14_TB_6	350.8959
layer_14_TB_7	349.2223
layer_14_TB_8	349.1179
layer_14_TB_9	350.7882
layer_14_TB_10	350.7882
layer_14_TB_11	349.1179
layer_14_TB_12	347.6077
layer_14_TB_13	349.0371
layer_14_TB_14	349.0371
layer_14_TB_15	347.6077
layer_15_B_80	346.2761
layer_15_B_81	347.7706
layer_15_B_82	347.7706
layer_15_B_83	346.2761
layer_15_B_84	347.7031
layer_15_B_85	349.4534
layer_15_B_86	349.4534
layer_15_B_87	347.7031
layer_15_B_88	347.6043
layer_15_B_89	349.3511
layer_15_B_90	349.3511
layer_15_B_91	347.6043
layer_15_B_92	346.0423
layer_15_B_93	347.5294
layer_15_B_94	347.5294
layer_15_B_95	346.0423
layer_16_TB_0	344.4908
layer_16_TB_1	346.0540
layer_16_TB_2	346.0540
layer_16_TB_3	344.4908
layer_16_TB_4	345.9922
layer_16_TB_5	347.8345
layer_16_TB_6	347.8345
layer_16_TB_7	345.9922
layer_16_TB_8	345.8988
layer_16_TB_9	347.7376
layer_16_TB_10	347.7376
layer_16_TB_11	345.8988
layer_16_TB_12	344.2743
layer_16_TB_13	345.8297
layer_16_TB_14	345.8297
layer_16_TB_15	344.2743
layer_17_B_96	342.7054
layer_17_B_97	344.3374
layer_17_B_98	344.3374
layer_17_B_99	342.7054
layer_17_B_100	344.2813
layer_17_B_101	346.2160
layer_17_B_102	346.2160
layer_17_B_103	344.2813
layer_17_B_104	344.1933
layer_17_B_105	346.1243
layer_17_B_106	346.1243
layer_17_B_107	344.1933
layer_17_B_108	342.5059
layer_17_B_109	344.1300
layer_17_B_110	344.1300
layer_17_B_111	342.5059
layer_18_TB_0	340.7162
layer_18_TB_1	342.4285
layer_18_TB_2	342.4285
layer_18_TB_3	340.7162
layer_18_TB_4	342.3761
layer_18_TB_5	344.4198
layer_18_TB_6	344.4198
layer_18_TB_7	342.3761
layer_18_TB_8	342.3037
layer_18_TB_9	344.3435
layer_18_TB_10	344.3435
layer_18_TB_11	342.3037
layer_18_TB_12	340.5423
layer_18_TB_13	342.2462
layer_18_TB_14	342.2462
layer_18_TB_15	340.5423
layer_19_B_112	338.7268
layer_19_B_113	340.5195
layer_19_B_114	340.5195
layer_19_B_115	338.7268
layer_19_B_116	340.4708
layer_19_B_117	342.6239
layer_19_B_118	342.6239
layer_19_B_119	340.4708
layer_19_B_120	340.4140
layer_19_B_121	342.5631
layer_19_B_122	342.5631
layer_19_B_123	340.4140
layer_19_B_124	338.5784
layer_19_B_125	340.3623
layer_19_B_126	340.3623
layer_19_B_127	338.5784
layer_20_TB_0	336.3436
layer_20_TB_1	338.2284
layer_20_TB_2	338.2284
layer_20_TB_3	336.3436
layer_20_TB_4	338.1909
layer_20_TB_5	340.4713
layer_20_TB_6	340.4713
layer_20_TB_7	338.1909
layer_20_TB_8	338.1460
layer_20_TB_9	340.4221
layer_20_TB_10	340.4221
layer_20_TB_11	338.1460
layer_20_TB_12	336.2308
layer_20_TB_13	338.1064
layer_20_TB_14	338.1064
layer_20_TB_15	336.2308
hsp_TB_0	333.0933
hsp_TB_1	335.1041
hsp_TB_2	335.1041
hsp_TB_3	333.0933
hsp_TB_4	335.0818
hsp_TB_5	337.5363
hsp_TB_6	337.5363
hsp_TB_7	335.0818
hsp_TB_8	335.0532
hsp_TB_9	337.5031
hsp_TB_10	337.5031
hsp_TB_11	335.0532
hsp_TB_12	333.0291
hsp_TB_13	335.0301
hsp_TB_14	335.0301
hsp_TB_15	333.0291
hsink_TB_0	323.0159
hsink_TB_1	323.0576
hsink_TB_2	323.0576
hsink_TB_3	323.0159
hsink_TB_4	323.0562
hsink_TB_5	323.1083
hsink_TB_6	323.1083
hsink_TB_7	323.0562
hsink_TB_8	323.0551
hsink_TB_9	323.1069
hsink_TB_10	323.1069
hsink_TB_11	323.0551
hsink_TB_12	323.0124
hsink_TB_13	323.0536
hsink_TB_14	323.0536
hsink_TB_15	323.0124
inode_0	322.9776
inode_1	322.9776
inode_2	322.9723
inode_3	322.9829
inode_4	322.8526
inode_5	322.8526
inode_6	322.8477
inode_7	322.8574
inode_8	322.0114
inode_9	322.0114
inode_10	322.0074
inode_11	322.0154
inode_12	353.7921
inode_13	353.7921
inode_14	353.7583
inode_15	353.8251
inode_16	353.6806
inode_17	353.6806
inode_18	353.6507
inode_19	353.7100
inode_20	348.4286
inode_21	348.4286
inode_22	348.4164
inode_23	348.4406
inode_24	336.5577
inode_25	336.5577
inode_26	336.5503
inode_27	336.5650
